Archive member included because of file (symbol)

c:/program files (x86)/codesourcery/sourcery_codebench_lite_for_arm_eabi/bin/../lib/gcc/arm-none-eabi/4.6.3/../../../../arm-none-eabi/lib/thumb2\libc.a(lib_a-init.o)
                              ./startup_src/startup_stm32f4xx.o (__libc_init_array)

Allocating common symbols
Common symbol       size              file

GPIO_InitStructure  0x8               ./src/main.o
NVIC_InitStructure  0x4               ./src/stm32f4_discovery.o

Discarded input sections

 .text          0x00000000        0x0 c:/program files (x86)/codesourcery/sourcery_codebench_lite_for_arm_eabi/bin/../lib/gcc/arm-none-eabi/4.6.3/thumb2/crti.o
 .data          0x00000000        0x0 c:/program files (x86)/codesourcery/sourcery_codebench_lite_for_arm_eabi/bin/../lib/gcc/arm-none-eabi/4.6.3/thumb2/crti.o
 .bss           0x00000000        0x0 c:/program files (x86)/codesourcery/sourcery_codebench_lite_for_arm_eabi/bin/../lib/gcc/arm-none-eabi/4.6.3/thumb2/crti.o
 .data          0x00000000        0x4 c:/program files (x86)/codesourcery/sourcery_codebench_lite_for_arm_eabi/bin/../lib/gcc/arm-none-eabi/4.6.3/thumb2/crtbegin.o
 .text          0x00000000       0x14 ./startup_src/startup_stm32f4xx.o
 .data          0x00000000        0x0 ./startup_src/startup_stm32f4xx.o
 .bss           0x00000000        0x0 ./startup_src/startup_stm32f4xx.o
 .text          0x00000000        0x0 ./src/main.o
 .data          0x00000000        0x0 ./src/main.o
 .bss           0x00000000        0x0 ./src/main.o
 COMMON         0x00000000        0x8 ./src/main.o
 .text          0x00000000        0x0 ./src/stm32f4_discovery.o
 .data          0x00000000        0x0 ./src/stm32f4_discovery.o
 .bss           0x00000000        0x0 ./src/stm32f4_discovery.o
 .data.GPIO_PORT
                0x00000000       0x10 ./src/stm32f4_discovery.o
 .rodata.GPIO_PIN
                0x00000000        0x8 ./src/stm32f4_discovery.o
 .rodata.GPIO_CLK
                0x00000000       0x10 ./src/stm32f4_discovery.o
 .data.BUTTON_PORT
                0x00000000        0x4 ./src/stm32f4_discovery.o
 .rodata.BUTTON_PIN
                0x00000000        0x4 ./src/stm32f4_discovery.o
 .rodata.BUTTON_CLK
                0x00000000        0x4 ./src/stm32f4_discovery.o
 .rodata.BUTTON_EXTI_LINE
                0x00000000        0x4 ./src/stm32f4_discovery.o
 .rodata.BUTTON_PORT_SOURCE
                0x00000000        0x4 ./src/stm32f4_discovery.o
 .rodata.BUTTON_PIN_SOURCE
                0x00000000        0x4 ./src/stm32f4_discovery.o
 .rodata.BUTTON_IRQn
                0x00000000        0x4 ./src/stm32f4_discovery.o
 .text.STM_EVAL_LEDInit
                0x00000000       0x6c ./src/stm32f4_discovery.o
 .text.STM_EVAL_LEDOn
                0x00000000       0x34 ./src/stm32f4_discovery.o
 .text.STM_EVAL_LEDOff
                0x00000000       0x34 ./src/stm32f4_discovery.o
 .text.STM_EVAL_LEDToggle
                0x00000000       0x44 ./src/stm32f4_discovery.o
 .text.STM_EVAL_PBInit
                0x00000000       0xec ./src/stm32f4_discovery.o
 .text.STM_EVAL_PBGetState
                0x00000000       0x3c ./src/stm32f4_discovery.o
 .debug_info    0x00000000      0x8b1 ./src/stm32f4_discovery.o
 .debug_abbrev  0x00000000      0x167 ./src/stm32f4_discovery.o
 .debug_loc     0x00000000      0x150 ./src/stm32f4_discovery.o
 .debug_aranges
                0x00000000       0x48 ./src/stm32f4_discovery.o
 .debug_ranges  0x00000000       0x38 ./src/stm32f4_discovery.o
 .debug_line    0x00000000      0x326 ./src/stm32f4_discovery.o
 .debug_str     0x00000000      0xabd ./src/stm32f4_discovery.o
 .comment       0x00000000       0x31 ./src/stm32f4_discovery.o
 .ARM.attributes
                0x00000000       0x33 ./src/stm32f4_discovery.o
 .debug_frame   0x00000000       0xc4 ./src/stm32f4_discovery.o
 COMMON         0x00000000        0x4 ./src/stm32f4_discovery.o
 .text          0x00000000        0x0 ./src/stm32f4xx_it.o
 .data          0x00000000        0x0 ./src/stm32f4xx_it.o
 .bss           0x00000000        0x0 ./src/stm32f4xx_it.o
 .text          0x00000000        0x0 ./src/system_stm32f4xx.o
 .data          0x00000000        0x0 ./src/system_stm32f4xx.o
 .bss           0x00000000        0x0 ./src/system_stm32f4xx.o
 .data.SystemCoreClock
                0x00000000        0x4 ./src/system_stm32f4xx.o
 .data.AHBPrescTable
                0x00000000       0x10 ./src/system_stm32f4xx.o
 .text.SystemCoreClockUpdate
                0x00000000      0x170 ./src/system_stm32f4xx.o
 .text          0x00000000        0x0 ./Libraries/STM32F4xx_StdPeriph_Driver/src/misc.o
 .data          0x00000000        0x0 ./Libraries/STM32F4xx_StdPeriph_Driver/src/misc.o
 .bss           0x00000000        0x0 ./Libraries/STM32F4xx_StdPeriph_Driver/src/misc.o
 .text.NVIC_PriorityGroupConfig
                0x00000000       0x28 ./Libraries/STM32F4xx_StdPeriph_Driver/src/misc.o
[...]
Memory Configuration

Name             Origin             Length             Attributes
FLASH            0x08000000         0x00100000         xr
RAM              0x20000000         0x00020000         xrw
MEMORY_B1        0x60000000         0x00000000         xr
*default*        0x00000000         0xffffffff

Linker script and memory map

LOAD c:/program files (x86)/codesourcery/sourcery_codebench_lite_for_arm_eabi/bin/../lib/gcc/arm-none-eabi/4.6.3/thumb2/crti.o
LOAD c:/program files (x86)/codesourcery/sourcery_codebench_lite_for_arm_eabi/bin/../lib/gcc/arm-none-eabi/4.6.3/thumb2/crtbegin.o
LOAD ./startup_src/startup_stm32f4xx.o
LOAD ./src/main.o
LOAD ./src/stm32f4_discovery.o
LOAD ./src/stm32f4xx_it.o
LOAD ./src/system_stm32f4xx.o
LOAD ./Libraries/STM32F4xx_StdPeriph_Driver/src/misc.o
LOAD ./Libraries/STM32F4xx_StdPeriph_Driver/src/stm32f4xx_adc.o
LOAD ./Libraries/STM32F4xx_StdPeriph_Driver/src/stm32f4xx_can.o
LOAD ./Libraries/STM32F4xx_StdPeriph_Driver/src/stm32f4xx_crc.o
LOAD ./Libraries/STM32F4xx_StdPeriph_Driver/src/stm32f4xx_cryp.o
LOAD ./Libraries/STM32F4xx_StdPeriph_Driver/src/stm32f4xx_cryp_aes.o
LOAD ./Libraries/STM32F4xx_StdPeriph_Driver/src/stm32f4xx_cryp_des.o
LOAD ./Libraries/STM32F4xx_StdPeriph_Driver/src/stm32f4xx_cryp_tdes.o
LOAD ./Libraries/STM32F4xx_StdPeriph_Driver/src/stm32f4xx_dac.o
LOAD ./Libraries/STM32F4xx_StdPeriph_Driver/src/stm32f4xx_dbgmcu.o
LOAD ./Libraries/STM32F4xx_StdPeriph_Driver/src/stm32f4xx_dcmi.o
LOAD ./Libraries/STM32F4xx_StdPeriph_Driver/src/stm32f4xx_dma.o
LOAD ./Libraries/STM32F4xx_StdPeriph_Driver/src/stm32f4xx_exti.o
LOAD ./Libraries/STM32F4xx_StdPeriph_Driver/src/stm32f4xx_flash.o
LOAD ./Libraries/STM32F4xx_StdPeriph_Driver/src/stm32f4xx_fsmc.o
LOAD ./Libraries/STM32F4xx_StdPeriph_Driver/src/stm32f4xx_gpio.o
LOAD ./Libraries/STM32F4xx_StdPeriph_Driver/src/stm32f4xx_hash.o
LOAD ./Libraries/STM32F4xx_StdPeriph_Driver/src/stm32f4xx_hash_md5.o
LOAD ./Libraries/STM32F4xx_StdPeriph_Driver/src/stm32f4xx_hash_sha1.o
LOAD ./Libraries/STM32F4xx_StdPeriph_Driver/src/stm32f4xx_i2c.o
LOAD ./Libraries/STM32F4xx_StdPeriph_Driver/src/stm32f4xx_iwdg.o
LOAD ./Libraries/STM32F4xx_StdPeriph_Driver/src/stm32f4xx_pwr.o
LOAD ./Libraries/STM32F4xx_StdPeriph_Driver/src/stm32f4xx_rcc.o
LOAD ./Libraries/STM32F4xx_StdPeriph_Driver/src/stm32f4xx_rng.o
LOAD ./Libraries/STM32F4xx_StdPeriph_Driver/src/stm32f4xx_rtc.o
LOAD ./Libraries/STM32F4xx_StdPeriph_Driver/src/stm32f4xx_sdio.o
LOAD ./Libraries/STM32F4xx_StdPeriph_Driver/src/stm32f4xx_spi.o
LOAD ./Libraries/STM32F4xx_StdPeriph_Driver/src/stm32f4xx_syscfg.o
LOAD ./Libraries/STM32F4xx_StdPeriph_Driver/src/stm32f4xx_tim.o
LOAD ./Libraries/STM32F4xx_StdPeriph_Driver/src/stm32f4xx_usart.o
LOAD ./Libraries/STM32F4xx_StdPeriph_Driver/src/stm32f4xx_wwdg.o
START GROUP
LOAD c:/program files (x86)/codesourcery/sourcery_codebench_lite_for_arm_eabi/bin/../lib/gcc/arm-none-eabi/4.6.3/thumb2\libgcc.a
LOAD c:/program files (x86)/codesourcery/sourcery_codebench_lite_for_arm_eabi/bin/../lib/gcc/arm-none-eabi/4.6.3/../../../../arm-none-eabi/lib/thumb2\libc.a
END GROUP
LOAD c:/program files (x86)/codesourcery/sourcery_codebench_lite_for_arm_eabi/bin/../lib/gcc/arm-none-eabi/4.6.3/thumb2/crtend.o
LOAD c:/program files (x86)/codesourcery/sourcery_codebench_lite_for_arm_eabi/bin/../lib/gcc/arm-none-eabi/4.6.3/thumb2/crtn.o
                0x20020000                _estack = 0x20020000
                0x00000000                _Min_Heap_Size = 0x0
                0x00000400                _Min_Stack_Size = 0x400

.isr_vector     0x08000000      0x188
                0x08000000                . = ALIGN (0x4)
 *(.isr_vector)
 .isr_vector    0x08000000      0x188 ./startup_src/startup_stm32f4xx.o
                0x08000000                g_pfnVectors
                0x08000188                . = ALIGN (0x4)

.text           0x08000188      0x634
                0x08000188                . = ALIGN (0x4)
 *(.text)
 .text          0x08000188       0x68 c:/program files (x86)/codesourcery/sourcery_codebench_lite_for_arm_eabi/bin/../lib/gcc/arm-none-eabi/4.6.3/thumb2/crtbegin.o
 .text          0x080001f0       0x50 c:/program files (x86)/codesourcery/sourcery_codebench_lite_for_arm_eabi/bin/../lib/gcc/arm-none-eabi/4.6.3/../../../../arm-none-eabi/lib/thumb2\libc.a(lib_a-init.o)
                0x080001f0                __libc_init_array
 *(.text*)
 .text.Reset_Handler
                0x08000240       0x60 ./startup_src/startup_stm32f4xx.o
                0x08000240                Reset_Handler
 .text.Default_Handler
                0x080002a0        0x4 ./startup_src/startup_stm32f4xx.o
                0x080002a0                RTC_Alarm_IRQHandler
                0x080002a0                HASH_RNG_IRQHandler
                0x080002a0                EXTI2_IRQHandler
                0x080002a0                TIM8_CC_IRQHandler
                0x080002a0                TIM1_CC_IRQHandler
                0x080002a0                DMA2_Stream5_IRQHandler
                0x080002a0                DMA1_Stream5_IRQHandler
                0x080002a0                PVD_IRQHandler
                0x080002a0                SDIO_IRQHandler
                0x080002a0                TAMP_STAMP_IRQHandler
                0x080002a0                CAN2_RX1_IRQHandler
                0x080002a0                EXTI3_IRQHandler
                0x080002a0                TIM8_TRG_COM_TIM14_IRQHandler
                0x080002a0                TIM1_UP_TIM10_IRQHandler
                0x080002a0                TIM8_UP_TIM13_IRQHandler
                0x080002a0                I2C3_ER_IRQHandler
                0x080002a0                EXTI0_IRQHandler
                0x080002a0                I2C2_EV_IRQHandler
                0x080002a0                DMA1_Stream2_IRQHandler
                0x080002a0                CAN1_RX0_IRQHandler
                0x080002a0                FPU_IRQHandler
                0x080002a0                OTG_HS_WKUP_IRQHandler
                0x080002a0                CAN2_SCE_IRQHandler
                0x080002a0                DMA2_Stream2_IRQHandler
                0x080002a0                SPI1_IRQHandler
                0x080002a0                TIM6_DAC_IRQHandler
                0x080002a0                TIM1_BRK_TIM9_IRQHandler
                0x080002a0                DCMI_IRQHandler
                0x080002a0                CAN2_RX0_IRQHandler
                0x080002a0                DMA2_Stream3_IRQHandler
                0x080002a0                USART6_IRQHandler
                0x080002a0                USART3_IRQHandler
                0x080002a0                CRYP_IRQHandler
                0x080002a0                CAN1_RX1_IRQHandler
                0x080002a0                UART5_IRQHandler
                0x080002a0                DMA2_Stream0_IRQHandler
                0x080002a0                TIM4_IRQHandler
                0x080002a0                I2C1_EV_IRQHandler
                0x080002a0                DMA1_Stream6_IRQHandler
                0x080002a0                DMA1_Stream1_IRQHandler
                0x080002a0                UART4_IRQHandler
                0x080002a0                TIM3_IRQHandler
                0x080002a0                RCC_IRQHandler
                0x080002a0                TIM8_BRK_TIM12_IRQHandler
                0x080002a0                Default_Handler
                0x080002a0                EXTI15_10_IRQHandler
                0x080002a0                ADC_IRQHandler
                0x080002a0                DMA1_Stream7_IRQHandler
                0x080002a0                TIM7_IRQHandler
                0x080002a0                CAN2_TX_IRQHandler
                0x080002a0                TIM5_IRQHandler
                0x080002a0                DMA2_Stream7_IRQHandler
                0x080002a0                I2C3_EV_IRQHandler
                0x080002a0                EXTI9_5_IRQHandler
                0x080002a0                RTC_WKUP_IRQHandler
                0x080002a0                ETH_WKUP_IRQHandler
                0x080002a0                SPI2_IRQHandler
                0x080002a0                OTG_HS_EP1_IN_IRQHandler
                0x080002a0                DMA1_Stream0_IRQHandler
                0x080002a0                CAN1_TX_IRQHandler
                0x080002a0                EXTI4_IRQHandler
                0x080002a0                FSMC_IRQHandler
                0x080002a0                ETH_IRQHandler
                0x080002a0                OTG_HS_EP1_OUT_IRQHandler
                0x080002a0                WWDG_IRQHandler
                0x080002a0                TIM2_IRQHandler
                0x080002a0                OTG_FS_WKUP_IRQHandler
                0x080002a0                TIM1_TRG_COM_TIM11_IRQHandler
                0x080002a0                OTG_HS_IRQHandler
                0x080002a0                EXTI1_IRQHandler
                0x080002a0                USART2_IRQHandler
                0x080002a0                I2C2_ER_IRQHandler
                0x080002a0                DMA2_Stream1_IRQHandler
                0x080002a0                CAN1_SCE_IRQHandler
                0x080002a0                FLASH_IRQHandler
                0x080002a0                DMA2_Stream4_IRQHandler
                0x080002a0                USART1_IRQHandler
                0x080002a0                OTG_FS_IRQHandler
                0x080002a0                SPI3_IRQHandler
                0x080002a0                DMA1_Stream4_IRQHandler
                0x080002a0                I2C1_ER_IRQHandler
                0x080002a0                DMA2_Stream6_IRQHandler
                0x080002a0                DMA1_Stream3_IRQHandler
 .text.Delaynus
                0x080002a4       0x40 ./src/main.o
                0x080002a4                Delaynus
 .text.LED_Config
                0x080002e4       0x58 ./src/main.o
                0x080002e4                LED_Config
 .text.main     0x0800033c       0x3c ./src/main.o
                0x0800033c                main
 .text.NMI_Handler
                0x08000378        0xc ./src/stm32f4xx_it.o
                0x08000378                NMI_Handler
 .text.HardFault_Handler
                0x08000384        0x8 ./src/stm32f4xx_it.o
                0x08000384                HardFault_Handler
 .text.MemManage_Handler
                0x0800038c        0x8 ./src/stm32f4xx_it.o
                0x0800038c                MemManage_Handler
 .text.BusFault_Handler
                0x08000394        0x8 ./src/stm32f4xx_it.o
                0x08000394                BusFault_Handler
 .text.UsageFault_Handler
                0x0800039c        0x8 ./src/stm32f4xx_it.o
                0x0800039c                UsageFault_Handler
 .text.SVC_Handler
                0x080003a4        0xc ./src/stm32f4xx_it.o
                0x080003a4                SVC_Handler
 .text.DebugMon_Handler
                0x080003b0        0xc ./src/stm32f4xx_it.o
                0x080003b0                DebugMon_Handler
 .text.PendSV_Handler
                0x080003bc        0xc ./src/stm32f4xx_it.o
                0x080003bc                PendSV_Handler
 .text.SysTick_Handler
                0x080003c8        0xc ./src/stm32f4xx_it.o
                0x080003c8                SysTick_Handler
 .text.SystemInit
                0x080003d4       0x94 ./src/system_stm32f4xx.o
                0x080003d4                SystemInit
 .text.SetSysClock
                0x08000468      0x188 ./src/system_stm32f4xx.o
 .text.GPIO_Init
                0x080005f0      0x144 ./Libraries/STM32F4xx_StdPeriph_Driver/src/stm32f4xx_gpio.o
                0x080005f0                GPIO_Init
 .text.GPIO_Write
                0x08000734       0x1c ./Libraries/STM32F4xx_StdPeriph_Driver/src/stm32f4xx_gpio.o
                0x08000734                GPIO_Write
 .text.RCC_AHB1PeriphClockCmd
                0x08000750       0x54 ./Libraries/STM32F4xx_StdPeriph_Driver/src/stm32f4xx_rcc.o
                0x08000750                RCC_AHB1PeriphClockCmd
 *(.rodata)
 *(.rodata*)
 *(.glue_7)
 .glue_7        0x00000000        0x0 linker stubs
 *(.glue_7t)
 .glue_7t       0x00000000        0x0 linker stubs
 *(.eh_frame)
 .eh_frame      0x080007a4        0x0 c:/program files (x86)/codesourcery/sourcery_codebench_lite_for_arm_eabi/bin/../lib/gcc/arm-none-eabi/4.6.3/thumb2/crtbegin.o
 *(.init)
 .init          0x080007a4        0x4 c:/program files (x86)/codesourcery/sourcery_codebench_lite_for_arm_eabi/bin/../lib/gcc/arm-none-eabi/4.6.3/thumb2/crti.o
                0x080007a4                _init
 .init          0x080007a8        0x8 c:/program files (x86)/codesourcery/sourcery_codebench_lite_for_arm_eabi/bin/../lib/gcc/arm-none-eabi/4.6.3/thumb2/crtn.o
 *(.fini)
 .fini          0x080007b0        0x4 c:/program files (x86)/codesourcery/sourcery_codebench_lite_for_arm_eabi/bin/../lib/gcc/arm-none-eabi/4.6.3/thumb2/crti.o
                0x080007b0                _fini
 .fini          0x080007b4        0x8 c:/program files (x86)/codesourcery/sourcery_codebench_lite_for_arm_eabi/bin/../lib/gcc/arm-none-eabi/4.6.3/thumb2/crtn.o
                0x080007bc                . = ALIGN (0x4)
                0x080007bc                _etext = .

.vfp11_veneer   0x080007bc        0x0
 .vfp11_veneer  0x00000000        0x0 linker stubs

.v4_bx          0x080007bc        0x0
 .v4_bx         0x00000000        0x0 linker stubs

.iplt           0x080007bc        0x0
 .iplt          0x00000000        0x0 c:/program files (x86)/codesourcery/sourcery_codebench_lite_for_arm_eabi/bin/../lib/gcc/arm-none-eabi/4.6.3/thumb2/crtbegin.o

.rel.dyn        0x080007bc        0x0
 .rel.iplt      0x00000000        0x0 c:/program files (x86)/codesourcery/sourcery_codebench_lite_for_arm_eabi/bin/../lib/gcc/arm-none-eabi/4.6.3/thumb2/crtbegin.o

.ARM.extab
 *(.ARM.extab* .gnu.linkonce.armextab.*)

.ARM            0x080007bc        0x0
                0x080007bc                __exidx_start = .
 *(.ARM.exidx*)
                0x080007bc                __exidx_end = .

.preinit_array  0x080007bc        0x0
                0x080007bc                PROVIDE (__preinit_array_start, .)
 *(.preinit_array*)
                0x080007bc                PROVIDE (__preinit_array_end, .)

.init_array     0x080007bc        0x4
                0x080007bc                PROVIDE (__init_array_start, .)
 *(SORT(.init_array.*))
 *(.init_array*)
 .init_array    0x080007bc        0x4 c:/program files (x86)/codesourcery/sourcery_codebench_lite_for_arm_eabi/bin/../lib/gcc/arm-none-eabi/4.6.3/thumb2/crtbegin.o
                0x080007c0                PROVIDE (__init_array_end, .)

.fini_array     0x080007c0        0x4
                0x080007c0                PROVIDE (__fini_array_start, .)
 *(.fini_array*)
 .fini_array    0x080007c0        0x4 c:/program files (x86)/codesourcery/sourcery_codebench_lite_for_arm_eabi/bin/../lib/gcc/arm-none-eabi/4.6.3/thumb2/crtbegin.o
 *(SORT(.fini_array.*))
                0x080007c4                PROVIDE (__fini_array_end, .)
                0x080007c4                _sidata = .

.data           0x20000000        0x0 load address 0x080007c4
                0x20000000                . = ALIGN (0x4)
                0x20000000                _sdata = .
 *(.data)
 *(.data*)
                0x20000000                . = ALIGN (0x4)
                0x20000000                _edata = .

.jcr            0x20000000        0x0 load address 0x080007c4
 .jcr           0x20000000        0x0 c:/program files (x86)/codesourcery/sourcery_codebench_lite_for_arm_eabi/bin/../lib/gcc/arm-none-eabi/4.6.3/thumb2/crtbegin.o

.igot.plt       0x20000000        0x0 load address 0x080007c4
 .igot.plt      0x00000000        0x0 c:/program files (x86)/codesourcery/sourcery_codebench_lite_for_arm_eabi/bin/../lib/gcc/arm-none-eabi/4.6.3/thumb2/crtbegin.o
                0x20000000                . = ALIGN (0x4)

.bss            0x20000000       0x1c load address 0x080007c4
                0x20000000                _sbss = .
                0x20000000                __bss_start__ = _sbss
 *(.bss)
 .bss           0x20000000       0x1c c:/program files (x86)/codesourcery/sourcery_codebench_lite_for_arm_eabi/bin/../lib/gcc/arm-none-eabi/4.6.3/thumb2/crtbegin.o
 *(.bss*)
 *(COMMON)
                0x2000001c                . = ALIGN (0x4)
                0x2000001c                _ebss = .
                0x2000001c                __bss_end__ = _ebss

._user_heap_stack
                0x2000001c      0x400 load address 0x080007c4
                0x2000001c                . = ALIGN (0x4)
                0x2000001c                PROVIDE (end, .)
                0x2000001c                PROVIDE (_end, .)
                0x2000001c                . = (. + _Min_Heap_Size)
                0x2000041c                . = (. + _Min_Stack_Size)
 *fill*         0x2000001c      0x400 00
                0x2000041c                . = ALIGN (0x4)

.memory_b1_text
 *(.mb1text)
 *(.mb1text*)
 *(.mb1rodata)
 *(.mb1rodata*)

/DISCARD/
 libc.a(*)
 libm.a(*)
 libgcc.a(*)

.ARM.attributes
                0x00000000       0x2f
 *(.ARM.attributes)
 .ARM.attributes
                0x00000000       0x1b c:/program files (x86)/codesourcery/sourcery_codebench_lite_for_arm_eabi/bin/../lib/gcc/arm-none-eabi/4.6.3/thumb2/crti.o
 .ARM.attributes
                0x0000001b       0x2b c:/program files (x86)/codesourcery/sourcery_codebench_lite_for_arm_eabi/bin/../lib/gcc/arm-none-eabi/4.6.3/thumb2/crtbegin.o
 .ARM.attributes
                0x00000046       0x21 ./startup_src/startup_stm32f4xx.o
 .ARM.attributes
                0x00000067       0x33 ./src/main.o
 .ARM.attributes
                0x0000009a       0x33 ./src/stm32f4xx_it.o
 .ARM.attributes
                0x000000cd       0x33 ./src/system_stm32f4xx.o
 .ARM.attributes
                0x00000100       0x33 ./Libraries/STM32F4xx_StdPeriph_Driver/src/stm32f4xx_gpio.o
 .ARM.attributes
                0x00000133       0x33 ./Libraries/STM32F4xx_StdPeriph_Driver/src/stm32f4xx_rcc.o
 .ARM.attributes
                0x00000166       0x2b c:/program files (x86)/codesourcery/sourcery_codebench_lite_for_arm_eabi/bin/../lib/gcc/arm-none-eabi/4.6.3/../../../../arm-none-eabi/lib/thumb2\libc.a(lib_a-init.o)
 .ARM.attributes
                0x00000191       0x1b c:/program files (x86)/codesourcery/sourcery_codebench_lite_for_arm_eabi/bin/../lib/gcc/arm-none-eabi/4.6.3/thumb2/crtn.o
OUTPUT(Audio.elf elf32-littlearm)

.debug_line     0x00000000     0x11ac
 .debug_line    0x00000000       0x84 ./startup_src/startup_stm32f4xx.o
 .debug_line    0x00000084      0x2c0 ./src/main.o
 .debug_line    0x00000344      0x1f3 ./src/stm32f4xx_it.o
 .debug_line    0x00000537      0x259 ./src/system_stm32f4xx.o
 .debug_line    0x00000790      0x3e0 ./Libraries/STM32F4xx_StdPeriph_Driver/src/stm32f4xx_gpio.o
 .debug_line    0x00000b70      0x63c ./Libraries/STM32F4xx_StdPeriph_Driver/src/stm32f4xx_rcc.o

.debug_info     0x00000000     0x1e4e
 .debug_info    0x00000000       0xa4 ./startup_src/startup_stm32f4xx.o
 .debug_info    0x000000a4      0x327 ./src/main.o
 .debug_info    0x000003cb      0x14b ./src/stm32f4xx_it.o
 .debug_info    0x00000516      0x5ef ./src/system_stm32f4xx.o
 .debug_info    0x00000b05      0x62f ./Libraries/STM32F4xx_StdPeriph_Driver/src/stm32f4xx_gpio.o
 .debug_info    0x00001134      0xd1a ./Libraries/STM32F4xx_StdPeriph_Driver/src/stm32f4xx_rcc.o

.debug_abbrev   0x00000000      0x63f
 .debug_abbrev  0x00000000       0x12 ./startup_src/startup_stm32f4xx.o
 .debug_abbrev  0x00000012      0x159 ./src/main.o
 .debug_abbrev  0x0000016b       0x66 ./src/stm32f4xx_it.o
 .debug_abbrev  0x000001d1      0x131 ./src/system_stm32f4xx.o
 .debug_abbrev  0x00000302      0x184 ./Libraries/STM32F4xx_StdPeriph_Driver/src/stm32f4xx_gpio.o
 .debug_abbrev  0x00000486      0x1b9 ./Libraries/STM32F4xx_StdPeriph_Driver/src/stm32f4xx_rcc.o

.debug_aranges  0x00000000      0x2e8
 .debug_aranges
                0x00000000       0x28 ./startup_src/startup_stm32f4xx.o
 .debug_aranges
                0x00000028       0x30 ./src/main.o
 .debug_aranges
                0x00000058       0x60 ./src/stm32f4xx_it.o
 .debug_aranges
                0x000000b8       0x30 ./src/system_stm32f4xx.o
 .debug_aranges
                0x000000e8       0x88 ./Libraries/STM32F4xx_StdPeriph_Driver/src/stm32f4xx_gpio.o
 .debug_aranges
                0x00000170      0x178 ./Libraries/STM32F4xx_StdPeriph_Driver/src/stm32f4xx_rcc.o

.debug_ranges   0x00000000      0x290
 .debug_ranges  0x00000000       0x20 ./startup_src/startup_stm32f4xx.o
 .debug_ranges  0x00000020       0x20 ./src/main.o
 .debug_ranges  0x00000040       0x50 ./src/stm32f4xx_it.o
 .debug_ranges  0x00000090       0x20 ./src/system_stm32f4xx.o
 .debug_ranges  0x000000b0       0x78 ./Libraries/STM32F4xx_StdPeriph_Driver/src/stm32f4xx_gpio.o
 .debug_ranges  0x00000128      0x168 ./Libraries/STM32F4xx_StdPeriph_Driver/src/stm32f4xx_rcc.o

.debug_loc      0x00000000      0xf50
 .debug_loc     0x00000000       0x9c ./src/main.o
 .debug_loc     0x0000009c      0x18c ./src/stm32f4xx_it.o
 .debug_loc     0x00000228       0x9c ./src/system_stm32f4xx.o
 .debug_loc     0x000002c4      0x310 ./Libraries/STM32F4xx_StdPeriph_Driver/src/stm32f4xx_gpio.o
 .debug_loc     0x000005d4      0x97c ./Libraries/STM32F4xx_StdPeriph_Driver/src/stm32f4xx_rcc.o

.debug_str      0x00000000      0xc74
 .debug_str     0x00000000      0x2b4 ./src/main.o
                                0x2f5 (size before relaxing)
 .debug_str     0x000002b4       0xa6 ./src/stm32f4xx_it.o
                                0x1a7 (size before relaxing)
 .debug_str     0x0000035a      0x1fe ./src/system_stm32f4xx.o
                                0x337 (size before relaxing)
 .debug_str     0x00000558      0x1a0 ./Libraries/STM32F4xx_StdPeriph_Driver/src/stm32f4xx_gpio.o
                                0x44f (size before relaxing)
 .debug_str     0x000006f8      0x57c ./Libraries/STM32F4xx_StdPeriph_Driver/src/stm32f4xx_rcc.o
                                0x7fc (size before relaxing)

.comment        0x00000000       0x30
 .comment       0x00000000       0x30 ./src/main.o
                                 0x31 (size before relaxing)
 .comment       0x00000000       0x31 ./src/stm32f4xx_it.o
 .comment       0x00000000       0x31 ./src/system_stm32f4xx.o
 .comment       0x00000000       0x31 ./Libraries/STM32F4xx_StdPeriph_Driver/src/stm32f4xx_gpio.o
 .comment       0x00000000       0x31 ./Libraries/STM32F4xx_StdPeriph_Driver/src/stm32f4xx_rcc.o

.debug_frame    0x00000000      0x884
 .debug_frame   0x00000000       0x68 ./src/main.o
 .debug_frame   0x00000068      0x10c ./src/stm32f4xx_it.o
 .debug_frame   0x00000174       0x64 ./src/system_stm32f4xx.o
 .debug_frame   0x000001d8      0x19c ./Libraries/STM32F4xx_StdPeriph_Driver/src/stm32f4xx_gpio.o
 .debug_frame   0x00000374      0x4e4 ./Libraries/STM32F4xx_StdPeriph_Driver/src/stm32f4xx_rcc.o
 .debug_frame   0x00000858       0x2c c:/program files (x86)/codesourcery/sourcery_codebench_lite_for_arm_eabi/bin/../lib/gcc/arm-none-eabi/4.6.3/../../../../arm-none-eabi/lib/thumb2\libc.a(lib_a-init.o)
