Archive member included because of file (symbol)

c:/program files (x86)/codesourcery/sourcery_codebench_lite_for_arm_eabi/bin/../lib/gcc/arm-none-eabi/4.6.3/thumb2\libgcc.a(_arm_addsubdf3.o)
                              ./Utilities/STM32F4-Discovery/stm32f4_discovery_lcd.o (__aeabi_ui2d)
c:/program files (x86)/codesourcery/sourcery_codebench_lite_for_arm_eabi/bin/../lib/gcc/arm-none-eabi/4.6.3/thumb2\libgcc.a(_arm_cmpdf2.o)
                              ./Utilities/STM32F4-Discovery/stm32f4_discovery_lcd.o (__aeabi_dcmplt)
c:/program files (x86)/codesourcery/sourcery_codebench_lite_for_arm_eabi/bin/../lib/gcc/arm-none-eabi/4.6.3/../../../../arm-none-eabi/lib/thumb2\libc.a(lib_a-init.o)
                              ./startup_src/startup_stm32f4xx.o (__libc_init_array)

Allocating common symbols
Common symbol       size              file

NVIC_InitStructure  0x4               ./Utilities/STM32F4-Discovery/stm32f4_discovery.o

Memory Configuration

Name             Origin             Length             Attributes
FLASH            0x08000000         0x00100000         xr
RAM              0x20000000         0x00020000         xrw
MEMORY_B1        0x60000000         0x00000000         xr
*default*        0x00000000         0xffffffff

Linker script and memory map

LOAD c:/program files (x86)/codesourcery/sourcery_codebench_lite_for_arm_eabi/bin/../lib/gcc/arm-none-eabi/4.6.3/thumb2/crti.o
LOAD c:/program files (x86)/codesourcery/sourcery_codebench_lite_for_arm_eabi/bin/../lib/gcc/arm-none-eabi/4.6.3/thumb2/crtbegin.o
LOAD ./startup_src/startup_stm32f4xx.o
LOAD ./src/main.o
LOAD ./src/system_stm32f4xx.o
LOAD ./Utilities/STM32F4-Discovery/fonts.o
LOAD ./Utilities/STM32F4-Discovery/stm32f4_discovery.o
LOAD ./Utilities/STM32F4-Discovery/stm32f4_discovery_lcd.o
LOAD ./Libraries/STM32F4xx_StdPeriph_Driver/src/misc.o
LOAD ./Libraries/STM32F4xx_StdPeriph_Driver/src/stm32f4xx_adc.o
LOAD ./Libraries/STM32F4xx_StdPeriph_Driver/src/stm32f4xx_can.o
LOAD ./Libraries/STM32F4xx_StdPeriph_Driver/src/stm32f4xx_crc.o
LOAD ./Libraries/STM32F4xx_StdPeriph_Driver/src/stm32f4xx_cryp.o
LOAD ./Libraries/STM32F4xx_StdPeriph_Driver/src/stm32f4xx_cryp_aes.o
LOAD ./Libraries/STM32F4xx_StdPeriph_Driver/src/stm32f4xx_cryp_des.o
LOAD ./Libraries/STM32F4xx_StdPeriph_Driver/src/stm32f4xx_cryp_tdes.o
LOAD ./Libraries/STM32F4xx_StdPeriph_Driver/src/stm32f4xx_dac.o
LOAD ./Libraries/STM32F4xx_StdPeriph_Driver/src/stm32f4xx_dbgmcu.o
LOAD ./Libraries/STM32F4xx_StdPeriph_Driver/src/stm32f4xx_dcmi.o
LOAD ./Libraries/STM32F4xx_StdPeriph_Driver/src/stm32f4xx_dma.o
LOAD ./Libraries/STM32F4xx_StdPeriph_Driver/src/stm32f4xx_exti.o
LOAD ./Libraries/STM32F4xx_StdPeriph_Driver/src/stm32f4xx_flash.o
LOAD ./Libraries/STM32F4xx_StdPeriph_Driver/src/stm32f4xx_fsmc.o
LOAD ./Libraries/STM32F4xx_StdPeriph_Driver/src/stm32f4xx_gpio.o
LOAD ./Libraries/STM32F4xx_StdPeriph_Driver/src/stm32f4xx_hash.o
LOAD ./Libraries/STM32F4xx_StdPeriph_Driver/src/stm32f4xx_hash_md5.o
LOAD ./Libraries/STM32F4xx_StdPeriph_Driver/src/stm32f4xx_hash_sha1.o
LOAD ./Libraries/STM32F4xx_StdPeriph_Driver/src/stm32f4xx_i2c.o
LOAD ./Libraries/STM32F4xx_StdPeriph_Driver/src/stm32f4xx_iwdg.o
LOAD ./Libraries/STM32F4xx_StdPeriph_Driver/src/stm32f4xx_pwr.o
LOAD ./Libraries/STM32F4xx_StdPeriph_Driver/src/stm32f4xx_rcc.o
LOAD ./Libraries/STM32F4xx_StdPeriph_Driver/src/stm32f4xx_rng.o
LOAD ./Libraries/STM32F4xx_StdPeriph_Driver/src/stm32f4xx_rtc.o
LOAD ./Libraries/STM32F4xx_StdPeriph_Driver/src/stm32f4xx_sdio.o
LOAD ./Libraries/STM32F4xx_StdPeriph_Driver/src/stm32f4xx_spi.o
LOAD ./Libraries/STM32F4xx_StdPeriph_Driver/src/stm32f4xx_syscfg.o
LOAD ./Libraries/STM32F4xx_StdPeriph_Driver/src/stm32f4xx_tim.o
LOAD ./Libraries/STM32F4xx_StdPeriph_Driver/src/stm32f4xx_usart.o
LOAD ./Libraries/STM32F4xx_StdPeriph_Driver/src/stm32f4xx_wwdg.o
START GROUP
LOAD c:/program files (x86)/codesourcery/sourcery_codebench_lite_for_arm_eabi/bin/../lib/gcc/arm-none-eabi/4.6.3/thumb2\libgcc.a
LOAD c:/program files (x86)/codesourcery/sourcery_codebench_lite_for_arm_eabi/bin/../lib/gcc/arm-none-eabi/4.6.3/../../../../arm-none-eabi/lib/thumb2\libc.a
END GROUP
LOAD c:/program files (x86)/codesourcery/sourcery_codebench_lite_for_arm_eabi/bin/../lib/gcc/arm-none-eabi/4.6.3/thumb2/crtend.o
LOAD c:/program files (x86)/codesourcery/sourcery_codebench_lite_for_arm_eabi/bin/../lib/gcc/arm-none-eabi/4.6.3/thumb2/crtn.o
                0x20020000                _estack = 0x20020000
                0x00000000                _Min_Heap_Size = 0x0
                0x00000400                _Min_Stack_Size = 0x400

.isr_vector     0x08000000      0x188
                0x08000000                . = ALIGN (0x4)
 *(.isr_vector)
 .isr_vector    0x08000000      0x188 ./startup_src/startup_stm32f4xx.o
                0x08000000                g_pfnVectors
                0x08000188                . = ALIGN (0x4)

.text           0x08000188    0x1406c
                0x08000188                . = ALIGN (0x4)
 *(.text)
 .text          0x08000188        0x0 c:/program files (x86)/codesourcery/sourcery_codebench_lite_for_arm_eabi/bin/../lib/gcc/arm-none-eabi/4.6.3/thumb2/crti.o
 .text          0x08000188       0x68 c:/program files (x86)/codesourcery/sourcery_codebench_lite_for_arm_eabi/bin/../lib/gcc/arm-none-eabi/4.6.3/thumb2/crtbegin.o
 .text          0x080001f0       0x14 ./startup_src/startup_stm32f4xx.o
 .text          0x08000204        0x0 ./src/main.o
 .text          0x08000204        0x0 ./src/system_stm32f4xx.o
 .text          0x08000204        0x0 ./Utilities/STM32F4-Discovery/fonts.o
 .text          0x08000204        0x0 ./Utilities/STM32F4-Discovery/stm32f4_discovery.o
 .text          0x08000204        0x0 ./Utilities/STM32F4-Discovery/stm32f4_discovery_lcd.o
 .text          0x08000204        0x0 ./Libraries/STM32F4xx_StdPeriph_Driver/src/misc.o
 .text          0x08000204        0x0 ./Libraries/STM32F4xx_StdPeriph_Driver/src/stm32f4xx_adc.o
 .text          0x08000204        0x0 ./Libraries/STM32F4xx_StdPeriph_Driver/src/stm32f4xx_can.o
 .text          0x08000204        0x0 ./Libraries/STM32F4xx_StdPeriph_Driver/src/stm32f4xx_crc.o
 .text          0x08000204        0x0 ./Libraries/STM32F4xx_StdPeriph_Driver/src/stm32f4xx_cryp.o
 .text          0x08000204        0x0 ./Libraries/STM32F4xx_StdPeriph_Driver/src/stm32f4xx_cryp_aes.o
 .text          0x08000204        0x0 ./Libraries/STM32F4xx_StdPeriph_Driver/src/stm32f4xx_cryp_des.o
 .text          0x08000204        0x0 ./Libraries/STM32F4xx_StdPeriph_Driver/src/stm32f4xx_cryp_tdes.o
 .text          0x08000204        0x0 ./Libraries/STM32F4xx_StdPeriph_Driver/src/stm32f4xx_dac.o
 .text          0x08000204        0x0 ./Libraries/STM32F4xx_StdPeriph_Driver/src/stm32f4xx_dbgmcu.o
 .text          0x08000204        0x0 ./Libraries/STM32F4xx_StdPeriph_Driver/src/stm32f4xx_dcmi.o
 .text          0x08000204        0x0 ./Libraries/STM32F4xx_StdPeriph_Driver/src/stm32f4xx_dma.o
 .text          0x08000204        0x0 ./Libraries/STM32F4xx_StdPeriph_Driver/src/stm32f4xx_exti.o
 .text          0x08000204        0x0 ./Libraries/STM32F4xx_StdPeriph_Driver/src/stm32f4xx_flash.o
 .text          0x08000204        0x0 ./Libraries/STM32F4xx_StdPeriph_Driver/src/stm32f4xx_fsmc.o
 .text          0x08000204        0x0 ./Libraries/STM32F4xx_StdPeriph_Driver/src/stm32f4xx_gpio.o
 .text          0x08000204        0x0 ./Libraries/STM32F4xx_StdPeriph_Driver/src/stm32f4xx_hash.o
 .text          0x08000204        0x0 ./Libraries/STM32F4xx_StdPeriph_Driver/src/stm32f4xx_hash_md5.o
 .text          0x08000204        0x0 ./Libraries/STM32F4xx_StdPeriph_Driver/src/stm32f4xx_hash_sha1.o
 .text          0x08000204        0x0 ./Libraries/STM32F4xx_StdPeriph_Driver/src/stm32f4xx_i2c.o
 .text          0x08000204        0x0 ./Libraries/STM32F4xx_StdPeriph_Driver/src/stm32f4xx_iwdg.o
 .text          0x08000204        0x0 ./Libraries/STM32F4xx_StdPeriph_Driver/src/stm32f4xx_pwr.o
 .text          0x08000204        0x0 ./Libraries/STM32F4xx_StdPeriph_Driver/src/stm32f4xx_rcc.o
 .text          0x08000204        0x0 ./Libraries/STM32F4xx_StdPeriph_Driver/src/stm32f4xx_rng.o
 .text          0x08000204        0x0 ./Libraries/STM32F4xx_StdPeriph_Driver/src/stm32f4xx_rtc.o
 .text          0x08000204        0x0 ./Libraries/STM32F4xx_StdPeriph_Driver/src/stm32f4xx_sdio.o
 .text          0x08000204        0x0 ./Libraries/STM32F4xx_StdPeriph_Driver/src/stm32f4xx_spi.o
 .text          0x08000204        0x0 ./Libraries/STM32F4xx_StdPeriph_Driver/src/stm32f4xx_syscfg.o
 .text          0x08000204        0x0 ./Libraries/STM32F4xx_StdPeriph_Driver/src/stm32f4xx_tim.o
 .text          0x08000204        0x0 ./Libraries/STM32F4xx_StdPeriph_Driver/src/stm32f4xx_usart.o
 .text          0x08000204        0x0 ./Libraries/STM32F4xx_StdPeriph_Driver/src/stm32f4xx_wwdg.o
 .text          0x08000204      0x370 c:/program files (x86)/codesourcery/sourcery_codebench_lite_for_arm_eabi/bin/../lib/gcc/arm-none-eabi/4.6.3/thumb2\libgcc.a(_arm_addsubdf3.o)
                0x08000204                __aeabi_drsub
                0x0800020c                __aeabi_dsub
                0x0800020c                __subdf3
                0x08000210                __aeabi_dadd
                0x08000210                __adddf3
                0x08000488                __floatunsidf
                0x08000488                __aeabi_ui2d
                0x080004a8                __floatsidf
                0x080004a8                __aeabi_i2d
                0x080004cc                __aeabi_f2d
                0x080004cc                __extendsfdf2
                0x08000508                __floatundidf
                0x08000508                __aeabi_ul2d
                0x08000518                __floatdidf
                0x08000518                __aeabi_l2d
 .text          0x08000574      0x110 c:/program files (x86)/codesourcery/sourcery_codebench_lite_for_arm_eabi/bin/../lib/gcc/arm-none-eabi/4.6.3/thumb2\libgcc.a(_arm_cmpdf2.o)
                0x08000574                __gtdf2
                0x08000574                __gedf2
                0x0800057c                __ltdf2
                0x0800057c                __ledf2
                0x08000584                __nedf2
                0x08000584                __eqdf2
                0x08000584                __cmpdf2
                0x08000600                __aeabi_cdrcmple
                0x08000610                __aeabi_cdcmpeq
                0x08000610                __aeabi_cdcmple
                0x08000620                __aeabi_dcmpeq
                0x08000634                __aeabi_dcmplt
                0x08000648                __aeabi_dcmple
                0x0800065c                __aeabi_dcmpge
                0x08000670                __aeabi_dcmpgt
 .text          0x08000684       0x50 c:/program files (x86)/codesourcery/sourcery_codebench_lite_for_arm_eabi/bin/../lib/gcc/arm-none-eabi/4.6.3/../../../../arm-none-eabi/lib/thumb2\libc.a(lib_a-init.o)
                0x08000684                __libc_init_array
 .text          0x080006d4        0x0 c:/program files (x86)/codesourcery/sourcery_codebench_lite_for_arm_eabi/bin/../lib/gcc/arm-none-eabi/4.6.3/thumb2/crtend.o
 .text          0x080006d4        0x0 c:/program files (x86)/codesourcery/sourcery_codebench_lite_for_arm_eabi/bin/../lib/gcc/arm-none-eabi/4.6.3/thumb2/crtn.o
 *(.text*)
 .text.Reset_Handler
                0x080006d4       0x60 ./startup_src/startup_stm32f4xx.o
                0x080006d4                Reset_Handler
 .text.Default_Handler
                0x08000734        0x4 ./startup_src/startup_stm32f4xx.o
                0x08000734                RTC_Alarm_IRQHandler
                0x08000734                HASH_RNG_IRQHandler
                0x08000734                EXTI2_IRQHandler
                0x08000734                TIM8_CC_IRQHandler
                0x08000734                DebugMon_Handler
                0x08000734                TIM1_CC_IRQHandler
                0x08000734                DMA2_Stream5_IRQHandler
                0x08000734                HardFault_Handler
                0x08000734                DMA1_Stream5_IRQHandler
                0x08000734                SysTick_Handler
                0x08000734                PVD_IRQHandler
                0x08000734                SDIO_IRQHandler
                0x08000734                TAMP_STAMP_IRQHandler
                0x08000734                PendSV_Handler
                0x08000734                NMI_Handler
                0x08000734                CAN2_RX1_IRQHandler
                0x08000734                EXTI3_IRQHandler
                0x08000734                TIM8_TRG_COM_TIM14_IRQHandler
                0x08000734                TIM1_UP_TIM10_IRQHandler
                0x08000734                TIM8_UP_TIM13_IRQHandler
                0x08000734                I2C3_ER_IRQHandler
                0x08000734                EXTI0_IRQHandler
                0x08000734                I2C2_EV_IRQHandler
                0x08000734                DMA1_Stream2_IRQHandler
                0x08000734                CAN1_RX0_IRQHandler
                0x08000734                FPU_IRQHandler
                0x08000734                OTG_HS_WKUP_IRQHandler
                0x08000734                UsageFault_Handler
                0x08000734                CAN2_SCE_IRQHandler
                0x08000734                DMA2_Stream2_IRQHandler
                0x08000734                SPI1_IRQHandler
                0x08000734                TIM6_DAC_IRQHandler
                0x08000734                TIM1_BRK_TIM9_IRQHandler
                0x08000734                DCMI_IRQHandler
                0x08000734                CAN2_RX0_IRQHandler
                0x08000734                DMA2_Stream3_IRQHandler
                0x08000734                USART6_IRQHandler
                0x08000734                USART3_IRQHandler
                0x08000734                CRYP_IRQHandler
                0x08000734                CAN1_RX1_IRQHandler
                0x08000734                UART5_IRQHandler
                0x08000734                DMA2_Stream0_IRQHandler
                0x08000734                TIM4_IRQHandler
                0x08000734                I2C1_EV_IRQHandler
                0x08000734                DMA1_Stream6_IRQHandler
                0x08000734                DMA1_Stream1_IRQHandler
                0x08000734                UART4_IRQHandler
                0x08000734                TIM3_IRQHandler
                0x08000734                RCC_IRQHandler
                0x08000734                TIM8_BRK_TIM12_IRQHandler
                0x08000734                Default_Handler
                0x08000734                EXTI15_10_IRQHandler
                0x08000734                ADC_IRQHandler
                0x08000734                DMA1_Stream7_IRQHandler
                0x08000734                TIM7_IRQHandler
                0x08000734                CAN2_TX_IRQHandler
                0x08000734                TIM5_IRQHandler
                0x08000734                DMA2_Stream7_IRQHandler
                0x08000734                I2C3_EV_IRQHandler
                0x08000734                EXTI9_5_IRQHandler
                0x08000734                RTC_WKUP_IRQHandler
                0x08000734                ETH_WKUP_IRQHandler
                0x08000734                SPI2_IRQHandler
                0x08000734                OTG_HS_EP1_IN_IRQHandler
                0x08000734                MemManage_Handler
                0x08000734                DMA1_Stream0_IRQHandler
                0x08000734                CAN1_TX_IRQHandler
                0x08000734                SVC_Handler
                0x08000734                EXTI4_IRQHandler
                0x08000734                FSMC_IRQHandler
                0x08000734                ETH_IRQHandler
                0x08000734                OTG_HS_EP1_OUT_IRQHandler
                0x08000734                WWDG_IRQHandler
                0x08000734                TIM2_IRQHandler
                0x08000734                OTG_FS_WKUP_IRQHandler
                0x08000734                TIM1_TRG_COM_TIM11_IRQHandler
                0x08000734                OTG_HS_IRQHandler
                0x08000734                EXTI1_IRQHandler
                0x08000734                USART2_IRQHandler
                0x08000734                I2C2_ER_IRQHandler
                0x08000734                DMA2_Stream1_IRQHandler
                0x08000734                CAN1_SCE_IRQHandler
                0x08000734                FLASH_IRQHandler
                0x08000734                DMA2_Stream4_IRQHandler
                0x08000734                BusFault_Handler
                0x08000734                USART1_IRQHandler
                0x08000734                OTG_FS_IRQHandler
                0x08000734                SPI3_IRQHandler
                0x08000734                DMA1_Stream4_IRQHandler
                0x08000734                I2C1_ER_IRQHandler
                0x08000734                DMA2_Stream6_IRQHandler
                0x08000734                DMA1_Stream3_IRQHandler
 .text.main     0x08000738       0x20 ./src/main.o
                0x08000738                main
 .text.SystemInit
                0x08000758       0x94 ./src/system_stm32f4xx.o
                0x08000758                SystemInit
 .text.SystemCoreClockUpdate
                0x080007ec      0x170 ./src/system_stm32f4xx.o
                0x080007ec                SystemCoreClockUpdate
 .text.SetSysClock
                0x0800095c      0x1e0 ./src/system_stm32f4xx.o
 .text.STM_EVAL_LEDInit
                0x08000b3c       0x6c ./Utilities/STM32F4-Discovery/stm32f4_discovery.o
                0x08000b3c                STM_EVAL_LEDInit
 .text.STM_EVAL_LEDOn
                0x08000ba8       0x34 ./Utilities/STM32F4-Discovery/stm32f4_discovery.o
                0x08000ba8                STM_EVAL_LEDOn
 .text.STM_EVAL_LEDOff
                0x08000bdc       0x34 ./Utilities/STM32F4-Discovery/stm32f4_discovery.o
                0x08000bdc                STM_EVAL_LEDOff
 .text.STM_EVAL_LEDToggle
                0x08000c10       0x44 ./Utilities/STM32F4-Discovery/stm32f4_discovery.o
                0x08000c10                STM_EVAL_LEDToggle
 .text.STM_EVAL_PBInit
                0x08000c54       0xec ./Utilities/STM32F4-Discovery/stm32f4_discovery.o
                0x08000c54                STM_EVAL_PBInit
 .text.STM_EVAL_PBGetState
                0x08000d40       0x3c ./Utilities/STM32F4-Discovery/stm32f4_discovery.o
                0x08000d40                STM_EVAL_PBGetState
 .text.LCD_DeInit
                0x08000d7c      0x404 ./Utilities/STM32F4-Discovery/stm32f4_discovery_lcd.o
                0x08000d7c                LCD_DeInit
 .text.LCD_CtrlLinesConfig
                0x08001180      0x288 ./Utilities/STM32F4-Discovery/stm32f4_discovery_lcd.o
                0x08001180                LCD_CtrlLinesConfig
 .text.LCD_FSMCConfig
                0x08001408       0xb0 ./Utilities/STM32F4-Discovery/stm32f4_discovery_lcd.o
                0x08001408                LCD_FSMCConfig
 .text.STM32f4_Discovery_LCD_Init
                0x080014b8      0x1e8 ./Utilities/STM32F4-Discovery/stm32f4_discovery_lcd.o
                0x080014b8                STM32f4_Discovery_LCD_Init
 .text.LCD_SetCursor
                0x080016a0       0x30 ./Utilities/STM32F4-Discovery/stm32f4_discovery_lcd.o
                0x080016a0                LCD_SetCursor
 .text.LCD_WriteReg
                0x080016d0       0x34 ./Utilities/STM32F4-Discovery/stm32f4_discovery_lcd.o
                0x080016d0                LCD_WriteReg
 .text.LCD_ReadReg
                0x08001704       0x30 ./Utilities/STM32F4-Discovery/stm32f4_discovery_lcd.o
                0x08001704                LCD_ReadReg
 .text.LCD_WriteRAM_Prepare
                0x08001734       0x18 ./Utilities/STM32F4-Discovery/stm32f4_discovery_lcd.o
                0x08001734                LCD_WriteRAM_Prepare
 .text.LCD_WriteRAM
                0x0800174c       0x20 ./Utilities/STM32F4-Discovery/stm32f4_discovery_lcd.o
                0x0800174c                LCD_WriteRAM
 .text.LCD_ReadRAM
                0x0800176c       0x18 ./Utilities/STM32F4-Discovery/stm32f4_discovery_lcd.o
                0x0800176c                LCD_ReadRAM
 .text.LCD_RGB_Test
                0x08001784       0x90 ./Utilities/STM32F4-Discovery/stm32f4_discovery_lcd.o
                0x08001784                LCD_RGB_Test
 .text.LCD_SetColors
                0x08001814       0x34 ./Utilities/STM32F4-Discovery/stm32f4_discovery_lcd.o
                0x08001814                LCD_SetColors
 .text.LCD_GetColors
                0x08001848       0x34 ./Utilities/STM32F4-Discovery/stm32f4_discovery_lcd.o
                0x08001848                LCD_GetColors
 .text.LCD_SetTextColor
                0x0800187c       0x24 ./Utilities/STM32F4-Discovery/stm32f4_discovery_lcd.o
                0x0800187c                LCD_SetTextColor
 .text.LCD_SetBackColor
                0x080018a0       0x24 ./Utilities/STM32F4-Discovery/stm32f4_discovery_lcd.o
                0x080018a0                LCD_SetBackColor
 .text.LCD_DisplayOff
                0x080018c4        0xc ./Utilities/STM32F4-Discovery/stm32f4_discovery_lcd.o
                0x080018c4                LCD_DisplayOff
 .text.LCD_DisplayOn
                0x080018d0        0xc ./Utilities/STM32F4-Discovery/stm32f4_discovery_lcd.o
                0x080018d0                LCD_DisplayOn
 .text.LCD_SetFont
                0x080018dc       0x20 ./Utilities/STM32F4-Discovery/stm32f4_discovery_lcd.o
                0x080018dc                LCD_SetFont
 .text.LCD_GetFont
                0x080018fc       0x18 ./Utilities/STM32F4-Discovery/stm32f4_discovery_lcd.o
                0x080018fc                LCD_GetFont
 .text.LCD_ClearLine
                0x08001914       0x44 ./Utilities/STM32F4-Discovery/stm32f4_discovery_lcd.o
                0x08001914                LCD_ClearLine
 .text.LCD_Clear
                0x08001958       0x54 ./Utilities/STM32F4-Discovery/stm32f4_discovery_lcd.o
                0x08001958                LCD_Clear
 .text.PutPixel
                0x080019ac       0x54 ./Utilities/STM32F4-Discovery/stm32f4_discovery_lcd.o
 .text.LCD_DrawChar
                0x08001a00      0x140 ./Utilities/STM32F4-Discovery/stm32f4_discovery_lcd.o
                0x08001a00                LCD_DrawChar
 .text.LCD_DisplayChar
                0x08001b40       0x54 ./Utilities/STM32F4-Discovery/stm32f4_discovery_lcd.o
                0x08001b40                LCD_DisplayChar
 .text.LCD_DisplayStringLine
                0x08001b94       0x60 ./Utilities/STM32F4-Discovery/stm32f4_discovery_lcd.o
                0x08001b94                LCD_DisplayStringLine
 .text.LCD_SetDisplayWindow
                0x08001bf4       0x98 ./Utilities/STM32F4-Discovery/stm32f4_discovery_lcd.o
                0x08001bf4                LCD_SetDisplayWindow
 .text.LCD_WindowModeDisable
                0x08001c8c        0xc ./Utilities/STM32F4-Discovery/stm32f4_discovery_lcd.o
                0x08001c8c                LCD_WindowModeDisable
 .text.LCD_DrawLine
                0x08001c98       0xa0 ./Utilities/STM32F4-Discovery/stm32f4_discovery_lcd.o
                0x08001c98                LCD_DrawLine
 .text.LCD_DrawRect
                0x08001d38       0x80 ./Utilities/STM32F4-Discovery/stm32f4_discovery_lcd.o
                0x08001d38                LCD_DrawRect
 .text.LCD_DrawCircle
                0x08001db8      0x208 ./Utilities/STM32F4-Discovery/stm32f4_discovery_lcd.o
                0x08001db8                LCD_DrawCircle
 .text.LCD_DrawMonoPict
                0x08001fc0       0xa0 ./Utilities/STM32F4-Discovery/stm32f4_discovery_lcd.o
                0x08001fc0                LCD_DrawMonoPict
 .text.LCD_WriteBMP
                0x08002060       0x14 ./Utilities/STM32F4-Discovery/stm32f4_discovery_lcd.o
                0x08002060                LCD_WriteBMP
 .text.LCD_DrawFullRect
                0x08002074       0xf4 ./Utilities/STM32F4-Discovery/stm32f4_discovery_lcd.o
                0x08002074                LCD_DrawFullRect
 .text.LCD_DrawFullCircle
                0x08002168      0x168 ./Utilities/STM32F4-Discovery/stm32f4_discovery_lcd.o
                0x08002168                LCD_DrawFullCircle
 .text.LCD_DrawUniLine
                0x080022d0      0x1a0 ./Utilities/STM32F4-Discovery/stm32f4_discovery_lcd.o
                0x080022d0                LCD_DrawUniLine
 .text.LCD_PolyLine
                0x08002470       0x60 ./Utilities/STM32F4-Discovery/stm32f4_discovery_lcd.o
                0x08002470                LCD_PolyLine
 .text.LCD_PolyLineRelativeClosed
                0x080024d0       0xac ./Utilities/STM32F4-Discovery/stm32f4_discovery_lcd.o
 .text.LCD_ClosedPolyLine
                0x0800257c       0x54 ./Utilities/STM32F4-Discovery/stm32f4_discovery_lcd.o
                0x0800257c                LCD_ClosedPolyLine
 .text.LCD_PolyLineRelative
                0x080025d0       0x24 ./Utilities/STM32F4-Discovery/stm32f4_discovery_lcd.o
                0x080025d0                LCD_PolyLineRelative
 .text.LCD_ClosedPolyLineRelative
                0x080025f4       0x24 ./Utilities/STM32F4-Discovery/stm32f4_discovery_lcd.o
                0x080025f4                LCD_ClosedPolyLineRelative
 .text.LCD_FillPolyLine
                0x08002618      0x588 ./Utilities/STM32F4-Discovery/stm32f4_discovery_lcd.o
                0x08002618                LCD_FillPolyLine
 .text.delay    0x08002ba0       0x34 ./Utilities/STM32F4-Discovery/stm32f4_discovery_lcd.o
 .text.NVIC_PriorityGroupConfig
                0x08002bd4       0x28 ./Libraries/STM32F4xx_StdPeriph_Driver/src/misc.o
                0x08002bd4                NVIC_PriorityGroupConfig
 .text.NVIC_Init
                0x08002bfc       0xe4 ./Libraries/STM32F4xx_StdPeriph_Driver/src/misc.o
                0x08002bfc                NVIC_Init
 .text.NVIC_SetVectorTable
                0x08002ce0       0x2c ./Libraries/STM32F4xx_StdPeriph_Driver/src/misc.o
                0x08002ce0                NVIC_SetVectorTable
 .text.NVIC_SystemLPConfig
                0x08002d0c       0x54 ./Libraries/STM32F4xx_StdPeriph_Driver/src/misc.o
                0x08002d0c                NVIC_SystemLPConfig
 .text.SysTick_CLKSourceConfig
                0x08002d60       0x4c ./Libraries/STM32F4xx_StdPeriph_Driver/src/misc.o
                0x08002d60                SysTick_CLKSourceConfig
 .text.ADC_DeInit
                0x08002dac       0x20 ./Libraries/STM32F4xx_StdPeriph_Driver/src/stm32f4xx_adc.o
                0x08002dac                ADC_DeInit
 .text.ADC_Init
                0x08002dcc       0xb8 ./Libraries/STM32F4xx_StdPeriph_Driver/src/stm32f4xx_adc.o
                0x08002dcc                ADC_Init
 .text.ADC_StructInit
                0x08002e84       0x4c ./Libraries/STM32F4xx_StdPeriph_Driver/src/stm32f4xx_adc.o
                0x08002e84                ADC_StructInit
 .text.ADC_CommonInit
                0x08002ed0       0x5c ./Libraries/STM32F4xx_StdPeriph_Driver/src/stm32f4xx_adc.o
                0x08002ed0                ADC_CommonInit
 .text.ADC_CommonStructInit
                0x08002f2c       0x34 ./Libraries/STM32F4xx_StdPeriph_Driver/src/stm32f4xx_adc.o
                0x08002f2c                ADC_CommonStructInit
 .text.ADC_Cmd  0x08002f60       0x38 ./Libraries/STM32F4xx_StdPeriph_Driver/src/stm32f4xx_adc.o
                0x08002f60                ADC_Cmd
 .text.ADC_AnalogWatchdogCmd
                0x08002f98       0x3c ./Libraries/STM32F4xx_StdPeriph_Driver/src/stm32f4xx_adc.o
                0x08002f98                ADC_AnalogWatchdogCmd
 .text.ADC_AnalogWatchdogThresholdsConfig
                0x08002fd4       0x28 ./Libraries/STM32F4xx_StdPeriph_Driver/src/stm32f4xx_adc.o
                0x08002fd4                ADC_AnalogWatchdogThresholdsConfig
 .text.ADC_AnalogWatchdogSingleChannelConfig
                0x08002ffc       0x38 ./Libraries/STM32F4xx_StdPeriph_Driver/src/stm32f4xx_adc.o
                0x08002ffc                ADC_AnalogWatchdogSingleChannelConfig
 .text.ADC_TempSensorVrefintCmd
                0x08003034       0x4c ./Libraries/STM32F4xx_StdPeriph_Driver/src/stm32f4xx_adc.o
                0x08003034                ADC_TempSensorVrefintCmd
 .text.ADC_VBATCmd
                0x08003080       0x4c ./Libraries/STM32F4xx_StdPeriph_Driver/src/stm32f4xx_adc.o
                0x08003080                ADC_VBATCmd
 .text.ADC_RegularChannelConfig
                0x080030cc      0x1bc ./Libraries/STM32F4xx_StdPeriph_Driver/src/stm32f4xx_adc.o
                0x080030cc                ADC_RegularChannelConfig
 .text.ADC_SoftwareStartConv
                0x08003288       0x20 ./Libraries/STM32F4xx_StdPeriph_Driver/src/stm32f4xx_adc.o
                0x08003288                ADC_SoftwareStartConv
 .text.ADC_GetSoftwareStartConvStatus
                0x080032a8       0x38 ./Libraries/STM32F4xx_StdPeriph_Driver/src/stm32f4xx_adc.o
                0x080032a8                ADC_GetSoftwareStartConvStatus
 .text.ADC_EOCOnEachRegularChannelCmd
                0x080032e0       0x38 ./Libraries/STM32F4xx_StdPeriph_Driver/src/stm32f4xx_adc.o
                0x080032e0                ADC_EOCOnEachRegularChannelCmd
 .text.ADC_ContinuousModeCmd
                0x08003318       0x38 ./Libraries/STM32F4xx_StdPeriph_Driver/src/stm32f4xx_adc.o
                0x08003318                ADC_ContinuousModeCmd
 .text.ADC_DiscModeChannelCountConfig
                0x08003350       0x4c ./Libraries/STM32F4xx_StdPeriph_Driver/src/stm32f4xx_adc.o
                0x08003350                ADC_DiscModeChannelCountConfig
 .text.ADC_DiscModeCmd
                0x0800339c       0x38 ./Libraries/STM32F4xx_StdPeriph_Driver/src/stm32f4xx_adc.o
                0x0800339c                ADC_DiscModeCmd
 .text.ADC_GetConversionValue
                0x080033d4       0x1c ./Libraries/STM32F4xx_StdPeriph_Driver/src/stm32f4xx_adc.o
                0x080033d4                ADC_GetConversionValue
 .text.ADC_GetMultiModeConversionValue
                0x080033f0       0x18 ./Libraries/STM32F4xx_StdPeriph_Driver/src/stm32f4xx_adc.o
                0x080033f0                ADC_GetMultiModeConversionValue
 .text.ADC_DMACmd
                0x08003408       0x38 ./Libraries/STM32F4xx_StdPeriph_Driver/src/stm32f4xx_adc.o
                0x08003408                ADC_DMACmd
 .text.ADC_DMARequestAfterLastTransferCmd
                0x08003440       0x38 ./Libraries/STM32F4xx_StdPeriph_Driver/src/stm32f4xx_adc.o
                0x08003440                ADC_DMARequestAfterLastTransferCmd
 .text.ADC_MultiModeDMARequestAfterLastTransferCmd
                0x08003478       0x4c ./Libraries/STM32F4xx_StdPeriph_Driver/src/stm32f4xx_adc.o
                0x08003478                ADC_MultiModeDMARequestAfterLastTransferCmd
 .text.ADC_InjectedChannelConfig
                0x080034c4      0x144 ./Libraries/STM32F4xx_StdPeriph_Driver/src/stm32f4xx_adc.o
                0x080034c4                ADC_InjectedChannelConfig
 .text.ADC_InjectedSequencerLengthConfig
                0x08003608       0x4c ./Libraries/STM32F4xx_StdPeriph_Driver/src/stm32f4xx_adc.o
                0x08003608                ADC_InjectedSequencerLengthConfig
 .text.ADC_SetInjectedOffset
                0x08003654       0x34 ./Libraries/STM32F4xx_StdPeriph_Driver/src/stm32f4xx_adc.o
                0x08003654                ADC_SetInjectedOffset
 .text.ADC_ExternalTrigInjectedConvConfig
                0x08003688       0x38 ./Libraries/STM32F4xx_StdPeriph_Driver/src/stm32f4xx_adc.o
                0x08003688                ADC_ExternalTrigInjectedConvConfig
 .text.ADC_ExternalTrigInjectedConvEdgeConfig
                0x080036c0       0x38 ./Libraries/STM32F4xx_StdPeriph_Driver/src/stm32f4xx_adc.o
                0x080036c0                ADC_ExternalTrigInjectedConvEdgeConfig
 .text.ADC_SoftwareStartInjectedConv
                0x080036f8       0x20 ./Libraries/STM32F4xx_StdPeriph_Driver/src/stm32f4xx_adc.o
                0x080036f8                ADC_SoftwareStartInjectedConv
 .text.ADC_GetSoftwareStartInjectedConvCmdStatus
                0x08003718       0x38 ./Libraries/STM32F4xx_StdPeriph_Driver/src/stm32f4xx_adc.o
                0x08003718                ADC_GetSoftwareStartInjectedConvCmdStatus
 .text.ADC_AutoInjectedConvCmd
                0x08003750       0x38 ./Libraries/STM32F4xx_StdPeriph_Driver/src/stm32f4xx_adc.o
                0x08003750                ADC_AutoInjectedConvCmd
 .text.ADC_InjectedDiscModeCmd
                0x08003788       0x38 ./Libraries/STM32F4xx_StdPeriph_Driver/src/stm32f4xx_adc.o
                0x08003788                ADC_InjectedDiscModeCmd
 .text.ADC_GetInjectedConversionValue
                0x080037c0       0x34 ./Libraries/STM32F4xx_StdPeriph_Driver/src/stm32f4xx_adc.o
                0x080037c0                ADC_GetInjectedConversionValue
 .text.ADC_ITConfig
                0x080037f4       0x58 ./Libraries/STM32F4xx_StdPeriph_Driver/src/stm32f4xx_adc.o
                0x080037f4                ADC_ITConfig
 .text.ADC_GetFlagStatus
                0x0800384c       0x3c ./Libraries/STM32F4xx_StdPeriph_Driver/src/stm32f4xx_adc.o
                0x0800384c                ADC_GetFlagStatus
 .text.ADC_ClearFlag
                0x08003888       0x20 ./Libraries/STM32F4xx_StdPeriph_Driver/src/stm32f4xx_adc.o
                0x08003888                ADC_ClearFlag
 .text.ADC_GetITStatus
                0x080038a8       0x6c ./Libraries/STM32F4xx_StdPeriph_Driver/src/stm32f4xx_adc.o
                0x080038a8                ADC_GetITStatus
 .text.ADC_ClearITPendingBit
                0x08003914       0x30 ./Libraries/STM32F4xx_StdPeriph_Driver/src/stm32f4xx_adc.o
                0x08003914                ADC_ClearITPendingBit
 .text.CAN_DeInit
                0x08003944       0x50 ./Libraries/STM32F4xx_StdPeriph_Driver/src/stm32f4xx_can.o
                0x08003944                CAN_DeInit
 .text.CAN_Init
                0x08003994      0x1c0 ./Libraries/STM32F4xx_StdPeriph_Driver/src/stm32f4xx_can.o
                0x08003994                CAN_Init
 .text.CAN_FilterInit
                0x08003b54      0x210 ./Libraries/STM32F4xx_StdPeriph_Driver/src/stm32f4xx_can.o
                0x08003b54                CAN_FilterInit
 .text.CAN_StructInit
                0x08003d64       0x6c ./Libraries/STM32F4xx_StdPeriph_Driver/src/stm32f4xx_can.o
                0x08003d64                CAN_StructInit
 .text.CAN_SlaveStartBank
                0x08003dd0       0x8c ./Libraries/STM32F4xx_StdPeriph_Driver/src/stm32f4xx_can.o
                0x08003dd0                CAN_SlaveStartBank
 .text.CAN_DBGFreeze
                0x08003e5c       0x38 ./Libraries/STM32F4xx_StdPeriph_Driver/src/stm32f4xx_can.o
                0x08003e5c                CAN_DBGFreeze
 .text.CAN_TTComModeCmd
                0x08003e94       0x98 ./Libraries/STM32F4xx_StdPeriph_Driver/src/stm32f4xx_can.o
                0x08003e94                CAN_TTComModeCmd
 .text.CAN_Transmit
                0x08003f2c      0x1dc ./Libraries/STM32F4xx_StdPeriph_Driver/src/stm32f4xx_can.o
                0x08003f2c                CAN_Transmit
 .text.CAN_TransmitStatus
                0x08004108      0x10c ./Libraries/STM32F4xx_StdPeriph_Driver/src/stm32f4xx_can.o
                0x08004108                CAN_TransmitStatus
 .text.CAN_CancelTransmit
                0x08004214       0x50 ./Libraries/STM32F4xx_StdPeriph_Driver/src/stm32f4xx_can.o
                0x08004214                CAN_CancelTransmit
 .text.CAN_Receive
                0x08004264      0x1a8 ./Libraries/STM32F4xx_StdPeriph_Driver/src/stm32f4xx_can.o
                0x08004264                CAN_Receive
 .text.CAN_FIFORelease
                0x0800440c       0x38 ./Libraries/STM32F4xx_StdPeriph_Driver/src/stm32f4xx_can.o
                0x0800440c                CAN_FIFORelease
 .text.CAN_MessagePending
                0x08004444       0x50 ./Libraries/STM32F4xx_StdPeriph_Driver/src/stm32f4xx_can.o
                0x08004444                CAN_MessagePending
 .text.CAN_OperatingModeRequest
                0x08004494      0x114 ./Libraries/STM32F4xx_StdPeriph_Driver/src/stm32f4xx_can.o
                0x08004494                CAN_OperatingModeRequest
 .text.CAN_Sleep
                0x080045a8       0x40 ./Libraries/STM32F4xx_StdPeriph_Driver/src/stm32f4xx_can.o
                0x080045a8                CAN_Sleep
 .text.CAN_WakeUp
                0x080045e8       0x5c ./Libraries/STM32F4xx_StdPeriph_Driver/src/stm32f4xx_can.o
                0x080045e8                CAN_WakeUp
 .text.CAN_GetLastErrorCode
                0x08004644       0x28 ./Libraries/STM32F4xx_StdPeriph_Driver/src/stm32f4xx_can.o
                0x08004644                CAN_GetLastErrorCode
 .text.CAN_GetReceiveErrorCounter
                0x0800466c       0x28 ./Libraries/STM32F4xx_StdPeriph_Driver/src/stm32f4xx_can.o
                0x0800466c                CAN_GetReceiveErrorCounter
 .text.CAN_GetLSBTransmitErrorCounter
                0x08004694       0x2c ./Libraries/STM32F4xx_StdPeriph_Driver/src/stm32f4xx_can.o
                0x08004694                CAN_GetLSBTransmitErrorCounter
 .text.CAN_ITConfig
                0x080046c0       0x3c ./Libraries/STM32F4xx_StdPeriph_Driver/src/stm32f4xx_can.o
                0x080046c0                CAN_ITConfig
 .text.CAN_GetFlagStatus
                0x080046fc       0xf8 ./Libraries/STM32F4xx_StdPeriph_Driver/src/stm32f4xx_can.o
                0x080046fc                CAN_GetFlagStatus
 .text.CAN_ClearFlag
                0x080047f4       0x7c ./Libraries/STM32F4xx_StdPeriph_Driver/src/stm32f4xx_can.o
                0x080047f4                CAN_ClearFlag
 .text.CAN_GetITStatus
                0x08004870      0x1b8 ./Libraries/STM32F4xx_StdPeriph_Driver/src/stm32f4xx_can.o
                0x08004870                CAN_GetITStatus
 .text.CAN_ClearITPendingBit
                0x08004a28       0xfc ./Libraries/STM32F4xx_StdPeriph_Driver/src/stm32f4xx_can.o
                0x08004a28                CAN_ClearITPendingBit
 .text.CheckITStatus
                0x08004b24       0x38 ./Libraries/STM32F4xx_StdPeriph_Driver/src/stm32f4xx_can.o
 .text.CRC_ResetDR
                0x08004b5c       0x18 ./Libraries/STM32F4xx_StdPeriph_Driver/src/stm32f4xx_crc.o
                0x08004b5c                CRC_ResetDR
 .text.CRC_CalcCRC
                0x08004b74       0x2c ./Libraries/STM32F4xx_StdPeriph_Driver/src/stm32f4xx_crc.o
                0x08004b74                CRC_CalcCRC
 .text.CRC_CalcBlockCRC
                0x08004ba0       0x54 ./Libraries/STM32F4xx_StdPeriph_Driver/src/stm32f4xx_crc.o
                0x08004ba0                CRC_CalcBlockCRC
 .text.CRC_GetCRC
                0x08004bf4       0x18 ./Libraries/STM32F4xx_StdPeriph_Driver/src/stm32f4xx_crc.o
                0x08004bf4                CRC_GetCRC
 .text.CRC_SetIDRegister
                0x08004c0c       0x20 ./Libraries/STM32F4xx_StdPeriph_Driver/src/stm32f4xx_crc.o
                0x08004c0c                CRC_SetIDRegister
 .text.CRC_GetIDRegister
                0x08004c2c       0x18 ./Libraries/STM32F4xx_StdPeriph_Driver/src/stm32f4xx_crc.o
                0x08004c2c                CRC_GetIDRegister
 .text.CRYP_DeInit
                0x08004c44       0x20 ./Libraries/STM32F4xx_StdPeriph_Driver/src/stm32f4xx_cryp.o
                0x08004c44                CRYP_DeInit
 .text.CRYP_Init
                0x08004c64       0xfc ./Libraries/STM32F4xx_StdPeriph_Driver/src/stm32f4xx_cryp.o
                0x08004c64                CRYP_Init
 .text.CRYP_StructInit
                0x08004d60       0x34 ./Libraries/STM32F4xx_StdPeriph_Driver/src/stm32f4xx_cryp.o
                0x08004d60                CRYP_StructInit
 .text.CRYP_KeyInit
                0x08004d94       0x84 ./Libraries/STM32F4xx_StdPeriph_Driver/src/stm32f4xx_cryp.o
                0x08004d94                CRYP_KeyInit
 .text.CRYP_KeyStructInit
                0x08004e18       0x54 ./Libraries/STM32F4xx_StdPeriph_Driver/src/stm32f4xx_cryp.o
                0x08004e18                CRYP_KeyStructInit
 .text.CRYP_IVInit
                0x08004e6c       0x4c ./Libraries/STM32F4xx_StdPeriph_Driver/src/stm32f4xx_cryp.o
                0x08004e6c                CRYP_IVInit
 .text.CRYP_IVStructInit
                0x08004eb8       0x34 ./Libraries/STM32F4xx_StdPeriph_Driver/src/stm32f4xx_cryp.o
                0x08004eb8                CRYP_IVStructInit
 .text.CRYP_FIFOFlush
                0x08004eec       0x24 ./Libraries/STM32F4xx_StdPeriph_Driver/src/stm32f4xx_cryp.o
                0x08004eec                CRYP_FIFOFlush
 .text.CRYP_Cmd
                0x08004f10       0x4c ./Libraries/STM32F4xx_StdPeriph_Driver/src/stm32f4xx_cryp.o
                0x08004f10                CRYP_Cmd
 .text.CRYP_DataIn
                0x08004f5c       0x20 ./Libraries/STM32F4xx_StdPeriph_Driver/src/stm32f4xx_cryp.o
                0x08004f5c                CRYP_DataIn
 .text.CRYP_DataOut
                0x08004f7c       0x18 ./Libraries/STM32F4xx_StdPeriph_Driver/src/stm32f4xx_cryp.o
                0x08004f7c                CRYP_DataOut
 .text.CRYP_SaveContext
                0x08004f94      0x164 ./Libraries/STM32F4xx_StdPeriph_Driver/src/stm32f4xx_cryp.o
                0x08004f94                CRYP_SaveContext
 .text.CRYP_RestoreContext
                0x080050f8       0xe0 ./Libraries/STM32F4xx_StdPeriph_Driver/src/stm32f4xx_cryp.o
                0x080050f8                CRYP_RestoreContext
 .text.CRYP_DMACmd
                0x080051d8       0x58 ./Libraries/STM32F4xx_StdPeriph_Driver/src/stm32f4xx_cryp.o
                0x080051d8                CRYP_DMACmd
 .text.CRYP_ITConfig
                0x08005230       0x58 ./Libraries/STM32F4xx_StdPeriph_Driver/src/stm32f4xx_cryp.o
                0x08005230                CRYP_ITConfig
 .text.CRYP_GetITStatus
                0x08005288       0x40 ./Libraries/STM32F4xx_StdPeriph_Driver/src/stm32f4xx_cryp.o
                0x08005288                CRYP_GetITStatus
 .text.CRYP_GetFlagStatus
                0x080052c8       0x60 ./Libraries/STM32F4xx_StdPeriph_Driver/src/stm32f4xx_cryp.o
                0x080052c8                CRYP_GetFlagStatus
 .text.CRYP_AES_ECB
                0x08005328      0x4b0 ./Libraries/STM32F4xx_StdPeriph_Driver/src/stm32f4xx_cryp_aes.o
                0x08005328                CRYP_AES_ECB
 .text.CRYP_AES_CBC
                0x080057d8      0x5cc ./Libraries/STM32F4xx_StdPeriph_Driver/src/stm32f4xx_cryp_aes.o
                0x080057d8                CRYP_AES_CBC
 .text.CRYP_AES_CTR
                0x08005da4      0x550 ./Libraries/STM32F4xx_StdPeriph_Driver/src/stm32f4xx_cryp_aes.o
                0x08005da4                CRYP_AES_CTR
 .text.CRYP_DES_ECB
                0x080062f4      0x160 ./Libraries/STM32F4xx_StdPeriph_Driver/src/stm32f4xx_cryp_des.o
                0x080062f4                CRYP_DES_ECB
 .text.CRYP_DES_CBC
                0x08006454      0x1b0 ./Libraries/STM32F4xx_StdPeriph_Driver/src/stm32f4xx_cryp_des.o
                0x08006454                CRYP_DES_CBC
 .text.CRYP_TDES_ECB
                0x08006604      0x1d0 ./Libraries/STM32F4xx_StdPeriph_Driver/src/stm32f4xx_cryp_tdes.o
                0x08006604                CRYP_TDES_ECB
 .text.CRYP_TDES_CBC
                0x080067d4      0x268 ./Libraries/STM32F4xx_StdPeriph_Driver/src/stm32f4xx_cryp_tdes.o
                0x080067d4                CRYP_TDES_CBC
 .text.DAC_DeInit
                0x08006a3c       0x20 ./Libraries/STM32F4xx_StdPeriph_Driver/src/stm32f4xx_dac.o
                0x08006a3c                DAC_DeInit
 .text.DAC_Init
                0x08006a5c       0x74 ./Libraries/STM32F4xx_StdPeriph_Driver/src/stm32f4xx_dac.o
                0x08006a5c                DAC_Init
 .text.DAC_StructInit
                0x08006ad0       0x34 ./Libraries/STM32F4xx_StdPeriph_Driver/src/stm32f4xx_dac.o
                0x08006ad0                DAC_StructInit
 .text.DAC_Cmd  0x08006b04       0x64 ./Libraries/STM32F4xx_StdPeriph_Driver/src/stm32f4xx_dac.o
                0x08006b04                DAC_Cmd
 .text.DAC_SoftwareTriggerCmd
                0x08006b68       0x6c ./Libraries/STM32F4xx_StdPeriph_Driver/src/stm32f4xx_dac.o
                0x08006b68                DAC_SoftwareTriggerCmd
 .text.DAC_DualSoftwareTriggerCmd
                0x08006bd4       0x4c ./Libraries/STM32F4xx_StdPeriph_Driver/src/stm32f4xx_dac.o
                0x08006bd4                DAC_DualSoftwareTriggerCmd
 .text.DAC_WaveGenerationCmd
                0x08006c20       0x60 ./Libraries/STM32F4xx_StdPeriph_Driver/src/stm32f4xx_dac.o
                0x08006c20                DAC_WaveGenerationCmd
 .text.DAC_SetChannel1Data
                0x08006c80       0x38 ./Libraries/STM32F4xx_StdPeriph_Driver/src/stm32f4xx_dac.o
                0x08006c80                DAC_SetChannel1Data
 .text.DAC_SetChannel2Data
                0x08006cb8       0x38 ./Libraries/STM32F4xx_StdPeriph_Driver/src/stm32f4xx_dac.o
                0x08006cb8                DAC_SetChannel2Data
 .text.DAC_SetDualChannelData
                0x08006cf0       0x64 ./Libraries/STM32F4xx_StdPeriph_Driver/src/stm32f4xx_dac.o
                0x08006cf0                DAC_SetDualChannelData
 .text.DAC_GetDataOutputValue
                0x08006d54       0x3c ./Libraries/STM32F4xx_StdPeriph_Driver/src/stm32f4xx_dac.o
                0x08006d54                DAC_GetDataOutputValue
 .text.DAC_DMACmd
                0x08006d90       0x64 ./Libraries/STM32F4xx_StdPeriph_Driver/src/stm32f4xx_dac.o
                0x08006d90                DAC_DMACmd
 .text.DAC_ITConfig
                0x08006df4       0x60 ./Libraries/STM32F4xx_StdPeriph_Driver/src/stm32f4xx_dac.o
                0x08006df4                DAC_ITConfig
 .text.DAC_GetFlagStatus
                0x08006e54       0x44 ./Libraries/STM32F4xx_StdPeriph_Driver/src/stm32f4xx_dac.o
                0x08006e54                DAC_GetFlagStatus
 .text.DAC_ClearFlag
                0x08006e98       0x28 ./Libraries/STM32F4xx_StdPeriph_Driver/src/stm32f4xx_dac.o
                0x08006e98                DAC_ClearFlag
 .text.DAC_GetITStatus
                0x08006ec0       0x68 ./Libraries/STM32F4xx_StdPeriph_Driver/src/stm32f4xx_dac.o
                0x08006ec0                DAC_GetITStatus
 .text.DAC_ClearITPendingBit
                0x08006f28       0x28 ./Libraries/STM32F4xx_StdPeriph_Driver/src/stm32f4xx_dac.o
                0x08006f28                DAC_ClearITPendingBit
 .text.DBGMCU_GetREVID
                0x08006f50       0x1c ./Libraries/STM32F4xx_StdPeriph_Driver/src/stm32f4xx_dbgmcu.o
                0x08006f50                DBGMCU_GetREVID
 .text.DBGMCU_GetDEVID
                0x08006f6c       0x20 ./Libraries/STM32F4xx_StdPeriph_Driver/src/stm32f4xx_dbgmcu.o
                0x08006f6c                DBGMCU_GetDEVID
 .text.DBGMCU_Config
                0x08006f8c       0x54 ./Libraries/STM32F4xx_StdPeriph_Driver/src/stm32f4xx_dbgmcu.o
                0x08006f8c                DBGMCU_Config
 .text.DBGMCU_APB1PeriphConfig
                0x08006fe0       0x54 ./Libraries/STM32F4xx_StdPeriph_Driver/src/stm32f4xx_dbgmcu.o
                0x08006fe0                DBGMCU_APB1PeriphConfig
 .text.DBGMCU_APB2PeriphConfig
                0x08007034       0x54 ./Libraries/STM32F4xx_StdPeriph_Driver/src/stm32f4xx_dbgmcu.o
                0x08007034                DBGMCU_APB2PeriphConfig
 .text.DCMI_DeInit
                0x08007088       0x6c ./Libraries/STM32F4xx_StdPeriph_Driver/src/stm32f4xx_dcmi.o
                0x08007088                DCMI_DeInit
 .text.DCMI_Init
                0x080070f4       0x94 ./Libraries/STM32F4xx_StdPeriph_Driver/src/stm32f4xx_dcmi.o
                0x080070f4                DCMI_Init
 .text.DCMI_StructInit
                0x08007188       0x4c ./Libraries/STM32F4xx_StdPeriph_Driver/src/stm32f4xx_dcmi.o
                0x08007188                DCMI_StructInit
 .text.DCMI_CROPConfig
                0x080071d4       0x48 ./Libraries/STM32F4xx_StdPeriph_Driver/src/stm32f4xx_dcmi.o
                0x080071d4                DCMI_CROPConfig
 .text.DCMI_CROPCmd
                0x0800721c       0x4c ./Libraries/STM32F4xx_StdPeriph_Driver/src/stm32f4xx_dcmi.o
                0x0800721c                DCMI_CROPCmd
 .text.DCMI_SetEmbeddedSynchroCodes
                0x08007268       0x40 ./Libraries/STM32F4xx_StdPeriph_Driver/src/stm32f4xx_dcmi.o
                0x08007268                DCMI_SetEmbeddedSynchroCodes
 .text.DCMI_JPEGCmd
                0x080072a8       0x4c ./Libraries/STM32F4xx_StdPeriph_Driver/src/stm32f4xx_dcmi.o
                0x080072a8                DCMI_JPEGCmd
 .text.DCMI_Cmd
                0x080072f4       0x4c ./Libraries/STM32F4xx_StdPeriph_Driver/src/stm32f4xx_dcmi.o
                0x080072f4                DCMI_Cmd
 .text.DCMI_CaptureCmd
                0x08007340       0x4c ./Libraries/STM32F4xx_StdPeriph_Driver/src/stm32f4xx_dcmi.o
                0x08007340                DCMI_CaptureCmd
 .text.DCMI_ReadData
                0x0800738c       0x18 ./Libraries/STM32F4xx_StdPeriph_Driver/src/stm32f4xx_dcmi.o
                0x0800738c                DCMI_ReadData
 .text.DCMI_ITConfig
                0x080073a4       0x58 ./Libraries/STM32F4xx_StdPeriph_Driver/src/stm32f4xx_dcmi.o
                0x080073a4                DCMI_ITConfig
 .text.DCMI_GetFlagStatus
                0x080073fc       0x7c ./Libraries/STM32F4xx_StdPeriph_Driver/src/stm32f4xx_dcmi.o
                0x080073fc                DCMI_GetFlagStatus
 .text.DCMI_ClearFlag
                0x08007478       0x20 ./Libraries/STM32F4xx_StdPeriph_Driver/src/stm32f4xx_dcmi.o
                0x08007478                DCMI_ClearFlag
 .text.DCMI_GetITStatus
                0x08007498       0x48 ./Libraries/STM32F4xx_StdPeriph_Driver/src/stm32f4xx_dcmi.o
                0x08007498                DCMI_GetITStatus
 .text.DCMI_ClearITPendingBit
                0x080074e0       0x20 ./Libraries/STM32F4xx_StdPeriph_Driver/src/stm32f4xx_dcmi.o
                0x080074e0                DCMI_ClearITPendingBit
 .text.DMA_DeInit
                0x08007500      0x244 ./Libraries/STM32F4xx_StdPeriph_Driver/src/stm32f4xx_dma.o
                0x08007500                DMA_DeInit
 .text.DMA_Init
                0x08007744       0xb0 ./Libraries/STM32F4xx_StdPeriph_Driver/src/stm32f4xx_dma.o
                0x08007744                DMA_Init
 .text.DMA_StructInit
                0x080077f4       0x8c ./Libraries/STM32F4xx_StdPeriph_Driver/src/stm32f4xx_dma.o
                0x080077f4                DMA_StructInit
 .text.DMA_Cmd  0x08007880       0x38 ./Libraries/STM32F4xx_StdPeriph_Driver/src/stm32f4xx_dma.o
                0x08007880                DMA_Cmd
 .text.DMA_PeriphIncOffsetSizeConfig
                0x080078b8       0x34 ./Libraries/STM32F4xx_StdPeriph_Driver/src/stm32f4xx_dma.o
                0x080078b8                DMA_PeriphIncOffsetSizeConfig
 .text.DMA_FlowControllerConfig
                0x080078ec       0x34 ./Libraries/STM32F4xx_StdPeriph_Driver/src/stm32f4xx_dma.o
                0x080078ec                DMA_FlowControllerConfig
 .text.DMA_SetCurrDataCounter
                0x08007920       0x1c ./Libraries/STM32F4xx_StdPeriph_Driver/src/stm32f4xx_dma.o
                0x08007920                DMA_SetCurrDataCounter
 .text.DMA_GetCurrDataCounter
                0x0800793c       0x1c ./Libraries/STM32F4xx_StdPeriph_Driver/src/stm32f4xx_dma.o
                0x0800793c                DMA_GetCurrDataCounter
 .text.DMA_DoubleBufferModeConfig
                0x08007958       0x3c ./Libraries/STM32F4xx_StdPeriph_Driver/src/stm32f4xx_dma.o
                0x08007958                DMA_DoubleBufferModeConfig
 .text.DMA_DoubleBufferModeCmd
                0x08007994       0x38 ./Libraries/STM32F4xx_StdPeriph_Driver/src/stm32f4xx_dma.o
                0x08007994                DMA_DoubleBufferModeCmd
 .text.DMA_MemoryTargetConfig
                0x080079cc       0x2c ./Libraries/STM32F4xx_StdPeriph_Driver/src/stm32f4xx_dma.o
                0x080079cc                DMA_MemoryTargetConfig
 .text.DMA_GetCurrentMemoryTarget
                0x080079f8       0x38 ./Libraries/STM32F4xx_StdPeriph_Driver/src/stm32f4xx_dma.o
                0x080079f8                DMA_GetCurrentMemoryTarget
 .text.DMA_GetCmdStatus
                0x08007a30       0x38 ./Libraries/STM32F4xx_StdPeriph_Driver/src/stm32f4xx_dma.o
                0x08007a30                DMA_GetCmdStatus
 .text.DMA_GetFIFOStatus
                0x08007a68       0x28 ./Libraries/STM32F4xx_StdPeriph_Driver/src/stm32f4xx_dma.o
                0x08007a68                DMA_GetFIFOStatus
 .text.DMA_GetFlagStatus
                0x08007a90       0x88 ./Libraries/STM32F4xx_StdPeriph_Driver/src/stm32f4xx_dma.o
                0x08007a90                DMA_GetFlagStatus
 .text.DMA_ClearFlag
                0x08007b18       0x64 ./Libraries/STM32F4xx_StdPeriph_Driver/src/stm32f4xx_dma.o
                0x08007b18                DMA_ClearFlag
 .text.DMA_ITConfig
                0x08007b7c       0x74 ./Libraries/STM32F4xx_StdPeriph_Driver/src/stm32f4xx_dma.o
                0x08007b7c                DMA_ITConfig
 .text.DMA_GetITStatus
                0x08007bf0       0xc4 ./Libraries/STM32F4xx_StdPeriph_Driver/src/stm32f4xx_dma.o
                0x08007bf0                DMA_GetITStatus
 .text.DMA_ClearITPendingBit
                0x08007cb4       0x64 ./Libraries/STM32F4xx_StdPeriph_Driver/src/stm32f4xx_dma.o
                0x08007cb4                DMA_ClearITPendingBit
 .text.EXTI_DeInit
                0x08007d18       0x54 ./Libraries/STM32F4xx_StdPeriph_Driver/src/stm32f4xx_exti.o
                0x08007d18                EXTI_DeInit
 .text.EXTI_Init
                0x08007d6c      0x138 ./Libraries/STM32F4xx_StdPeriph_Driver/src/stm32f4xx_exti.o
                0x08007d6c                EXTI_Init
 .text.EXTI_StructInit
                0x08007ea4       0x34 ./Libraries/STM32F4xx_StdPeriph_Driver/src/stm32f4xx_exti.o
                0x08007ea4                EXTI_StructInit
 .text.EXTI_GenerateSWInterrupt
                0x08007ed8       0x2c ./Libraries/STM32F4xx_StdPeriph_Driver/src/stm32f4xx_exti.o
                0x08007ed8                EXTI_GenerateSWInterrupt
 .text.EXTI_GetFlagStatus
                0x08007f04       0x3c ./Libraries/STM32F4xx_StdPeriph_Driver/src/stm32f4xx_exti.o
                0x08007f04                EXTI_GetFlagStatus
 .text.EXTI_ClearFlag
                0x08007f40       0x20 ./Libraries/STM32F4xx_StdPeriph_Driver/src/stm32f4xx_exti.o
                0x08007f40                EXTI_ClearFlag
 .text.EXTI_GetITStatus
                0x08007f60       0x58 ./Libraries/STM32F4xx_StdPeriph_Driver/src/stm32f4xx_exti.o
                0x08007f60                EXTI_GetITStatus
 .text.EXTI_ClearITPendingBit
                0x08007fb8       0x20 ./Libraries/STM32F4xx_StdPeriph_Driver/src/stm32f4xx_exti.o
                0x08007fb8                EXTI_ClearITPendingBit
 .text.FLASH_SetLatency
                0x08007fd8       0x20 ./Libraries/STM32F4xx_StdPeriph_Driver/src/stm32f4xx_flash.o
                0x08007fd8                FLASH_SetLatency
 .text.FLASH_PrefetchBufferCmd
                0x08007ff8       0x4c ./Libraries/STM32F4xx_StdPeriph_Driver/src/stm32f4xx_flash.o
                0x08007ff8                FLASH_PrefetchBufferCmd
 .text.FLASH_InstructionCacheCmd
                0x08008044       0x4c ./Libraries/STM32F4xx_StdPeriph_Driver/src/stm32f4xx_flash.o
                0x08008044                FLASH_InstructionCacheCmd
 .text.FLASH_DataCacheCmd
                0x08008090       0x4c ./Libraries/STM32F4xx_StdPeriph_Driver/src/stm32f4xx_flash.o
                0x08008090                FLASH_DataCacheCmd
 .text.FLASH_InstructionCacheReset
                0x080080dc       0x24 ./Libraries/STM32F4xx_StdPeriph_Driver/src/stm32f4xx_flash.o
                0x080080dc                FLASH_InstructionCacheReset
 .text.FLASH_DataCacheReset
                0x08008100       0x24 ./Libraries/STM32F4xx_StdPeriph_Driver/src/stm32f4xx_flash.o
                0x08008100                FLASH_DataCacheReset
 .text.FLASH_Unlock
                0x08008124       0x3c ./Libraries/STM32F4xx_StdPeriph_Driver/src/stm32f4xx_flash.o
                0x08008124                FLASH_Unlock
 .text.FLASH_Lock
                0x08008160       0x24 ./Libraries/STM32F4xx_StdPeriph_Driver/src/stm32f4xx_flash.o
                0x08008160                FLASH_Lock
 .text.FLASH_EraseSector
                0x08008184      0x118 ./Libraries/STM32F4xx_StdPeriph_Driver/src/stm32f4xx_flash.o
                0x08008184                FLASH_EraseSector
 .text.FLASH_EraseAllSectors
                0x0800829c       0xe0 ./Libraries/STM32F4xx_StdPeriph_Driver/src/stm32f4xx_flash.o
                0x0800829c                FLASH_EraseAllSectors
 .text.FLASH_ProgramDoubleWord
                0x0800837c       0xa0 ./Libraries/STM32F4xx_StdPeriph_Driver/src/stm32f4xx_flash.o
                0x0800837c                FLASH_ProgramDoubleWord
 .text.FLASH_ProgramWord
                0x0800841c       0x98 ./Libraries/STM32F4xx_StdPeriph_Driver/src/stm32f4xx_flash.o
                0x0800841c                FLASH_ProgramWord
 .text.FLASH_ProgramHalfWord
                0x080084b4       0x9c ./Libraries/STM32F4xx_StdPeriph_Driver/src/stm32f4xx_flash.o
                0x080084b4                FLASH_ProgramHalfWord
 .text.FLASH_ProgramByte
                0x08008550       0x98 ./Libraries/STM32F4xx_StdPeriph_Driver/src/stm32f4xx_flash.o
                0x08008550                FLASH_ProgramByte
 .text.FLASH_OB_Unlock
                0x080085e8       0x44 ./Libraries/STM32F4xx_StdPeriph_Driver/src/stm32f4xx_flash.o
                0x080085e8                FLASH_OB_Unlock
 .text.FLASH_OB_Lock
                0x0800862c       0x24 ./Libraries/STM32F4xx_StdPeriph_Driver/src/stm32f4xx_flash.o
                0x0800862c                FLASH_OB_Lock
 .text.FLASH_OB_WRPConfig
                0x08008650       0x74 ./Libraries/STM32F4xx_StdPeriph_Driver/src/stm32f4xx_flash.o
                0x08008650                FLASH_OB_WRPConfig
 .text.FLASH_OB_RDPConfig
                0x080086c4       0x34 ./Libraries/STM32F4xx_StdPeriph_Driver/src/stm32f4xx_flash.o
                0x080086c4                FLASH_OB_RDPConfig
 .text.FLASH_OB_UserConfig
                0x080086f8       0x64 ./Libraries/STM32F4xx_StdPeriph_Driver/src/stm32f4xx_flash.o
                0x080086f8                FLASH_OB_UserConfig
 .text.FLASH_OB_BORConfig
                0x0800875c       0x4c ./Libraries/STM32F4xx_StdPeriph_Driver/src/stm32f4xx_flash.o
                0x0800875c                FLASH_OB_BORConfig
 .text.FLASH_OB_Launch
                0x080087a8       0x3c ./Libraries/STM32F4xx_StdPeriph_Driver/src/stm32f4xx_flash.o
                0x080087a8                FLASH_OB_Launch
 .text.FLASH_OB_GetUser
                0x080087e4       0x1c ./Libraries/STM32F4xx_StdPeriph_Driver/src/stm32f4xx_flash.o
                0x080087e4                FLASH_OB_GetUser
 .text.FLASH_OB_GetWRP
                0x08008800       0x18 ./Libraries/STM32F4xx_StdPeriph_Driver/src/stm32f4xx_flash.o
                0x08008800                FLASH_OB_GetWRP
 .text.FLASH_OB_GetRDP
                0x08008818       0x38 ./Libraries/STM32F4xx_StdPeriph_Driver/src/stm32f4xx_flash.o
                0x08008818                FLASH_OB_GetRDP
 .text.FLASH_OB_GetBOR
                0x08008850       0x20 ./Libraries/STM32F4xx_StdPeriph_Driver/src/stm32f4xx_flash.o
                0x08008850                FLASH_OB_GetBOR
 .text.FLASH_ITConfig
                0x08008870       0x54 ./Libraries/STM32F4xx_StdPeriph_Driver/src/stm32f4xx_flash.o
                0x08008870                FLASH_ITConfig
 .text.FLASH_GetFlagStatus
                0x080088c4       0x3c ./Libraries/STM32F4xx_StdPeriph_Driver/src/stm32f4xx_flash.o
                0x080088c4                FLASH_GetFlagStatus
 .text.FLASH_ClearFlag
                0x08008900       0x20 ./Libraries/STM32F4xx_StdPeriph_Driver/src/stm32f4xx_flash.o
                0x08008900                FLASH_ClearFlag
 .text.FLASH_GetStatus
                0x08008920       0x88 ./Libraries/STM32F4xx_StdPeriph_Driver/src/stm32f4xx_flash.o
                0x08008920                FLASH_GetStatus
 .text.FLASH_WaitForLastOperation
                0x080089a8       0x34 ./Libraries/STM32F4xx_StdPeriph_Driver/src/stm32f4xx_flash.o
                0x080089a8                FLASH_WaitForLastOperation
 .text.FSMC_NORSRAMDeInit
                0x080089dc       0x5c ./Libraries/STM32F4xx_StdPeriph_Driver/src/stm32f4xx_fsmc.o
                0x080089dc                FSMC_NORSRAMDeInit
 .text.FSMC_NORSRAMInit
                0x08008a38      0x158 ./Libraries/STM32F4xx_StdPeriph_Driver/src/stm32f4xx_fsmc.o
                0x08008a38                FSMC_NORSRAMInit
 .text.FSMC_NORSRAMStructInit
                0x08008b90      0x108 ./Libraries/STM32F4xx_StdPeriph_Driver/src/stm32f4xx_fsmc.o
                0x08008b90                FSMC_NORSRAMStructInit
 .text.FSMC_NORSRAMCmd
                0x08008c98       0x58 ./Libraries/STM32F4xx_StdPeriph_Driver/src/stm32f4xx_fsmc.o
                0x08008c98                FSMC_NORSRAMCmd
 .text.FSMC_NANDDeInit
                0x08008cf0       0x8c ./Libraries/STM32F4xx_StdPeriph_Driver/src/stm32f4xx_fsmc.o
                0x08008cf0                FSMC_NANDDeInit
 .text.FSMC_NANDInit
                0x08008d7c      0x100 ./Libraries/STM32F4xx_StdPeriph_Driver/src/stm32f4xx_fsmc.o
                0x08008d7c                FSMC_NANDInit
 .text.FSMC_NANDStructInit
                0x08008e7c       0x9c ./Libraries/STM32F4xx_StdPeriph_Driver/src/stm32f4xx_fsmc.o
                0x08008e7c                FSMC_NANDStructInit
 .text.FSMC_NANDCmd
                0x08008f18       0x9c ./Libraries/STM32F4xx_StdPeriph_Driver/src/stm32f4xx_fsmc.o
                0x08008f18                FSMC_NANDCmd
 .text.FSMC_NANDECCCmd
                0x08008fb4       0x9c ./Libraries/STM32F4xx_StdPeriph_Driver/src/stm32f4xx_fsmc.o
                0x08008fb4                FSMC_NANDECCCmd
 .text.FSMC_GetECC
                0x08009050       0x3c ./Libraries/STM32F4xx_StdPeriph_Driver/src/stm32f4xx_fsmc.o
                0x08009050                FSMC_GetECC
 .text.FSMC_PCCARDDeInit
                0x0800908c       0x50 ./Libraries/STM32F4xx_StdPeriph_Driver/src/stm32f4xx_fsmc.o
                0x0800908c                FSMC_PCCARDDeInit
 .text.FSMC_PCCARDInit
                0x080090dc       0xd4 ./Libraries/STM32F4xx_StdPeriph_Driver/src/stm32f4xx_fsmc.o
                0x080090dc                FSMC_PCCARDInit
 .text.FSMC_PCCARDStructInit
                0x080091b0       0xa4 ./Libraries/STM32F4xx_StdPeriph_Driver/src/stm32f4xx_fsmc.o
                0x080091b0                FSMC_PCCARDStructInit
 .text.FSMC_PCCARDCmd
                0x08009254       0x54 ./Libraries/STM32F4xx_StdPeriph_Driver/src/stm32f4xx_fsmc.o
                0x08009254                FSMC_PCCARDCmd
 .text.FSMC_ITConfig
                0x080092a8       0xe0 ./Libraries/STM32F4xx_StdPeriph_Driver/src/stm32f4xx_fsmc.o
                0x080092a8                FSMC_ITConfig
 .text.FSMC_GetFlagStatus
                0x08009388       0x74 ./Libraries/STM32F4xx_StdPeriph_Driver/src/stm32f4xx_fsmc.o
                0x08009388                FSMC_GetFlagStatus
 .text.FSMC_ClearFlag
                0x080093fc       0x7c ./Libraries/STM32F4xx_StdPeriph_Driver/src/stm32f4xx_fsmc.o
                0x080093fc                FSMC_ClearFlag
 .text.FSMC_GetITStatus
                0x08009478       0x94 ./Libraries/STM32F4xx_StdPeriph_Driver/src/stm32f4xx_fsmc.o
                0x08009478                FSMC_GetITStatus
 .text.FSMC_ClearITPendingBit
                0x0800950c       0x88 ./Libraries/STM32F4xx_StdPeriph_Driver/src/stm32f4xx_fsmc.o
                0x0800950c                FSMC_ClearITPendingBit
 .text.GPIO_DeInit
                0x08009594      0x178 ./Libraries/STM32F4xx_StdPeriph_Driver/src/stm32f4xx_gpio.o
                0x08009594                GPIO_DeInit
 .text.GPIO_Init
                0x0800970c      0x144 ./Libraries/STM32F4xx_StdPeriph_Driver/src/stm32f4xx_gpio.o
                0x0800970c                GPIO_Init
 .text.GPIO_StructInit
                0x08009850       0x3c ./Libraries/STM32F4xx_StdPeriph_Driver/src/stm32f4xx_gpio.o
                0x08009850                GPIO_StructInit
 .text.GPIO_PinLockConfig
                0x0800988c       0x44 ./Libraries/STM32F4xx_StdPeriph_Driver/src/stm32f4xx_gpio.o
                0x0800988c                GPIO_PinLockConfig
 .text.GPIO_ReadInputDataBit
                0x080098d0       0x3c ./Libraries/STM32F4xx_StdPeriph_Driver/src/stm32f4xx_gpio.o
                0x080098d0                GPIO_ReadInputDataBit
 .text.GPIO_ReadInputData
                0x0800990c       0x1c ./Libraries/STM32F4xx_StdPeriph_Driver/src/stm32f4xx_gpio.o
                0x0800990c                GPIO_ReadInputData
 .text.GPIO_ReadOutputDataBit
                0x08009928       0x3c ./Libraries/STM32F4xx_StdPeriph_Driver/src/stm32f4xx_gpio.o
                0x08009928                GPIO_ReadOutputDataBit
 .text.GPIO_ReadOutputData
                0x08009964       0x1c ./Libraries/STM32F4xx_StdPeriph_Driver/src/stm32f4xx_gpio.o
                0x08009964                GPIO_ReadOutputData
 .text.GPIO_SetBits
                0x08009980       0x1c ./Libraries/STM32F4xx_StdPeriph_Driver/src/stm32f4xx_gpio.o
                0x08009980                GPIO_SetBits
 .text.GPIO_ResetBits
                0x0800999c       0x1c ./Libraries/STM32F4xx_StdPeriph_Driver/src/stm32f4xx_gpio.o
                0x0800999c                GPIO_ResetBits
 .text.GPIO_WriteBit
                0x080099b8       0x30 ./Libraries/STM32F4xx_StdPeriph_Driver/src/stm32f4xx_gpio.o
                0x080099b8                GPIO_WriteBit
 .text.GPIO_Write
                0x080099e8       0x1c ./Libraries/STM32F4xx_StdPeriph_Driver/src/stm32f4xx_gpio.o
                0x080099e8                GPIO_Write
 .text.GPIO_ToggleBits
                0x08009a04       0x24 ./Libraries/STM32F4xx_StdPeriph_Driver/src/stm32f4xx_gpio.o
                0x08009a04                GPIO_ToggleBits
 .text.GPIO_PinAFConfig
                0x08009a28       0xa8 ./Libraries/STM32F4xx_StdPeriph_Driver/src/stm32f4xx_gpio.o
                0x08009a28                GPIO_PinAFConfig
 .text.HASH_DeInit
                0x08009ad0       0x20 ./Libraries/STM32F4xx_StdPeriph_Driver/src/stm32f4xx_hash.o
                0x08009ad0                HASH_DeInit
 .text.HASH_Init
                0x08009af0       0xa4 ./Libraries/STM32F4xx_StdPeriph_Driver/src/stm32f4xx_hash.o
                0x08009af0                HASH_Init
 .text.HASH_StructInit
                0x08009b94       0x34 ./Libraries/STM32F4xx_StdPeriph_Driver/src/stm32f4xx_hash.o
                0x08009b94                HASH_StructInit
 .text.HASH_Reset
                0x08009bc8       0x24 ./Libraries/STM32F4xx_StdPeriph_Driver/src/stm32f4xx_hash.o
                0x08009bc8                HASH_Reset
 .text.HASH_SetLastWordValidBitsNbr
                0x08009bec       0x44 ./Libraries/STM32F4xx_StdPeriph_Driver/src/stm32f4xx_hash.o
                0x08009bec                HASH_SetLastWordValidBitsNbr
 .text.HASH_DataIn
                0x08009c30       0x20 ./Libraries/STM32F4xx_StdPeriph_Driver/src/stm32f4xx_hash.o
                0x08009c30                HASH_DataIn
 .text.HASH_GetInFIFOWordsNbr
                0x08009c50       0x20 ./Libraries/STM32F4xx_StdPeriph_Driver/src/stm32f4xx_hash.o
                0x08009c50                HASH_GetInFIFOWordsNbr
 .text.HASH_GetDigest
                0x08009c70       0x58 ./Libraries/STM32F4xx_StdPeriph_Driver/src/stm32f4xx_hash.o
                0x08009c70                HASH_GetDigest
 .text.HASH_StartDigest
                0x08009cc8       0x24 ./Libraries/STM32F4xx_StdPeriph_Driver/src/stm32f4xx_hash.o
                0x08009cc8                HASH_StartDigest
 .text.HASH_SaveContext
                0x08009cec       0x7c ./Libraries/STM32F4xx_StdPeriph_Driver/src/stm32f4xx_hash.o
                0x08009cec                HASH_SaveContext
 .text.HASH_RestoreContext
                0x08009d68       0x94 ./Libraries/STM32F4xx_StdPeriph_Driver/src/stm32f4xx_hash.o
                0x08009d68                HASH_RestoreContext
 .text.HASH_DMACmd
                0x08009dfc       0x4c ./Libraries/STM32F4xx_StdPeriph_Driver/src/stm32f4xx_hash.o
                0x08009dfc                HASH_DMACmd
 .text.HASH_ITConfig
                0x08009e48       0x58 ./Libraries/STM32F4xx_StdPeriph_Driver/src/stm32f4xx_hash.o
                0x08009e48                HASH_ITConfig
 .text.HASH_GetFlagStatus
                0x08009ea0       0x60 ./Libraries/STM32F4xx_StdPeriph_Driver/src/stm32f4xx_hash.o
                0x08009ea0                HASH_GetFlagStatus
 .text.HASH_ClearFlag
                0x08009f00       0x24 ./Libraries/STM32F4xx_StdPeriph_Driver/src/stm32f4xx_hash.o
                0x08009f00                HASH_ClearFlag
 .text.HASH_GetITStatus
                0x08009f24       0x54 ./Libraries/STM32F4xx_StdPeriph_Driver/src/stm32f4xx_hash.o
                0x08009f24                HASH_GetITStatus
 .text.HASH_ClearITPendingBit
                0x08009f78       0x28 ./Libraries/STM32F4xx_StdPeriph_Driver/src/stm32f4xx_hash.o
                0x08009f78                HASH_ClearITPendingBit
 .text.HASH_MD5
                0x08009fa0      0x140 ./Libraries/STM32F4xx_StdPeriph_Driver/src/stm32f4xx_hash_md5.o
                0x08009fa0                HASH_MD5
 .text.HMAC_MD5
                0x0800a0e0      0x258 ./Libraries/STM32F4xx_StdPeriph_Driver/src/stm32f4xx_hash_md5.o
                0x0800a0e0                HMAC_MD5
 .text.HASH_SHA1
                0x0800a338      0x158 ./Libraries/STM32F4xx_StdPeriph_Driver/src/stm32f4xx_hash_sha1.o
                0x0800a338                HASH_SHA1
 .text.HMAC_SHA1
                0x0800a490      0x270 ./Libraries/STM32F4xx_StdPeriph_Driver/src/stm32f4xx_hash_sha1.o
                0x0800a490                HMAC_SHA1
 .text.I2C_DeInit
                0x0800a700       0x88 ./Libraries/STM32F4xx_StdPeriph_Driver/src/stm32f4xx_i2c.o
                0x0800a700                I2C_DeInit
 .text.I2C_Init
                0x0800a788      0x1ac ./Libraries/STM32F4xx_StdPeriph_Driver/src/stm32f4xx_i2c.o
                0x0800a788                I2C_Init
 .text.I2C_StructInit
                0x0800a934       0x44 ./Libraries/STM32F4xx_StdPeriph_Driver/src/stm32f4xx_i2c.o
                0x0800a934                I2C_StructInit
 .text.I2C_Cmd  0x0800a978       0x40 ./Libraries/STM32F4xx_StdPeriph_Driver/src/stm32f4xx_i2c.o
                0x0800a978                I2C_Cmd
 .text.I2C_GenerateSTART
                0x0800a9b8       0x40 ./Libraries/STM32F4xx_StdPeriph_Driver/src/stm32f4xx_i2c.o
                0x0800a9b8                I2C_GenerateSTART
 .text.I2C_GenerateSTOP
                0x0800a9f8       0x40 ./Libraries/STM32F4xx_StdPeriph_Driver/src/stm32f4xx_i2c.o
                0x0800a9f8                I2C_GenerateSTOP
 .text.I2C_Send7bitAddress
                0x0800aa38       0x3c ./Libraries/STM32F4xx_StdPeriph_Driver/src/stm32f4xx_i2c.o
                0x0800aa38                I2C_Send7bitAddress
 .text.I2C_AcknowledgeConfig
                0x0800aa74       0x40 ./Libraries/STM32F4xx_StdPeriph_Driver/src/stm32f4xx_i2c.o
                0x0800aa74                I2C_AcknowledgeConfig
 .text.I2C_OwnAddress2Config
                0x0800aab4       0x44 ./Libraries/STM32F4xx_StdPeriph_Driver/src/stm32f4xx_i2c.o
                0x0800aab4                I2C_OwnAddress2Config
 .text.I2C_DualAddressCmd
                0x0800aaf8       0x40 ./Libraries/STM32F4xx_StdPeriph_Driver/src/stm32f4xx_i2c.o
                0x0800aaf8                I2C_DualAddressCmd
 .text.I2C_GeneralCallCmd
                0x0800ab38       0x40 ./Libraries/STM32F4xx_StdPeriph_Driver/src/stm32f4xx_i2c.o
                0x0800ab38                I2C_GeneralCallCmd
 .text.I2C_SoftwareResetCmd
                0x0800ab78       0x48 ./Libraries/STM32F4xx_StdPeriph_Driver/src/stm32f4xx_i2c.o
                0x0800ab78                I2C_SoftwareResetCmd
 .text.I2C_StretchClockCmd
                0x0800abc0       0x40 ./Libraries/STM32F4xx_StdPeriph_Driver/src/stm32f4xx_i2c.o
                0x0800abc0                I2C_StretchClockCmd
 .text.I2C_FastModeDutyCycleConfig
                0x0800ac00       0x40 ./Libraries/STM32F4xx_StdPeriph_Driver/src/stm32f4xx_i2c.o
                0x0800ac00                I2C_FastModeDutyCycleConfig
 .text.I2C_NACKPositionConfig
                0x0800ac40       0x40 ./Libraries/STM32F4xx_StdPeriph_Driver/src/stm32f4xx_i2c.o
                0x0800ac40                I2C_NACKPositionConfig
 .text.I2C_SMBusAlertConfig
                0x0800ac80       0x40 ./Libraries/STM32F4xx_StdPeriph_Driver/src/stm32f4xx_i2c.o
                0x0800ac80                I2C_SMBusAlertConfig
 .text.I2C_ARPCmd
                0x0800acc0       0x40 ./Libraries/STM32F4xx_StdPeriph_Driver/src/stm32f4xx_i2c.o
                0x0800acc0                I2C_ARPCmd
 .text.I2C_SendData
                0x0800ad00       0x20 ./Libraries/STM32F4xx_StdPeriph_Driver/src/stm32f4xx_i2c.o
                0x0800ad00                I2C_SendData
 .text.I2C_ReceiveData
                0x0800ad20       0x1c ./Libraries/STM32F4xx_StdPeriph_Driver/src/stm32f4xx_i2c.o
                0x0800ad20                I2C_ReceiveData
 .text.I2C_TransmitPEC
                0x0800ad3c       0x40 ./Libraries/STM32F4xx_StdPeriph_Driver/src/stm32f4xx_i2c.o
                0x0800ad3c                I2C_TransmitPEC
 .text.I2C_PECPositionConfig
                0x0800ad7c       0x40 ./Libraries/STM32F4xx_StdPeriph_Driver/src/stm32f4xx_i2c.o
                0x0800ad7c                I2C_PECPositionConfig
 .text.I2C_CalculatePEC
                0x0800adbc       0x40 ./Libraries/STM32F4xx_StdPeriph_Driver/src/stm32f4xx_i2c.o
                0x0800adbc                I2C_CalculatePEC
 .text.I2C_GetPEC
                0x0800adfc       0x24 ./Libraries/STM32F4xx_StdPeriph_Driver/src/stm32f4xx_i2c.o
                0x0800adfc                I2C_GetPEC
 .text.I2C_DMACmd
                0x0800ae20       0x40 ./Libraries/STM32F4xx_StdPeriph_Driver/src/stm32f4xx_i2c.o
                0x0800ae20                I2C_DMACmd
 .text.I2C_DMALastTransferCmd
                0x0800ae60       0x40 ./Libraries/STM32F4xx_StdPeriph_Driver/src/stm32f4xx_i2c.o
                0x0800ae60                I2C_DMALastTransferCmd
 .text.I2C_ReadRegister
                0x0800aea0       0x30 ./Libraries/STM32F4xx_StdPeriph_Driver/src/stm32f4xx_i2c.o
                0x0800aea0                I2C_ReadRegister
 .text.I2C_ITConfig
                0x0800aed0       0x48 ./Libraries/STM32F4xx_StdPeriph_Driver/src/stm32f4xx_i2c.o
                0x0800aed0                I2C_ITConfig
 .text.I2C_CheckEvent
                0x0800af18       0x70 ./Libraries/STM32F4xx_StdPeriph_Driver/src/stm32f4xx_i2c.o
                0x0800af18                I2C_CheckEvent
 .text.I2C_GetLastEvent
                0x0800af88       0x4c ./Libraries/STM32F4xx_StdPeriph_Driver/src/stm32f4xx_i2c.o
                0x0800af88                I2C_GetLastEvent
 .text.I2C_GetFlagStatus
                0x0800afd4       0x78 ./Libraries/STM32F4xx_StdPeriph_Driver/src/stm32f4xx_i2c.o
                0x0800afd4                I2C_GetFlagStatus
 .text.I2C_ClearFlag
                0x0800b04c       0x30 ./Libraries/STM32F4xx_StdPeriph_Driver/src/stm32f4xx_i2c.o
                0x0800b04c                I2C_ClearFlag
 .text.I2C_GetITStatus
                0x0800b07c       0x64 ./Libraries/STM32F4xx_StdPeriph_Driver/src/stm32f4xx_i2c.o
                0x0800b07c                I2C_GetITStatus
 .text.I2C_ClearITPendingBit
                0x0800b0e0       0x30 ./Libraries/STM32F4xx_StdPeriph_Driver/src/stm32f4xx_i2c.o
                0x0800b0e0                I2C_ClearITPendingBit
 .text.IWDG_WriteAccessCmd
                0x0800b110       0x20 ./Libraries/STM32F4xx_StdPeriph_Driver/src/stm32f4xx_iwdg.o
                0x0800b110                IWDG_WriteAccessCmd
 .text.IWDG_SetPrescaler
                0x0800b130       0x20 ./Libraries/STM32F4xx_StdPeriph_Driver/src/stm32f4xx_iwdg.o
                0x0800b130                IWDG_SetPrescaler
 .text.IWDG_SetReload
                0x0800b150       0x20 ./Libraries/STM32F4xx_StdPeriph_Driver/src/stm32f4xx_iwdg.o
                0x0800b150                IWDG_SetReload
 .text.IWDG_ReloadCounter
                0x0800b170       0x18 ./Libraries/STM32F4xx_StdPeriph_Driver/src/stm32f4xx_iwdg.o
                0x0800b170                IWDG_ReloadCounter
 .text.IWDG_Enable
                0x0800b188       0x18 ./Libraries/STM32F4xx_StdPeriph_Driver/src/stm32f4xx_iwdg.o
                0x0800b188                IWDG_Enable
 .text.IWDG_GetFlagStatus
                0x0800b1a0       0x40 ./Libraries/STM32F4xx_StdPeriph_Driver/src/stm32f4xx_iwdg.o
                0x0800b1a0                IWDG_GetFlagStatus
 .text.PWR_DeInit
                0x0800b1e0       0x20 ./Libraries/STM32F4xx_StdPeriph_Driver/src/stm32f4xx_pwr.o
                0x0800b1e0                PWR_DeInit
 .text.PWR_BackupAccessCmd
                0x0800b200       0x20 ./Libraries/STM32F4xx_StdPeriph_Driver/src/stm32f4xx_pwr.o
                0x0800b200                PWR_BackupAccessCmd
 .text.PWR_PVDLevelConfig
                0x0800b220       0x40 ./Libraries/STM32F4xx_StdPeriph_Driver/src/stm32f4xx_pwr.o
                0x0800b220                PWR_PVDLevelConfig
 .text.PWR_PVDCmd
                0x0800b260       0x20 ./Libraries/STM32F4xx_StdPeriph_Driver/src/stm32f4xx_pwr.o
                0x0800b260                PWR_PVDCmd
 .text.PWR_WakeUpPinCmd
                0x0800b280       0x20 ./Libraries/STM32F4xx_StdPeriph_Driver/src/stm32f4xx_pwr.o
                0x0800b280                PWR_WakeUpPinCmd
 .text.PWR_BackupRegulatorCmd
[...]
 .debug_aranges
                0x00001758       0x58 ./Libraries/STM32F4xx_StdPeriph_Driver/src/stm32f4xx_wwdg.o

.debug_ranges   0x00000000     0x1578
 .debug_ranges  0x00000000       0x20 ./startup_src/startup_stm32f4xx.o
 .debug_ranges  0x00000020       0x10 ./src/main.o
 .debug_ranges  0x00000030       0x20 ./src/system_stm32f4xx.o
 .debug_ranges  0x00000050       0x38 ./Utilities/STM32F4-Discovery/stm32f4_discovery.o
 .debug_ranges  0x00000088      0x158 ./Utilities/STM32F4-Discovery/stm32f4_discovery_lcd.o
 .debug_ranges  0x000001e0       0x30 ./Libraries/STM32F4xx_StdPeriph_Driver/src/misc.o
 .debug_ranges  0x00000210      0x138 ./Libraries/STM32F4xx_StdPeriph_Driver/src/stm32f4xx_adc.o
 .debug_ranges  0x00000348       0xd0 ./Libraries/STM32F4xx_StdPeriph_Driver/src/stm32f4xx_can.o
 .debug_ranges  0x00000418       0x38 ./Libraries/STM32F4xx_StdPeriph_Driver/src/stm32f4xx_crc.o
 .debug_ranges  0x00000450       0x90 ./Libraries/STM32F4xx_StdPeriph_Driver/src/stm32f4xx_cryp.o
 .debug_ranges  0x000004e0       0x20 ./Libraries/STM32F4xx_StdPeriph_Driver/src/stm32f4xx_cryp_aes.o
 .debug_ranges  0x00000500       0x18 ./Libraries/STM32F4xx_StdPeriph_Driver/src/stm32f4xx_cryp_des.o
 .debug_ranges  0x00000518       0x18 ./Libraries/STM32F4xx_StdPeriph_Driver/src/stm32f4xx_cryp_tdes.o
 .debug_ranges  0x00000530       0x90 ./Libraries/STM32F4xx_StdPeriph_Driver/src/stm32f4xx_dac.o
 .debug_ranges  0x000005c0       0x30 ./Libraries/STM32F4xx_StdPeriph_Driver/src/stm32f4xx_dbgmcu.o
 .debug_ranges  0x000005f0       0x80 ./Libraries/STM32F4xx_StdPeriph_Driver/src/stm32f4xx_dcmi.o
 .debug_ranges  0x00000670       0xa0 ./Libraries/STM32F4xx_StdPeriph_Driver/src/stm32f4xx_dma.o
 .debug_ranges  0x00000710       0x48 ./Libraries/STM32F4xx_StdPeriph_Driver/src/stm32f4xx_exti.o
 .debug_ranges  0x00000758       0xf8 ./Libraries/STM32F4xx_StdPeriph_Driver/src/stm32f4xx_flash.o
 .debug_ranges  0x00000850       0xa0 ./Libraries/STM32F4xx_StdPeriph_Driver/src/stm32f4xx_fsmc.o
 .debug_ranges  0x000008f0       0x78 ./Libraries/STM32F4xx_StdPeriph_Driver/src/stm32f4xx_gpio.o
 .debug_ranges  0x00000968       0x90 ./Libraries/STM32F4xx_StdPeriph_Driver/src/stm32f4xx_hash.o
 .debug_ranges  0x000009f8       0x18 ./Libraries/STM32F4xx_StdPeriph_Driver/src/stm32f4xx_hash_md5.o
 .debug_ranges  0x00000a10       0x18 ./Libraries/STM32F4xx_StdPeriph_Driver/src/stm32f4xx_hash_sha1.o
 .debug_ranges  0x00000a28      0x110 ./Libraries/STM32F4xx_StdPeriph_Driver/src/stm32f4xx_i2c.o
 .debug_ranges  0x00000b38       0x38 ./Libraries/STM32F4xx_StdPeriph_Driver/src/stm32f4xx_iwdg.o
 .debug_ranges  0x00000b70       0x68 ./Libraries/STM32F4xx_StdPeriph_Driver/src/stm32f4xx_pwr.o
 .debug_ranges  0x00000bd8      0x168 ./Libraries/STM32F4xx_StdPeriph_Driver/src/stm32f4xx_rcc.o
 .debug_ranges  0x00000d40       0x48 ./Libraries/STM32F4xx_StdPeriph_Driver/src/stm32f4xx_rng.o
 .debug_ranges  0x00000d88      0x1d0 ./Libraries/STM32F4xx_StdPeriph_Driver/src/stm32f4xx_rtc.o
 .debug_ranges  0x00000f58       0xf8 ./Libraries/STM32F4xx_StdPeriph_Driver/src/stm32f4xx_sdio.o
 .debug_ranges  0x00001050       0xd0 ./Libraries/STM32F4xx_StdPeriph_Driver/src/stm32f4xx_spi.o
 .debug_ranges  0x00001120       0x38 ./Libraries/STM32F4xx_StdPeriph_Driver/src/stm32f4xx_syscfg.o
 .debug_ranges  0x00001158      0x2e8 ./Libraries/STM32F4xx_StdPeriph_Driver/src/stm32f4xx_tim.o
 .debug_ranges  0x00001440       0xf0 ./Libraries/STM32F4xx_StdPeriph_Driver/src/stm32f4xx_usart.o
 .debug_ranges  0x00001530       0x48 ./Libraries/STM32F4xx_StdPeriph_Driver/src/stm32f4xx_wwdg.o

.debug_loc      0x00000000     0x8b16
 .debug_loc     0x00000000       0x2c ./src/main.o
 .debug_loc     0x0000002c       0x9c ./src/system_stm32f4xx.o
 .debug_loc     0x000000c8      0x150 ./Utilities/STM32F4-Discovery/stm32f4_discovery.o
 .debug_loc     0x00000218      0x8ec ./Utilities/STM32F4-Discovery/stm32f4_discovery_lcd.o
 .debug_loc     0x00000b04      0x118 ./Libraries/STM32F4xx_StdPeriph_Driver/src/misc.o
 .debug_loc     0x00000c1c      0x838 ./Libraries/STM32F4xx_StdPeriph_Driver/src/stm32f4xx_adc.o
 .debug_loc     0x00001454      0x578 ./Libraries/STM32F4xx_StdPeriph_Driver/src/stm32f4xx_can.o
 .debug_loc     0x000019cc      0x12c ./Libraries/STM32F4xx_StdPeriph_Driver/src/stm32f4xx_crc.o
 .debug_loc     0x00001af8      0x394 ./Libraries/STM32F4xx_StdPeriph_Driver/src/stm32f4xx_cryp.o
 .debug_loc     0x00001e8c       0xae ./Libraries/STM32F4xx_StdPeriph_Driver/src/stm32f4xx_cryp_aes.o
 .debug_loc     0x00001f3a       0x74 ./Libraries/STM32F4xx_StdPeriph_Driver/src/stm32f4xx_cryp_des.o
 .debug_loc     0x00001fae       0x74 ./Libraries/STM32F4xx_StdPeriph_Driver/src/stm32f4xx_cryp_tdes.o
 .debug_loc     0x00002022      0x3ac ./Libraries/STM32F4xx_StdPeriph_Driver/src/stm32f4xx_dac.o
 .debug_loc     0x000023ce      0x100 ./Libraries/STM32F4xx_StdPeriph_Driver/src/stm32f4xx_dbgmcu.o
 .debug_loc     0x000024ce      0x330 ./Libraries/STM32F4xx_StdPeriph_Driver/src/stm32f4xx_dcmi.o
 .debug_loc     0x000027fe      0x428 ./Libraries/STM32F4xx_StdPeriph_Driver/src/stm32f4xx_dma.o
 .debug_loc     0x00002c26      0x1b4 ./Libraries/STM32F4xx_StdPeriph_Driver/src/stm32f4xx_exti.o
 .debug_loc     0x00002dda      0x624 ./Libraries/STM32F4xx_StdPeriph_Driver/src/stm32f4xx_flash.o
 .debug_loc     0x000033fe      0x41c ./Libraries/STM32F4xx_StdPeriph_Driver/src/stm32f4xx_fsmc.o
 .debug_loc     0x0000381a      0x310 ./Libraries/STM32F4xx_StdPeriph_Driver/src/stm32f4xx_gpio.o
 .debug_loc     0x00003b2a      0x388 ./Libraries/STM32F4xx_StdPeriph_Driver/src/stm32f4xx_hash.o
 .debug_loc     0x00003eb2       0x74 ./Libraries/STM32F4xx_StdPeriph_Driver/src/stm32f4xx_hash_md5.o
 .debug_loc     0x00003f26       0x74 ./Libraries/STM32F4xx_StdPeriph_Driver/src/stm32f4xx_hash_sha1.o
 .debug_loc     0x00003f9a      0x738 ./Libraries/STM32F4xx_StdPeriph_Driver/src/stm32f4xx_i2c.o
 .debug_loc     0x000046d2      0x138 ./Libraries/STM32F4xx_StdPeriph_Driver/src/stm32f4xx_iwdg.o
 .debug_loc     0x0000480a      0x288 ./Libraries/STM32F4xx_StdPeriph_Driver/src/stm32f4xx_pwr.o
 .debug_loc     0x00004a92      0x97c ./Libraries/STM32F4xx_StdPeriph_Driver/src/stm32f4xx_rcc.o
 .debug_loc     0x0000540e      0x1a8 ./Libraries/STM32F4xx_StdPeriph_Driver/src/stm32f4xx_rng.o
 .debug_loc     0x000055b6      0xc48 ./Libraries/STM32F4xx_StdPeriph_Driver/src/stm32f4xx_rtc.o
 .debug_loc     0x000061fe      0x648 ./Libraries/STM32F4xx_StdPeriph_Driver/src/stm32f4xx_sdio.o
 .debug_loc     0x00006846      0x578 ./Libraries/STM32F4xx_StdPeriph_Driver/src/stm32f4xx_spi.o
 .debug_loc     0x00006dbe      0x144 ./Libraries/STM32F4xx_StdPeriph_Driver/src/stm32f4xx_syscfg.o
 .debug_loc     0x00006f02     0x1420 ./Libraries/STM32F4xx_StdPeriph_Driver/src/stm32f4xx_tim.o
 .debug_loc     0x00008322      0x658 ./Libraries/STM32F4xx_StdPeriph_Driver/src/stm32f4xx_usart.o
 .debug_loc     0x0000897a      0x19c ./Libraries/STM32F4xx_StdPeriph_Driver/src/stm32f4xx_wwdg.o

.debug_str      0x00000000     0x6cec
 .debug_str     0x00000000       0xbe ./src/main.o
                                 0xff (size before relaxing)
 .debug_str     0x000000be      0x218 ./src/system_stm32f4xx.o
                                0x31d (size before relaxing)
 .debug_str     0x000002d6       0xa7 ./Utilities/STM32F4-Discovery/fonts.o
                                0x188 (size before relaxing)
 .debug_str     0x0000037d      0x9b5 ./Utilities/STM32F4-Discovery/stm32f4_discovery.o
                                0xabb (size before relaxing)
 .debug_str     0x00000d32      0x62b ./Utilities/STM32F4-Discovery/stm32f4_discovery_lcd.o
                                0x947 (size before relaxing)
 .debug_str     0x0000135d      0x151 ./Libraries/STM32F4xx_StdPeriph_Driver/src/misc.o
                                0x36b (size before relaxing)
 .debug_str     0x000014ae      0x634 ./Libraries/STM32F4xx_StdPeriph_Driver/src/stm32f4xx_adc.o
                                0x796 (size before relaxing)
 .debug_str     0x00001ae2      0x51d ./Libraries/STM32F4xx_StdPeriph_Driver/src/stm32f4xx_can.o
                                0x6d0 (size before relaxing)
 .debug_str     0x00001fff       0xbd ./Libraries/STM32F4xx_StdPeriph_Driver/src/stm32f4xx_crc.o
                                0x1dd (size before relaxing)
 .debug_str     0x000020bc      0x3ae ./Libraries/STM32F4xx_StdPeriph_Driver/src/stm32f4xx_cryp.o
                                0x54f (size before relaxing)
 .debug_str     0x0000246a      0x110 ./Libraries/STM32F4xx_StdPeriph_Driver/src/stm32f4xx_cryp_aes.o
                                0x379 (size before relaxing)
 .debug_str     0x0000257a       0x5b ./Libraries/STM32F4xx_StdPeriph_Driver/src/stm32f4xx_cryp_des.o
                                0x364 (size before relaxing)
 .debug_str     0x000025d5       0xab ./Libraries/STM32F4xx_StdPeriph_Driver/src/stm32f4xx_cryp_tdes.o
                                0x36a (size before relaxing)
 .debug_str     0x00002680      0x271 ./Libraries/STM32F4xx_StdPeriph_Driver/src/stm32f4xx_dac.o
                                0x3e5 (size before relaxing)
 .debug_str     0x000028f1       0xcf ./Libraries/STM32F4xx_StdPeriph_Driver/src/stm32f4xx_dbgmcu.o
                                0x1e7 (size before relaxing)
 .debug_str     0x000029c0      0x303 ./Libraries/STM32F4xx_StdPeriph_Driver/src/stm32f4xx_dcmi.o
                                0x46b (size before relaxing)
 .debug_str     0x00002cc3      0x377 ./Libraries/STM32F4xx_StdPeriph_Driver/src/stm32f4xx_dma.o
                                0x4de (size before relaxing)
 .debug_str     0x0000303a       0xf3 ./Libraries/STM32F4xx_StdPeriph_Driver/src/stm32f4xx_exti.o
                                0x300 (size before relaxing)
 .debug_str     0x0000312d      0x3a0 ./Libraries/STM32F4xx_StdPeriph_Driver/src/stm32f4xx_flash.o
                                0x519 (size before relaxing)
 .debug_str     0x000034cd      0x3eb ./Libraries/STM32F4xx_StdPeriph_Driver/src/stm32f4xx_fsmc.o
                                0x726 (size before relaxing)
 .debug_str     0x000038b8      0x18b ./Libraries/STM32F4xx_StdPeriph_Driver/src/stm32f4xx_gpio.o
                                0x435 (size before relaxing)
 .debug_str     0x00003a43      0x263 ./Libraries/STM32F4xx_StdPeriph_Driver/src/stm32f4xx_hash.o
                                0x3c4 (size before relaxing)
 .debug_str     0x00003ca6       0xa7 ./Libraries/STM32F4xx_StdPeriph_Driver/src/stm32f4xx_hash_md5.o
                                0x284 (size before relaxing)
 .debug_str     0x00003d4d       0x81 ./Libraries/STM32F4xx_StdPeriph_Driver/src/stm32f4xx_hash_sha1.o
                                0x289 (size before relaxing)
 .debug_str     0x00003dce      0x41b ./Libraries/STM32F4xx_StdPeriph_Driver/src/stm32f4xx_i2c.o
                                0x5f7 (size before relaxing)
 .debug_str     0x000041e9       0xdb ./Libraries/STM32F4xx_StdPeriph_Driver/src/stm32f4xx_iwdg.o
                                0x1fe (size before relaxing)
 .debug_str     0x000042c4      0x16e ./Libraries/STM32F4xx_StdPeriph_Driver/src/stm32f4xx_pwr.o
                                0x323 (size before relaxing)
 .debug_str     0x00004432      0x4f0 ./Libraries/STM32F4xx_StdPeriph_Driver/src/stm32f4xx_rcc.o
                                0x7e2 (size before relaxing)
 .debug_str     0x00004922       0xd2 ./Libraries/STM32F4xx_StdPeriph_Driver/src/stm32f4xx_rng.o
                                0x216 (size before relaxing)
 .debug_str     0x000049f4      0x957 ./Libraries/STM32F4xx_StdPeriph_Driver/src/stm32f4xx_rtc.o
                                0xae5 (size before relaxing)
 .debug_str     0x0000534b      0x479 ./Libraries/STM32F4xx_StdPeriph_Driver/src/stm32f4xx_sdio.o
                                0x5dd (size before relaxing)
 .debug_str     0x000057c4      0x38c ./Libraries/STM32F4xx_StdPeriph_Driver/src/stm32f4xx_spi.o
                                0x61c (size before relaxing)
 .debug_str     0x00005b50      0x14d ./Libraries/STM32F4xx_StdPeriph_Driver/src/stm32f4xx_syscfg.o
                                0x291 (size before relaxing)
 .debug_str     0x00005c9d      0xb55 ./Libraries/STM32F4xx_StdPeriph_Driver/src/stm32f4xx_tim.o
                                0xd62 (size before relaxing)
 .debug_str     0x000067f2      0x423 ./Libraries/STM32F4xx_StdPeriph_Driver/src/stm32f4xx_usart.o
                                0x621 (size before relaxing)
 .debug_str     0x00006c15       0xd7 ./Libraries/STM32F4xx_StdPeriph_Driver/src/stm32f4xx_wwdg.o
                                0x214 (size before relaxing)

.comment        0x00000000       0x30
 .comment       0x00000000       0x30 ./src/main.o
                                 0x31 (size before relaxing)
 .comment       0x00000000       0x31 ./src/system_stm32f4xx.o
 .comment       0x00000000       0x31 ./Utilities/STM32F4-Discovery/fonts.o
 .comment       0x00000000       0x31 ./Utilities/STM32F4-Discovery/stm32f4_discovery.o
 .comment       0x00000000       0x31 ./Utilities/STM32F4-Discovery/stm32f4_discovery_lcd.o
 .comment       0x00000000       0x31 ./Libraries/STM32F4xx_StdPeriph_Driver/src/misc.o
 .comment       0x00000000       0x31 ./Libraries/STM32F4xx_StdPeriph_Driver/src/stm32f4xx_adc.o
 .comment       0x00000000       0x31 ./Libraries/STM32F4xx_StdPeriph_Driver/src/stm32f4xx_can.o
 .comment       0x00000000       0x31 ./Libraries/STM32F4xx_StdPeriph_Driver/src/stm32f4xx_crc.o
 .comment       0x00000000       0x31 ./Libraries/STM32F4xx_StdPeriph_Driver/src/stm32f4xx_cryp.o
 .comment       0x00000000       0x31 ./Libraries/STM32F4xx_StdPeriph_Driver/src/stm32f4xx_cryp_aes.o
 .comment       0x00000000       0x31 ./Libraries/STM32F4xx_StdPeriph_Driver/src/stm32f4xx_cryp_des.o
 .comment       0x00000000       0x31 ./Libraries/STM32F4xx_StdPeriph_Driver/src/stm32f4xx_cryp_tdes.o
 .comment       0x00000000       0x31 ./Libraries/STM32F4xx_StdPeriph_Driver/src/stm32f4xx_dac.o
 .comment       0x00000000       0x31 ./Libraries/STM32F4xx_StdPeriph_Driver/src/stm32f4xx_dbgmcu.o
 .comment       0x00000000       0x31 ./Libraries/STM32F4xx_StdPeriph_Driver/src/stm32f4xx_dcmi.o
 .comment       0x00000000       0x31 ./Libraries/STM32F4xx_StdPeriph_Driver/src/stm32f4xx_dma.o
 .comment       0x00000000       0x31 ./Libraries/STM32F4xx_StdPeriph_Driver/src/stm32f4xx_exti.o
 .comment       0x00000000       0x31 ./Libraries/STM32F4xx_StdPeriph_Driver/src/stm32f4xx_flash.o
 .comment       0x00000000       0x31 ./Libraries/STM32F4xx_StdPeriph_Driver/src/stm32f4xx_fsmc.o
 .comment       0x00000000       0x31 ./Libraries/STM32F4xx_StdPeriph_Driver/src/stm32f4xx_gpio.o
 .comment       0x00000000       0x31 ./Libraries/STM32F4xx_StdPeriph_Driver/src/stm32f4xx_hash.o
 .comment       0x00000000       0x31 ./Libraries/STM32F4xx_StdPeriph_Driver/src/stm32f4xx_hash_md5.o
 .comment       0x00000000       0x31 ./Libraries/STM32F4xx_StdPeriph_Driver/src/stm32f4xx_hash_sha1.o
 .comment       0x00000000       0x31 ./Libraries/STM32F4xx_StdPeriph_Driver/src/stm32f4xx_i2c.o
 .comment       0x00000000       0x31 ./Libraries/STM32F4xx_StdPeriph_Driver/src/stm32f4xx_iwdg.o
 .comment       0x00000000       0x31 ./Libraries/STM32F4xx_StdPeriph_Driver/src/stm32f4xx_pwr.o
 .comment       0x00000000       0x31 ./Libraries/STM32F4xx_StdPeriph_Driver/src/stm32f4xx_rcc.o
 .comment       0x00000000       0x31 ./Libraries/STM32F4xx_StdPeriph_Driver/src/stm32f4xx_rng.o
 .comment       0x00000000       0x31 ./Libraries/STM32F4xx_StdPeriph_Driver/src/stm32f4xx_rtc.o
 .comment       0x00000000       0x31 ./Libraries/STM32F4xx_StdPeriph_Driver/src/stm32f4xx_sdio.o
 .comment       0x00000000       0x31 ./Libraries/STM32F4xx_StdPeriph_Driver/src/stm32f4xx_spi.o
 .comment       0x00000000       0x31 ./Libraries/STM32F4xx_StdPeriph_Driver/src/stm32f4xx_syscfg.o
 .comment       0x00000000       0x31 ./Libraries/STM32F4xx_StdPeriph_Driver/src/stm32f4xx_tim.o
 .comment       0x00000000       0x31 ./Libraries/STM32F4xx_StdPeriph_Driver/src/stm32f4xx_usart.o
 .comment       0x00000000       0x31 ./Libraries/STM32F4xx_StdPeriph_Driver/src/stm32f4xx_wwdg.o

.debug_frame    0x00000000     0x4ad0
 .debug_frame   0x00000000       0x2c ./src/main.o
 .debug_frame   0x0000002c       0x64 ./src/system_stm32f4xx.o
 .debug_frame   0x00000090       0xc4 ./Utilities/STM32F4-Discovery/stm32f4_discovery.o
 .debug_frame   0x00000154      0x524 ./Utilities/STM32F4-Discovery/stm32f4_discovery_lcd.o
 .debug_frame   0x00000678       0x9c ./Libraries/STM32F4xx_StdPeriph_Driver/src/misc.o
 .debug_frame   0x00000714      0x438 ./Libraries/STM32F4xx_StdPeriph_Driver/src/stm32f4xx_adc.o
 .debug_frame   0x00000b4c      0x2d4 ./Libraries/STM32F4xx_StdPeriph_Driver/src/stm32f4xx_can.o
 .debug_frame   0x00000e20       0xb8 ./Libraries/STM32F4xx_StdPeriph_Driver/src/stm32f4xx_crc.o
 .debug_frame   0x00000ed8      0x1ec ./Libraries/STM32F4xx_StdPeriph_Driver/src/stm32f4xx_cryp.o
 .debug_frame   0x000010c4       0x7c ./Libraries/STM32F4xx_StdPeriph_Driver/src/stm32f4xx_cryp_aes.o
 .debug_frame   0x00001140       0x58 ./Libraries/STM32F4xx_StdPeriph_Driver/src/stm32f4xx_cryp_des.o
 .debug_frame   0x00001198       0x58 ./Libraries/STM32F4xx_StdPeriph_Driver/src/stm32f4xx_cryp_tdes.o
 .debug_frame   0x000011f0      0x1ec ./Libraries/STM32F4xx_StdPeriph_Driver/src/stm32f4xx_dac.o
 .debug_frame   0x000013dc       0x9c ./Libraries/STM32F4xx_StdPeriph_Driver/src/stm32f4xx_dbgmcu.o
 .debug_frame   0x00001478      0x1b4 ./Libraries/STM32F4xx_StdPeriph_Driver/src/stm32f4xx_dcmi.o
 .debug_frame   0x0000162c      0x224 ./Libraries/STM32F4xx_StdPeriph_Driver/src/stm32f4xx_dma.o
 .debug_frame   0x00001850       0xf0 ./Libraries/STM32F4xx_StdPeriph_Driver/src/stm32f4xx_exti.o
 .debug_frame   0x00001940      0x384 ./Libraries/STM32F4xx_StdPeriph_Driver/src/stm32f4xx_flash.o
 .debug_frame   0x00001cc4      0x228 ./Libraries/STM32F4xx_StdPeriph_Driver/src/stm32f4xx_fsmc.o
 .debug_frame   0x00001eec      0x19c ./Libraries/STM32F4xx_StdPeriph_Driver/src/stm32f4xx_gpio.o
 .debug_frame   0x00002088      0x1ec ./Libraries/STM32F4xx_StdPeriph_Driver/src/stm32f4xx_hash.o
 .debug_frame   0x00002274       0x58 ./Libraries/STM32F4xx_StdPeriph_Driver/src/stm32f4xx_hash_md5.o
 .debug_frame   0x000022cc       0x58 ./Libraries/STM32F4xx_StdPeriph_Driver/src/stm32f4xx_hash_sha1.o
 .debug_frame   0x00002324      0x3b4 ./Libraries/STM32F4xx_StdPeriph_Driver/src/stm32f4xx_i2c.o
 .debug_frame   0x000026d8       0xb8 ./Libraries/STM32F4xx_StdPeriph_Driver/src/stm32f4xx_iwdg.o
 .debug_frame   0x00002790      0x160 ./Libraries/STM32F4xx_StdPeriph_Driver/src/stm32f4xx_pwr.o
 .debug_frame   0x000028f0      0x4e4 ./Libraries/STM32F4xx_StdPeriph_Driver/src/stm32f4xx_rcc.o
 .debug_frame   0x00002dd4       0xf0 ./Libraries/STM32F4xx_StdPeriph_Driver/src/stm32f4xx_rng.o
 .debug_frame   0x00002ec4      0x68c ./Libraries/STM32F4xx_StdPeriph_Driver/src/stm32f4xx_rtc.o
 .debug_frame   0x00003550      0x358 ./Libraries/STM32F4xx_StdPeriph_Driver/src/stm32f4xx_sdio.o
 .debug_frame   0x000038a8      0x2d0 ./Libraries/STM32F4xx_StdPeriph_Driver/src/stm32f4xx_spi.o
 .debug_frame   0x00003b78       0xbc ./Libraries/STM32F4xx_StdPeriph_Driver/src/stm32f4xx_syscfg.o
 .debug_frame   0x00003c34      0xa3c ./Libraries/STM32F4xx_StdPeriph_Driver/src/stm32f4xx_tim.o
 .debug_frame   0x00004670      0x344 ./Libraries/STM32F4xx_StdPeriph_Driver/src/stm32f4xx_usart.o
 .debug_frame   0x000049b4       0xf0 ./Libraries/STM32F4xx_StdPeriph_Driver/src/stm32f4xx_wwdg.o
 .debug_frame   0x00004aa4       0x2c c:/program files (x86)/codesourcery/sourcery_codebench_lite_for_arm_eabi/bin/../lib/gcc/arm-none-eabi/4.6.3/../../../../arm-none-eabi/lib/thumb2\libc.a(lib_a-init.o)
