Archive member included because of file (symbol)

c:/program files (x86)/codesourcery/sourcery_codebench_lite_for_arm_eabi/bin/../lib/gcc/arm-none-eabi/4.6.3/thumb2\libgcc.a(_arm_addsubdf3.o)
                              ./Utilities/STM32F4-Discovery/stm32f4_discovery_lcd.o (__aeabi_ui2d)
c:/program files (x86)/codesourcery/sourcery_codebench_lite_for_arm_eabi/bin/../lib/gcc/arm-none-eabi/4.6.3/thumb2\libgcc.a(_arm_cmpdf2.o)
                              ./Utilities/STM32F4-Discovery/stm32f4_discovery_lcd.o (__aeabi_dcmplt)
c:/program files (x86)/codesourcery/sourcery_codebench_lite_for_arm_eabi/bin/../lib/gcc/arm-none-eabi/4.6.3/../../../../arm-none-eabi/lib/thumb2\libc.a(lib_a-impure.o)
                              ./startup_src/newlib_stubs.o (_impure_ptr)
c:/program files (x86)/codesourcery/sourcery_codebench_lite_for_arm_eabi/bin/../lib/gcc/arm-none-eabi/4.6.3/../../../../arm-none-eabi/lib/thumb2\libc.a(lib_a-init.o)
                              ./startup_src/startup_stm32f4xx.o (__libc_init_array)

Allocating common symbols
Common symbol       size              file

NVIC_InitStructure  0x4               ./Utilities/STM32F4-Discovery/stm32f4_discovery.o

Memory Configuration

Name             Origin             Length             Attributes
FLASH            0x08000000         0x00100000         xr
RAM              0x20000000         0x00020000         xrw
MEMORY_B1        0x60000000         0x00000000         xr
*default*        0x00000000         0xffffffff

Linker script and memory map

LOAD c:/program files (x86)/codesourcery/sourcery_codebench_lite_for_arm_eabi/bin/../lib/gcc/arm-none-eabi/4.6.3/thumb2/crti.o
LOAD c:/program files (x86)/codesourcery/sourcery_codebench_lite_for_arm_eabi/bin/../lib/gcc/arm-none-eabi/4.6.3/thumb2/crtbegin.o
LOAD ./startup_src/newlib_stubs.o
LOAD ./startup_src/startup_stm32f4xx.o
LOAD ./src/main.o
LOAD ./src/system_stm32f4xx.o
LOAD ./Utilities/STM32F4-Discovery/fonts.o
LOAD ./Utilities/STM32F4-Discovery/stm32f4_discovery.o
LOAD ./Utilities/STM32F4-Discovery/stm32f4_discovery_debug.o
LOAD ./Utilities/STM32F4-Discovery/stm32f4_discovery_lcd.o
LOAD ./Libraries/STM32F4xx_StdPeriph_Driver/src/misc.o
LOAD ./Libraries/STM32F4xx_StdPeriph_Driver/src/stm32f4xx_adc.o
LOAD ./Libraries/STM32F4xx_StdPeriph_Driver/src/stm32f4xx_can.o
LOAD ./Libraries/STM32F4xx_StdPeriph_Driver/src/stm32f4xx_crc.o
LOAD ./Libraries/STM32F4xx_StdPeriph_Driver/src/stm32f4xx_cryp.o
LOAD ./Libraries/STM32F4xx_StdPeriph_Driver/src/stm32f4xx_cryp_aes.o
LOAD ./Libraries/STM32F4xx_StdPeriph_Driver/src/stm32f4xx_cryp_des.o
LOAD ./Libraries/STM32F4xx_StdPeriph_Driver/src/stm32f4xx_cryp_tdes.o
LOAD ./Libraries/STM32F4xx_StdPeriph_Driver/src/stm32f4xx_dac.o
LOAD ./Libraries/STM32F4xx_StdPeriph_Driver/src/stm32f4xx_dbgmcu.o
LOAD ./Libraries/STM32F4xx_StdPeriph_Driver/src/stm32f4xx_dcmi.o
LOAD ./Libraries/STM32F4xx_StdPeriph_Driver/src/stm32f4xx_dma.o
LOAD ./Libraries/STM32F4xx_StdPeriph_Driver/src/stm32f4xx_exti.o
LOAD ./Libraries/STM32F4xx_StdPeriph_Driver/src/stm32f4xx_flash.o
LOAD ./Libraries/STM32F4xx_StdPeriph_Driver/src/stm32f4xx_fsmc.o
LOAD ./Libraries/STM32F4xx_StdPeriph_Driver/src/stm32f4xx_gpio.o
LOAD ./Libraries/STM32F4xx_StdPeriph_Driver/src/stm32f4xx_hash.o
LOAD ./Libraries/STM32F4xx_StdPeriph_Driver/src/stm32f4xx_hash_md5.o
LOAD ./Libraries/STM32F4xx_StdPeriph_Driver/src/stm32f4xx_hash_sha1.o
LOAD ./Libraries/STM32F4xx_StdPeriph_Driver/src/stm32f4xx_i2c.o
LOAD ./Libraries/STM32F4xx_StdPeriph_Driver/src/stm32f4xx_iwdg.o
LOAD ./Libraries/STM32F4xx_StdPeriph_Driver/src/stm32f4xx_pwr.o
LOAD ./Libraries/STM32F4xx_StdPeriph_Driver/src/stm32f4xx_rcc.o
LOAD ./Libraries/STM32F4xx_StdPeriph_Driver/src/stm32f4xx_rng.o
LOAD ./Libraries/STM32F4xx_StdPeriph_Driver/src/stm32f4xx_rtc.o
LOAD ./Libraries/STM32F4xx_StdPeriph_Driver/src/stm32f4xx_sdio.o
LOAD ./Libraries/STM32F4xx_StdPeriph_Driver/src/stm32f4xx_spi.o
LOAD ./Libraries/STM32F4xx_StdPeriph_Driver/src/stm32f4xx_syscfg.o
LOAD ./Libraries/STM32F4xx_StdPeriph_Driver/src/stm32f4xx_tim.o
LOAD ./Libraries/STM32F4xx_StdPeriph_Driver/src/stm32f4xx_usart.o
LOAD ./Libraries/STM32F4xx_StdPeriph_Driver/src/stm32f4xx_wwdg.o
START GROUP
LOAD c:/program files (x86)/codesourcery/sourcery_codebench_lite_for_arm_eabi/bin/../lib/gcc/arm-none-eabi/4.6.3/thumb2\libgcc.a
LOAD c:/program files (x86)/codesourcery/sourcery_codebench_lite_for_arm_eabi/bin/../lib/gcc/arm-none-eabi/4.6.3/../../../../arm-none-eabi/lib/thumb2\libc.a
END GROUP
LOAD c:/program files (x86)/codesourcery/sourcery_codebench_lite_for_arm_eabi/bin/../lib/gcc/arm-none-eabi/4.6.3/thumb2/crtend.o
LOAD c:/program files (x86)/codesourcery/sourcery_codebench_lite_for_arm_eabi/bin/../lib/gcc/arm-none-eabi/4.6.3/thumb2/crtn.o
                0x20020000                _estack = 0x20020000
                0x00000000                _Min_Heap_Size = 0x0
                0x00000400                _Min_Stack_Size = 0x400

.isr_vector     0x08000000      0x188
                0x08000000                . = ALIGN (0x4)
 *(.isr_vector)
 .isr_vector    0x08000000      0x188 ./startup_src/startup_stm32f4xx.o
                0x08000000                g_pfnVectors
                0x08000188                . = ALIGN (0x4)

.text           0x08000188    0x15020
                0x08000188                . = ALIGN (0x4)
 *(.text)
 .text          0x08000188        0x0 c:/program files (x86)/codesourcery/sourcery_codebench_lite_for_arm_eabi/bin/../lib/gcc/arm-none-eabi/4.6.3/thumb2/crti.o
 .text          0x08000188       0x68 c:/program files (x86)/codesourcery/sourcery_codebench_lite_for_arm_eabi/bin/../lib/gcc/arm-none-eabi/4.6.3/thumb2/crtbegin.o
 .text          0x080001f0        0x0 ./startup_src/newlib_stubs.o
 .text          0x080001f0       0x14 ./startup_src/startup_stm32f4xx.o
 .text          0x08000204        0x0 ./src/main.o
 .text          0x08000204        0x0 ./src/system_stm32f4xx.o
 .text          0x08000204        0x0 ./Utilities/STM32F4-Discovery/fonts.o
 .text          0x08000204        0x0 ./Utilities/STM32F4-Discovery/stm32f4_discovery.o
 .text          0x08000204        0x0 ./Utilities/STM32F4-Discovery/stm32f4_discovery_debug.o
 .text          0x08000204        0x0 ./Utilities/STM32F4-Discovery/stm32f4_discovery_lcd.o
 .text          0x08000204        0x0 ./Libraries/STM32F4xx_StdPeriph_Driver/src/misc.o
 .text          0x08000204        0x0 ./Libraries/STM32F4xx_StdPeriph_Driver/src/stm32f4xx_adc.o
 .text          0x08000204        0x0 ./Libraries/STM32F4xx_StdPeriph_Driver/src/stm32f4xx_can.o
 .text          0x08000204        0x0 ./Libraries/STM32F4xx_StdPeriph_Driver/src/stm32f4xx_crc.o
 .text          0x08000204        0x0 ./Libraries/STM32F4xx_StdPeriph_Driver/src/stm32f4xx_cryp.o
 .text          0x08000204        0x0 ./Libraries/STM32F4xx_StdPeriph_Driver/src/stm32f4xx_cryp_aes.o
 .text          0x08000204        0x0 ./Libraries/STM32F4xx_StdPeriph_Driver/src/stm32f4xx_cryp_des.o
 .text          0x08000204        0x0 ./Libraries/STM32F4xx_StdPeriph_Driver/src/stm32f4xx_cryp_tdes.o
 .text          0x08000204        0x0 ./Libraries/STM32F4xx_StdPeriph_Driver/src/stm32f4xx_dac.o
 .text          0x08000204        0x0 ./Libraries/STM32F4xx_StdPeriph_Driver/src/stm32f4xx_dbgmcu.o
 .text          0x08000204        0x0 ./Libraries/STM32F4xx_StdPeriph_Driver/src/stm32f4xx_dcmi.o
 .text          0x08000204        0x0 ./Libraries/STM32F4xx_StdPeriph_Driver/src/stm32f4xx_dma.o
 .text          0x08000204        0x0 ./Libraries/STM32F4xx_StdPeriph_Driver/src/stm32f4xx_exti.o
 .text          0x08000204        0x0 ./Libraries/STM32F4xx_StdPeriph_Driver/src/stm32f4xx_flash.o
 .text          0x08000204        0x0 ./Libraries/STM32F4xx_StdPeriph_Driver/src/stm32f4xx_fsmc.o
 .text          0x08000204        0x0 ./Libraries/STM32F4xx_StdPeriph_Driver/src/stm32f4xx_gpio.o
 .text          0x08000204        0x0 ./Libraries/STM32F4xx_StdPeriph_Driver/src/stm32f4xx_hash.o
 .text          0x08000204        0x0 ./Libraries/STM32F4xx_StdPeriph_Driver/src/stm32f4xx_hash_md5.o
 .text          0x08000204        0x0 ./Libraries/STM32F4xx_StdPeriph_Driver/src/stm32f4xx_hash_sha1.o
 .text          0x08000204        0x0 ./Libraries/STM32F4xx_StdPeriph_Driver/src/stm32f4xx_i2c.o
 .text          0x08000204        0x0 ./Libraries/STM32F4xx_StdPeriph_Driver/src/stm32f4xx_iwdg.o
 .text          0x08000204        0x0 ./Libraries/STM32F4xx_StdPeriph_Driver/src/stm32f4xx_pwr.o
 .text          0x08000204        0x0 ./Libraries/STM32F4xx_StdPeriph_Driver/src/stm32f4xx_rcc.o
 .text          0x08000204        0x0 ./Libraries/STM32F4xx_StdPeriph_Driver/src/stm32f4xx_rng.o
 .text          0x08000204        0x0 ./Libraries/STM32F4xx_StdPeriph_Driver/src/stm32f4xx_rtc.o
 .text          0x08000204        0x0 ./Libraries/STM32F4xx_StdPeriph_Driver/src/stm32f4xx_sdio.o
 .text          0x08000204        0x0 ./Libraries/STM32F4xx_StdPeriph_Driver/src/stm32f4xx_spi.o
 .text          0x08000204        0x0 ./Libraries/STM32F4xx_StdPeriph_Driver/src/stm32f4xx_syscfg.o
 .text          0x08000204        0x0 ./Libraries/STM32F4xx_StdPeriph_Driver/src/stm32f4xx_tim.o
 .text          0x08000204        0x0 ./Libraries/STM32F4xx_StdPeriph_Driver/src/stm32f4xx_usart.o
 .text          0x08000204        0x0 ./Libraries/STM32F4xx_StdPeriph_Driver/src/stm32f4xx_wwdg.o
 .text          0x08000204      0x370 c:/program files (x86)/codesourcery/sourcery_codebench_lite_for_arm_eabi/bin/../lib/gcc/arm-none-eabi/4.6.3/thumb2\libgcc.a(_arm_addsubdf3.o)
                0x08000204                __aeabi_drsub
                0x0800020c                __aeabi_dsub
                0x0800020c                __subdf3
                0x08000210                __aeabi_dadd
                0x08000210                __adddf3
                0x08000488                __floatunsidf
                0x08000488                __aeabi_ui2d
                0x080004a8                __floatsidf
                0x080004a8                __aeabi_i2d
                0x080004cc                __aeabi_f2d
                0x080004cc                __extendsfdf2
                0x08000508                __floatundidf
                0x08000508                __aeabi_ul2d
                0x08000518                __floatdidf
                0x08000518                __aeabi_l2d
 .text          0x08000574      0x110 c:/program files (x86)/codesourcery/sourcery_codebench_lite_for_arm_eabi/bin/../lib/gcc/arm-none-eabi/4.6.3/thumb2\libgcc.a(_arm_cmpdf2.o)
                0x08000574                __gtdf2
                0x08000574                __gedf2
                0x0800057c                __ltdf2
                0x0800057c                __ledf2
                0x08000584                __nedf2
                0x08000584                __eqdf2
                0x08000584                __cmpdf2
                0x08000600                __aeabi_cdrcmple
                0x08000610                __aeabi_cdcmpeq
                0x08000610                __aeabi_cdcmple
                0x08000620                __aeabi_dcmpeq
                0x08000634                __aeabi_dcmplt
                0x08000648                __aeabi_dcmple
                0x0800065c                __aeabi_dcmpge
                0x08000670                __aeabi_dcmpgt
 .text          0x08000684        0x0 c:/program files (x86)/codesourcery/sourcery_codebench_lite_for_arm_eabi/bin/../lib/gcc/arm-none-eabi/4.6.3/../../../../arm-none-eabi/lib/thumb2\libc.a(lib_a-impure.o)
 .text          0x08000684       0x50 c:/program files (x86)/codesourcery/sourcery_codebench_lite_for_arm_eabi/bin/../lib/gcc/arm-none-eabi/4.6.3/../../../../arm-none-eabi/lib/thumb2\libc.a(lib_a-init.o)
                0x08000684                __libc_init_array
 .text          0x080006d4        0x0 c:/program files (x86)/codesourcery/sourcery_codebench_lite_for_arm_eabi/bin/../lib/gcc/arm-none-eabi/4.6.3/thumb2/crtend.o
 .text          0x080006d4        0x0 c:/program files (x86)/codesourcery/sourcery_codebench_lite_for_arm_eabi/bin/../lib/gcc/arm-none-eabi/4.6.3/thumb2/crtn.o
 *(.text*)
 .text._sbrk    0x080006d4       0x5c ./startup_src/newlib_stubs.o
                0x080006d4                _sbrk
 .text._close   0x08000730       0x18 ./startup_src/newlib_stubs.o
                0x08000730                _close
 .text._fstat   0x08000748       0x24 ./startup_src/newlib_stubs.o
                0x08000748                _fstat
 .text._isatty  0x0800076c       0x18 ./startup_src/newlib_stubs.o
                0x0800076c                _isatty
 .text._lseek   0x08000784       0x1c ./startup_src/newlib_stubs.o
                0x08000784                _lseek
 .text._read    0x080007a0       0x1c ./startup_src/newlib_stubs.o
                0x080007a0                _read
 .text._write   0x080007bc       0x1c ./startup_src/newlib_stubs.o
                0x080007bc                _write
 .text.PutChar  0x080007d8       0x24 ./startup_src/newlib_stubs.o
                0x080007d8                PutChar
 .text.PutString
                0x080007fc       0x48 ./startup_src/newlib_stubs.o
                0x080007fc                PutString
 .text.PutUnsignedInt
                0x08000844       0xbc ./startup_src/newlib_stubs.o
                0x08000844                PutUnsignedInt
 .text.PutSignedInt
                0x08000900      0x12c ./startup_src/newlib_stubs.o
                0x08000900                PutSignedInt
 .text.PutHexa  0x08000a2c       0xe8 ./startup_src/newlib_stubs.o
                0x08000a2c                PutHexa
 .text.vsnprintf
                0x08000b14      0x2a4 ./startup_src/newlib_stubs.o
                0x08000b14                vsnprintf
 .text.snprintf
                0x08000db8       0x34 ./startup_src/newlib_stubs.o
                0x08000db8                snprintf
 .text.vsprintf
                0x08000dec       0x28 ./startup_src/newlib_stubs.o
                0x08000dec                vsprintf
 .text.vfprintf
                0x08000e14       0x6c ./startup_src/newlib_stubs.o
                0x08000e14                vfprintf
 .text.vprintf  0x08000e80       0x2c ./startup_src/newlib_stubs.o
                0x08000e80                vprintf
 .text.fprintf  0x08000eac       0x30 ./startup_src/newlib_stubs.o
                0x08000eac                fprintf
 .text.printf   0x08000edc       0x2c ./startup_src/newlib_stubs.o
                0x08000edc                printf
 .text.sprintf  0x08000f08       0x30 ./startup_src/newlib_stubs.o
                0x08000f08                sprintf
 .text.puts     0x08000f38       0x28 ./startup_src/newlib_stubs.o
                0x08000f38                puts
 .text.fputs    0x08000f60       0x50 ./startup_src/newlib_stubs.o
                0x08000f60                fputs
 .text.Reset_Handler
                0x08000fb0       0x60 ./startup_src/startup_stm32f4xx.o
                0x08000fb0                Reset_Handler
 .text.Default_Handler
                0x08001010        0x4 ./startup_src/startup_stm32f4xx.o
                0x08001010                RTC_Alarm_IRQHandler
                0x08001010                HASH_RNG_IRQHandler
                0x08001010                EXTI2_IRQHandler
                0x08001010                TIM8_CC_IRQHandler
                0x08001010                DebugMon_Handler
                0x08001010                TIM1_CC_IRQHandler
                0x08001010                DMA2_Stream5_IRQHandler
                0x08001010                HardFault_Handler
                0x08001010                DMA1_Stream5_IRQHandler
                0x08001010                SysTick_Handler
                0x08001010                PVD_IRQHandler
                0x08001010                SDIO_IRQHandler
                0x08001010                TAMP_STAMP_IRQHandler
                0x08001010                PendSV_Handler
                0x08001010                NMI_Handler
                0x08001010                CAN2_RX1_IRQHandler
                0x08001010                EXTI3_IRQHandler
                0x08001010                TIM8_TRG_COM_TIM14_IRQHandler
                0x08001010                TIM1_UP_TIM10_IRQHandler
                0x08001010                TIM8_UP_TIM13_IRQHandler
                0x08001010                I2C3_ER_IRQHandler
                0x08001010                EXTI0_IRQHandler
                0x08001010                I2C2_EV_IRQHandler
                0x08001010                DMA1_Stream2_IRQHandler
                0x08001010                CAN1_RX0_IRQHandler
                0x08001010                FPU_IRQHandler
                0x08001010                OTG_HS_WKUP_IRQHandler
                0x08001010                UsageFault_Handler
                0x08001010                CAN2_SCE_IRQHandler
                0x08001010                DMA2_Stream2_IRQHandler
                0x08001010                SPI1_IRQHandler
                0x08001010                TIM6_DAC_IRQHandler
                0x08001010                TIM1_BRK_TIM9_IRQHandler
                0x08001010                DCMI_IRQHandler
                0x08001010                CAN2_RX0_IRQHandler
                0x08001010                DMA2_Stream3_IRQHandler
                0x08001010                USART6_IRQHandler
                0x08001010                USART3_IRQHandler
                0x08001010                CRYP_IRQHandler
                0x08001010                CAN1_RX1_IRQHandler
                0x08001010                UART5_IRQHandler
                0x08001010                DMA2_Stream0_IRQHandler
                0x08001010                TIM4_IRQHandler
                0x08001010                I2C1_EV_IRQHandler
                0x08001010                DMA1_Stream6_IRQHandler
                0x08001010                DMA1_Stream1_IRQHandler
                0x08001010                UART4_IRQHandler
                0x08001010                TIM3_IRQHandler
                0x08001010                RCC_IRQHandler
                0x08001010                TIM8_BRK_TIM12_IRQHandler
                0x08001010                Default_Handler
                0x08001010                EXTI15_10_IRQHandler
                0x08001010                ADC_IRQHandler
                0x08001010                DMA1_Stream7_IRQHandler
                0x08001010                TIM7_IRQHandler
                0x08001010                CAN2_TX_IRQHandler
                0x08001010                TIM5_IRQHandler
                0x08001010                DMA2_Stream7_IRQHandler
                0x08001010                I2C3_EV_IRQHandler
                0x08001010                EXTI9_5_IRQHandler
                0x08001010                RTC_WKUP_IRQHandler
                0x08001010                ETH_WKUP_IRQHandler
                0x08001010                SPI2_IRQHandler
                0x08001010                OTG_HS_EP1_IN_IRQHandler
                0x08001010                MemManage_Handler
                0x08001010                DMA1_Stream0_IRQHandler
                0x08001010                CAN1_TX_IRQHandler
                0x08001010                SVC_Handler
                0x08001010                EXTI4_IRQHandler
                0x08001010                FSMC_IRQHandler
                0x08001010                ETH_IRQHandler
                0x08001010                OTG_HS_EP1_OUT_IRQHandler
                0x08001010                WWDG_IRQHandler
                0x08001010                TIM2_IRQHandler
                0x08001010                OTG_FS_WKUP_IRQHandler
                0x08001010                TIM1_TRG_COM_TIM11_IRQHandler
                0x08001010                OTG_HS_IRQHandler
                0x08001010                EXTI1_IRQHandler
                0x08001010                USART2_IRQHandler
                0x08001010                I2C2_ER_IRQHandler
                0x08001010                DMA2_Stream1_IRQHandler
                0x08001010                CAN1_SCE_IRQHandler
                0x08001010                FLASH_IRQHandler
                0x08001010                DMA2_Stream4_IRQHandler
                0x08001010                BusFault_Handler
                0x08001010                USART1_IRQHandler
                0x08001010                OTG_FS_IRQHandler
                0x08001010                SPI3_IRQHandler
                0x08001010                DMA1_Stream4_IRQHandler
                0x08001010                I2C1_ER_IRQHandler
                0x08001010                DMA2_Stream6_IRQHandler
                0x08001010                DMA1_Stream3_IRQHandler
 .text.main     0x08001014       0x2c ./src/main.o
                0x08001014                main
 .text.SystemInit
                0x08001040       0x94 ./src/system_stm32f4xx.o
                0x08001040                SystemInit
 .text.SystemCoreClockUpdate
                0x080010d4      0x170 ./src/system_stm32f4xx.o
                0x080010d4                SystemCoreClockUpdate
 .text.SetSysClock
                0x08001244      0x1e0 ./src/system_stm32f4xx.o
 .text.STM_EVAL_LEDInit
                0x08001424       0x6c ./Utilities/STM32F4-Discovery/stm32f4_discovery.o
                0x08001424                STM_EVAL_LEDInit
 .text.STM_EVAL_LEDOn
                0x08001490       0x34 ./Utilities/STM32F4-Discovery/stm32f4_discovery.o
                0x08001490                STM_EVAL_LEDOn
 .text.STM_EVAL_LEDOff
                0x080014c4       0x34 ./Utilities/STM32F4-Discovery/stm32f4_discovery.o
                0x080014c4                STM_EVAL_LEDOff
 .text.STM_EVAL_LEDToggle
                0x080014f8       0x44 ./Utilities/STM32F4-Discovery/stm32f4_discovery.o
                0x080014f8                STM_EVAL_LEDToggle
 .text.STM_EVAL_PBInit
                0x0800153c       0xec ./Utilities/STM32F4-Discovery/stm32f4_discovery.o
                0x0800153c                STM_EVAL_PBInit
 .text.STM_EVAL_PBGetState
                0x08001628       0x3c ./Utilities/STM32F4-Discovery/stm32f4_discovery.o
                0x08001628                STM_EVAL_PBGetState
 .text.STM_EVAL_COMInit
                0x08001664      0x160 ./Utilities/STM32F4-Discovery/stm32f4_discovery.o
                0x08001664                STM_EVAL_COMInit
 .text.SD_LowLevel_DeInit
                0x080017c4       0xf4 ./Utilities/STM32F4-Discovery/stm32f4_discovery.o
                0x080017c4                SD_LowLevel_DeInit
 .text.SD_LowLevel_Init
                0x080018b8      0x12c ./Utilities/STM32F4-Discovery/stm32f4_discovery.o
                0x080018b8                SD_LowLevel_Init
 .text.SD_LowLevel_DMA_TxConfig
                0x080019e4       0xe0 ./Utilities/STM32F4-Discovery/stm32f4_discovery.o
                0x080019e4                SD_LowLevel_DMA_TxConfig
 .text.SD_LowLevel_DMA_RxConfig
                0x08001ac4       0xe0 ./Utilities/STM32F4-Discovery/stm32f4_discovery.o
                0x08001ac4                SD_LowLevel_DMA_RxConfig
 .text.STM32f4_Discovery_Debug_Init
                0x08001ba4       0x4c ./Utilities/STM32F4-Discovery/stm32f4_discovery_debug.o
                0x08001ba4                STM32f4_Discovery_Debug_Init
 .text.Get_Peek_Key
                0x08001bf0       0x34 ./Utilities/STM32F4-Discovery/stm32f4_discovery_debug.o
                0x08001bf0                Get_Peek_Key
 .text.fputc    0x08001c24       0x40 ./Utilities/STM32F4-Discovery/stm32f4_discovery_debug.o
                0x08001c24                fputc
 .text.LCD_DeInit
                0x08001c64      0x404 ./Utilities/STM32F4-Discovery/stm32f4_discovery_lcd.o
                0x08001c64                LCD_DeInit
 .text.LCD_CtrlLinesConfig
                0x08002068      0x288 ./Utilities/STM32F4-Discovery/stm32f4_discovery_lcd.o
                0x08002068                LCD_CtrlLinesConfig
 .text.LCD_FSMCConfig
                0x080022f0       0xb0 ./Utilities/STM32F4-Discovery/stm32f4_discovery_lcd.o
                0x080022f0                LCD_FSMCConfig
 .text.STM32f4_Discovery_LCD_Init
                0x080023a0      0x1e8 ./Utilities/STM32F4-Discovery/stm32f4_discovery_lcd.o
                0x080023a0                STM32f4_Discovery_LCD_Init
 .text.LCD_SetCursor
                0x08002588       0x30 ./Utilities/STM32F4-Discovery/stm32f4_discovery_lcd.o
                0x08002588                LCD_SetCursor
 .text.LCD_WriteReg
                0x080025b8       0x34 ./Utilities/STM32F4-Discovery/stm32f4_discovery_lcd.o
                0x080025b8                LCD_WriteReg
 .text.LCD_ReadReg
                0x080025ec       0x30 ./Utilities/STM32F4-Discovery/stm32f4_discovery_lcd.o
                0x080025ec                LCD_ReadReg
 .text.LCD_WriteRAM_Prepare
                0x0800261c       0x18 ./Utilities/STM32F4-Discovery/stm32f4_discovery_lcd.o
                0x0800261c                LCD_WriteRAM_Prepare
 .text.LCD_WriteRAM
                0x08002634       0x20 ./Utilities/STM32F4-Discovery/stm32f4_discovery_lcd.o
                0x08002634                LCD_WriteRAM
 .text.LCD_ReadRAM
                0x08002654       0x18 ./Utilities/STM32F4-Discovery/stm32f4_discovery_lcd.o
                0x08002654                LCD_ReadRAM
 .text.LCD_RGB_Test
                0x0800266c       0x90 ./Utilities/STM32F4-Discovery/stm32f4_discovery_lcd.o
                0x0800266c                LCD_RGB_Test
 .text.LCD_SetColors
                0x080026fc       0x34 ./Utilities/STM32F4-Discovery/stm32f4_discovery_lcd.o
                0x080026fc                LCD_SetColors
 .text.LCD_GetColors
                0x08002730       0x34 ./Utilities/STM32F4-Discovery/stm32f4_discovery_lcd.o
                0x08002730                LCD_GetColors
 .text.LCD_SetTextColor
                0x08002764       0x24 ./Utilities/STM32F4-Discovery/stm32f4_discovery_lcd.o
                0x08002764                LCD_SetTextColor
 .text.LCD_SetBackColor
                0x08002788       0x24 ./Utilities/STM32F4-Discovery/stm32f4_discovery_lcd.o
                0x08002788                LCD_SetBackColor
 .text.LCD_DisplayOff
                0x080027ac        0xc ./Utilities/STM32F4-Discovery/stm32f4_discovery_lcd.o
                0x080027ac                LCD_DisplayOff
 .text.LCD_DisplayOn
                0x080027b8        0xc ./Utilities/STM32F4-Discovery/stm32f4_discovery_lcd.o
                0x080027b8                LCD_DisplayOn
 .text.LCD_SetFont
                0x080027c4       0x20 ./Utilities/STM32F4-Discovery/stm32f4_discovery_lcd.o
                0x080027c4                LCD_SetFont
 .text.LCD_GetFont
                0x080027e4       0x18 ./Utilities/STM32F4-Discovery/stm32f4_discovery_lcd.o
                0x080027e4                LCD_GetFont
 .text.LCD_ClearLine
                0x080027fc       0x44 ./Utilities/STM32F4-Discovery/stm32f4_discovery_lcd.o
                0x080027fc                LCD_ClearLine
 .text.LCD_Clear
                0x08002840       0x54 ./Utilities/STM32F4-Discovery/stm32f4_discovery_lcd.o
                0x08002840                LCD_Clear
 .text.PutPixel
                0x08002894       0x54 ./Utilities/STM32F4-Discovery/stm32f4_discovery_lcd.o
 .text.LCD_DrawChar
                0x080028e8      0x140 ./Utilities/STM32F4-Discovery/stm32f4_discovery_lcd.o
                0x080028e8                LCD_DrawChar
 .text.LCD_DisplayChar
                0x08002a28       0x54 ./Utilities/STM32F4-Discovery/stm32f4_discovery_lcd.o
                0x08002a28                LCD_DisplayChar
 .text.LCD_DisplayStringLine
                0x08002a7c       0x60 ./Utilities/STM32F4-Discovery/stm32f4_discovery_lcd.o
                0x08002a7c                LCD_DisplayStringLine
 .text.LCD_SetDisplayWindow
                0x08002adc       0x98 ./Utilities/STM32F4-Discovery/stm32f4_discovery_lcd.o
                0x08002adc                LCD_SetDisplayWindow
 .text.LCD_WindowModeDisable
                0x08002b74        0xc ./Utilities/STM32F4-Discovery/stm32f4_discovery_lcd.o
                0x08002b74                LCD_WindowModeDisable
 .text.LCD_DrawLine
                0x08002b80       0xa0 ./Utilities/STM32F4-Discovery/stm32f4_discovery_lcd.o
                0x08002b80                LCD_DrawLine
 .text.LCD_DrawRect
                0x08002c20       0x80 ./Utilities/STM32F4-Discovery/stm32f4_discovery_lcd.o
                0x08002c20                LCD_DrawRect
 .text.LCD_DrawCircle
                0x08002ca0      0x208 ./Utilities/STM32F4-Discovery/stm32f4_discovery_lcd.o
                0x08002ca0                LCD_DrawCircle
 .text.LCD_DrawMonoPict
                0x08002ea8       0xa0 ./Utilities/STM32F4-Discovery/stm32f4_discovery_lcd.o
                0x08002ea8                LCD_DrawMonoPict
 .text.LCD_WriteBMP
                0x08002f48       0x14 ./Utilities/STM32F4-Discovery/stm32f4_discovery_lcd.o
                0x08002f48                LCD_WriteBMP
 .text.LCD_DrawFullRect
                0x08002f5c       0xf4 ./Utilities/STM32F4-Discovery/stm32f4_discovery_lcd.o
                0x08002f5c                LCD_DrawFullRect
 .text.LCD_DrawFullCircle
                0x08003050      0x168 ./Utilities/STM32F4-Discovery/stm32f4_discovery_lcd.o
                0x08003050                LCD_DrawFullCircle
 .text.LCD_DrawUniLine
                0x080031b8      0x1a0 ./Utilities/STM32F4-Discovery/stm32f4_discovery_lcd.o
                0x080031b8                LCD_DrawUniLine
 .text.LCD_PolyLine
                0x08003358       0x60 ./Utilities/STM32F4-Discovery/stm32f4_discovery_lcd.o
                0x08003358                LCD_PolyLine
 .text.LCD_PolyLineRelativeClosed
                0x080033b8       0xac ./Utilities/STM32F4-Discovery/stm32f4_discovery_lcd.o
 .text.LCD_ClosedPolyLine
                0x08003464       0x54 ./Utilities/STM32F4-Discovery/stm32f4_discovery_lcd.o
                0x08003464                LCD_ClosedPolyLine
 .text.LCD_PolyLineRelative
                0x080034b8       0x24 ./Utilities/STM32F4-Discovery/stm32f4_discovery_lcd.o
                0x080034b8                LCD_PolyLineRelative
 .text.LCD_ClosedPolyLineRelative
                0x080034dc       0x24 ./Utilities/STM32F4-Discovery/stm32f4_discovery_lcd.o
                0x080034dc                LCD_ClosedPolyLineRelative
 .text.LCD_FillPolyLine
                0x08003500      0x588 ./Utilities/STM32F4-Discovery/stm32f4_discovery_lcd.o
                0x08003500                LCD_FillPolyLine
 .text.delay    0x08003a88       0x34 ./Utilities/STM32F4-Discovery/stm32f4_discovery_lcd.o
 .text.NVIC_PriorityGroupConfig
                0x08003abc       0x28 ./Libraries/STM32F4xx_StdPeriph_Driver/src/misc.o
                0x08003abc                NVIC_PriorityGroupConfig
 .text.NVIC_Init
                0x08003ae4       0xe4 ./Libraries/STM32F4xx_StdPeriph_Driver/src/misc.o
                0x08003ae4                NVIC_Init
 .text.NVIC_SetVectorTable
                0x08003bc8       0x2c ./Libraries/STM32F4xx_StdPeriph_Driver/src/misc.o
                0x08003bc8                NVIC_SetVectorTable
 .text.NVIC_SystemLPConfig
                0x08003bf4       0x54 ./Libraries/STM32F4xx_StdPeriph_Driver/src/misc.o
                0x08003bf4                NVIC_SystemLPConfig
 .text.SysTick_CLKSourceConfig
                0x08003c48       0x4c ./Libraries/STM32F4xx_StdPeriph_Driver/src/misc.o
                0x08003c48                SysTick_CLKSourceConfig
 .text.ADC_DeInit
                0x08003c94       0x20 ./Libraries/STM32F4xx_StdPeriph_Driver/src/stm32f4xx_adc.o
                0x08003c94                ADC_DeInit
 .text.ADC_Init
                0x08003cb4       0xb8 ./Libraries/STM32F4xx_StdPeriph_Driver/src/stm32f4xx_adc.o
                0x08003cb4                ADC_Init
 .text.ADC_StructInit
                0x08003d6c       0x4c ./Libraries/STM32F4xx_StdPeriph_Driver/src/stm32f4xx_adc.o
                0x08003d6c                ADC_StructInit
 .text.ADC_CommonInit
                0x08003db8       0x5c ./Libraries/STM32F4xx_StdPeriph_Driver/src/stm32f4xx_adc.o
                0x08003db8                ADC_CommonInit
 .text.ADC_CommonStructInit
                0x08003e14       0x34 ./Libraries/STM32F4xx_StdPeriph_Driver/src/stm32f4xx_adc.o
                0x08003e14                ADC_CommonStructInit
 .text.ADC_Cmd  0x08003e48       0x38 ./Libraries/STM32F4xx_StdPeriph_Driver/src/stm32f4xx_adc.o
                0x08003e48                ADC_Cmd
 .text.ADC_AnalogWatchdogCmd
                0x08003e80       0x3c ./Libraries/STM32F4xx_StdPeriph_Driver/src/stm32f4xx_adc.o
                0x08003e80                ADC_AnalogWatchdogCmd
 .text.ADC_AnalogWatchdogThresholdsConfig
                0x08003ebc       0x28 ./Libraries/STM32F4xx_StdPeriph_Driver/src/stm32f4xx_adc.o
                0x08003ebc                ADC_AnalogWatchdogThresholdsConfig
 .text.ADC_AnalogWatchdogSingleChannelConfig
                0x08003ee4       0x38 ./Libraries/STM32F4xx_StdPeriph_Driver/src/stm32f4xx_adc.o
                0x08003ee4                ADC_AnalogWatchdogSingleChannelConfig
 .text.ADC_TempSensorVrefintCmd
                0x08003f1c       0x4c ./Libraries/STM32F4xx_StdPeriph_Driver/src/stm32f4xx_adc.o
                0x08003f1c                ADC_TempSensorVrefintCmd
 .text.ADC_VBATCmd
                0x08003f68       0x4c ./Libraries/STM32F4xx_StdPeriph_Driver/src/stm32f4xx_adc.o
                0x08003f68                ADC_VBATCmd
 .text.ADC_RegularChannelConfig
                0x08003fb4      0x1bc ./Libraries/STM32F4xx_StdPeriph_Driver/src/stm32f4xx_adc.o
                0x08003fb4                ADC_RegularChannelConfig
 .text.ADC_SoftwareStartConv
                0x08004170       0x20 ./Libraries/STM32F4xx_StdPeriph_Driver/src/stm32f4xx_adc.o
                0x08004170                ADC_SoftwareStartConv
 .text.ADC_GetSoftwareStartConvStatus
                0x08004190       0x38 ./Libraries/STM32F4xx_StdPeriph_Driver/src/stm32f4xx_adc.o
                0x08004190                ADC_GetSoftwareStartConvStatus
 .text.ADC_EOCOnEachRegularChannelCmd
                0x080041c8       0x38 ./Libraries/STM32F4xx_StdPeriph_Driver/src/stm32f4xx_adc.o
                0x080041c8                ADC_EOCOnEachRegularChannelCmd
 .text.ADC_ContinuousModeCmd
                0x08004200       0x38 ./Libraries/STM32F4xx_StdPeriph_Driver/src/stm32f4xx_adc.o
                0x08004200                ADC_ContinuousModeCmd
 .text.ADC_DiscModeChannelCountConfig
                0x08004238       0x4c ./Libraries/STM32F4xx_StdPeriph_Driver/src/stm32f4xx_adc.o
                0x08004238                ADC_DiscModeChannelCountConfig
 .text.ADC_DiscModeCmd
                0x08004284       0x38 ./Libraries/STM32F4xx_StdPeriph_Driver/src/stm32f4xx_adc.o
                0x08004284                ADC_DiscModeCmd
 .text.ADC_GetConversionValue
                0x080042bc       0x1c ./Libraries/STM32F4xx_StdPeriph_Driver/src/stm32f4xx_adc.o
                0x080042bc                ADC_GetConversionValue
 .text.ADC_GetMultiModeConversionValue
                0x080042d8       0x18 ./Libraries/STM32F4xx_StdPeriph_Driver/src/stm32f4xx_adc.o
                0x080042d8                ADC_GetMultiModeConversionValue
 .text.ADC_DMACmd
                0x080042f0       0x38 ./Libraries/STM32F4xx_StdPeriph_Driver/src/stm32f4xx_adc.o
                0x080042f0                ADC_DMACmd
 .text.ADC_DMARequestAfterLastTransferCmd
                0x08004328       0x38 ./Libraries/STM32F4xx_StdPeriph_Driver/src/stm32f4xx_adc.o
                0x08004328                ADC_DMARequestAfterLastTransferCmd
 .text.ADC_MultiModeDMARequestAfterLastTransferCmd
                0x08004360       0x4c ./Libraries/STM32F4xx_StdPeriph_Driver/src/stm32f4xx_adc.o
                0x08004360                ADC_MultiModeDMARequestAfterLastTransferCmd
 .text.ADC_InjectedChannelConfig
                0x080043ac      0x144 ./Libraries/STM32F4xx_StdPeriph_Driver/src/stm32f4xx_adc.o
                0x080043ac                ADC_InjectedChannelConfig
 .text.ADC_InjectedSequencerLengthConfig
                0x080044f0       0x4c ./Libraries/STM32F4xx_StdPeriph_Driver/src/stm32f4xx_adc.o
                0x080044f0                ADC_InjectedSequencerLengthConfig
 .text.ADC_SetInjectedOffset
                0x0800453c       0x34 ./Libraries/STM32F4xx_StdPeriph_Driver/src/stm32f4xx_adc.o
                0x0800453c                ADC_SetInjectedOffset
 .text.ADC_ExternalTrigInjectedConvConfig
                0x08004570       0x38 ./Libraries/STM32F4xx_StdPeriph_Driver/src/stm32f4xx_adc.o
                0x08004570                ADC_ExternalTrigInjectedConvConfig
 .text.ADC_ExternalTrigInjectedConvEdgeConfig
                0x080045a8       0x38 ./Libraries/STM32F4xx_StdPeriph_Driver/src/stm32f4xx_adc.o
                0x080045a8                ADC_ExternalTrigInjectedConvEdgeConfig
 .text.ADC_SoftwareStartInjectedConv
                0x080045e0       0x20 ./Libraries/STM32F4xx_StdPeriph_Driver/src/stm32f4xx_adc.o
                0x080045e0                ADC_SoftwareStartInjectedConv
 .text.ADC_GetSoftwareStartInjectedConvCmdStatus
                0x08004600       0x38 ./Libraries/STM32F4xx_StdPeriph_Driver/src/stm32f4xx_adc.o
                0x08004600                ADC_GetSoftwareStartInjectedConvCmdStatus
 .text.ADC_AutoInjectedConvCmd
                0x08004638       0x38 ./Libraries/STM32F4xx_StdPeriph_Driver/src/stm32f4xx_adc.o
                0x08004638                ADC_AutoInjectedConvCmd
 .text.ADC_InjectedDiscModeCmd
                0x08004670       0x38 ./Libraries/STM32F4xx_StdPeriph_Driver/src/stm32f4xx_adc.o
                0x08004670                ADC_InjectedDiscModeCmd
 .text.ADC_GetInjectedConversionValue
                0x080046a8       0x34 ./Libraries/STM32F4xx_StdPeriph_Driver/src/stm32f4xx_adc.o
                0x080046a8                ADC_GetInjectedConversionValue
 .text.ADC_ITConfig
                0x080046dc       0x58 ./Libraries/STM32F4xx_StdPeriph_Driver/src/stm32f4xx_adc.o
                0x080046dc                ADC_ITConfig
 .text.ADC_GetFlagStatus
                0x08004734       0x3c ./Libraries/STM32F4xx_StdPeriph_Driver/src/stm32f4xx_adc.o
                0x08004734                ADC_GetFlagStatus
 .text.ADC_ClearFlag
                0x08004770       0x20 ./Libraries/STM32F4xx_StdPeriph_Driver/src/stm32f4xx_adc.o
                0x08004770                ADC_ClearFlag
 .text.ADC_GetITStatus
                0x08004790       0x6c ./Libraries/STM32F4xx_StdPeriph_Driver/src/stm32f4xx_adc.o
                0x08004790                ADC_GetITStatus
 .text.ADC_ClearITPendingBit
                0x080047fc       0x30 ./Libraries/STM32F4xx_StdPeriph_Driver/src/stm32f4xx_adc.o
                0x080047fc                ADC_ClearITPendingBit
 .text.CAN_DeInit
                0x0800482c       0x50 ./Libraries/STM32F4xx_StdPeriph_Driver/src/stm32f4xx_can.o
                0x0800482c                CAN_DeInit
 .text.CAN_Init
                0x0800487c      0x1c0 ./Libraries/STM32F4xx_StdPeriph_Driver/src/stm32f4xx_can.o
                0x0800487c                CAN_Init
 .text.CAN_FilterInit
                0x08004a3c      0x210 ./Libraries/STM32F4xx_StdPeriph_Driver/src/stm32f4xx_can.o
                0x08004a3c                CAN_FilterInit
 .text.CAN_StructInit
                0x08004c4c       0x6c ./Libraries/STM32F4xx_StdPeriph_Driver/src/stm32f4xx_can.o
                0x08004c4c                CAN_StructInit
 .text.CAN_SlaveStartBank
                0x08004cb8       0x8c ./Libraries/STM32F4xx_StdPeriph_Driver/src/stm32f4xx_can.o
                0x08004cb8                CAN_SlaveStartBank
 .text.CAN_DBGFreeze
                0x08004d44       0x38 ./Libraries/STM32F4xx_StdPeriph_Driver/src/stm32f4xx_can.o
                0x08004d44                CAN_DBGFreeze
 .text.CAN_TTComModeCmd
                0x08004d7c       0x98 ./Libraries/STM32F4xx_StdPeriph_Driver/src/stm32f4xx_can.o
                0x08004d7c                CAN_TTComModeCmd
 .text.CAN_Transmit
                0x08004e14      0x1dc ./Libraries/STM32F4xx_StdPeriph_Driver/src/stm32f4xx_can.o
                0x08004e14                CAN_Transmit
 .text.CAN_TransmitStatus
                0x08004ff0      0x10c ./Libraries/STM32F4xx_StdPeriph_Driver/src/stm32f4xx_can.o
                0x08004ff0                CAN_TransmitStatus
 .text.CAN_CancelTransmit
                0x080050fc       0x50 ./Libraries/STM32F4xx_StdPeriph_Driver/src/stm32f4xx_can.o
                0x080050fc                CAN_CancelTransmit
 .text.CAN_Receive
                0x0800514c      0x1a8 ./Libraries/STM32F4xx_StdPeriph_Driver/src/stm32f4xx_can.o
                0x0800514c                CAN_Receive
 .text.CAN_FIFORelease
                0x080052f4       0x38 ./Libraries/STM32F4xx_StdPeriph_Driver/src/stm32f4xx_can.o
                0x080052f4                CAN_FIFORelease
 .text.CAN_MessagePending
                0x0800532c       0x50 ./Libraries/STM32F4xx_StdPeriph_Driver/src/stm32f4xx_can.o
                0x0800532c                CAN_MessagePending
 .text.CAN_OperatingModeRequest
                0x0800537c      0x114 ./Libraries/STM32F4xx_StdPeriph_Driver/src/stm32f4xx_can.o
                0x0800537c                CAN_OperatingModeRequest
 .text.CAN_Sleep
                0x08005490       0x40 ./Libraries/STM32F4xx_StdPeriph_Driver/src/stm32f4xx_can.o
                0x08005490                CAN_Sleep
 .text.CAN_WakeUp
                0x080054d0       0x5c ./Libraries/STM32F4xx_StdPeriph_Driver/src/stm32f4xx_can.o
                0x080054d0                CAN_WakeUp
 .text.CAN_GetLastErrorCode
                0x0800552c       0x28 ./Libraries/STM32F4xx_StdPeriph_Driver/src/stm32f4xx_can.o
                0x0800552c                CAN_GetLastErrorCode
 .text.CAN_GetReceiveErrorCounter
                0x08005554       0x28 ./Libraries/STM32F4xx_StdPeriph_Driver/src/stm32f4xx_can.o
                0x08005554                CAN_GetReceiveErrorCounter
 .text.CAN_GetLSBTransmitErrorCounter
                0x0800557c       0x2c ./Libraries/STM32F4xx_StdPeriph_Driver/src/stm32f4xx_can.o
                0x0800557c                CAN_GetLSBTransmitErrorCounter
 .text.CAN_ITConfig
                0x080055a8       0x3c ./Libraries/STM32F4xx_StdPeriph_Driver/src/stm32f4xx_can.o
                0x080055a8                CAN_ITConfig
 .text.CAN_GetFlagStatus
                0x080055e4       0xf8 ./Libraries/STM32F4xx_StdPeriph_Driver/src/stm32f4xx_can.o
                0x080055e4                CAN_GetFlagStatus
 .text.CAN_ClearFlag
                0x080056dc       0x7c ./Libraries/STM32F4xx_StdPeriph_Driver/src/stm32f4xx_can.o
                0x080056dc                CAN_ClearFlag
 .text.CAN_GetITStatus
                0x08005758      0x1b8 ./Libraries/STM32F4xx_StdPeriph_Driver/src/stm32f4xx_can.o
                0x08005758                CAN_GetITStatus
 .text.CAN_ClearITPendingBit
                0x08005910       0xfc ./Libraries/STM32F4xx_StdPeriph_Driver/src/stm32f4xx_can.o
                0x08005910                CAN_ClearITPendingBit
 .text.CheckITStatus
                0x08005a0c       0x38 ./Libraries/STM32F4xx_StdPeriph_Driver/src/stm32f4xx_can.o
 .text.CRC_ResetDR
                0x08005a44       0x18 ./Libraries/STM32F4xx_StdPeriph_Driver/src/stm32f4xx_crc.o
                0x08005a44                CRC_ResetDR
 .text.CRC_CalcCRC
                0x08005a5c       0x2c ./Libraries/STM32F4xx_StdPeriph_Driver/src/stm32f4xx_crc.o
                0x08005a5c                CRC_CalcCRC
 .text.CRC_CalcBlockCRC
                0x08005a88       0x54 ./Libraries/STM32F4xx_StdPeriph_Driver/src/stm32f4xx_crc.o
                0x08005a88                CRC_CalcBlockCRC
 .text.CRC_GetCRC
                0x08005adc       0x18 ./Libraries/STM32F4xx_StdPeriph_Driver/src/stm32f4xx_crc.o
                0x08005adc                CRC_GetCRC
 .text.CRC_SetIDRegister
                0x08005af4       0x20 ./Libraries/STM32F4xx_StdPeriph_Driver/src/stm32f4xx_crc.o
                0x08005af4                CRC_SetIDRegister
 .text.CRC_GetIDRegister
                0x08005b14       0x18 ./Libraries/STM32F4xx_StdPeriph_Driver/src/stm32f4xx_crc.o
                0x08005b14                CRC_GetIDRegister
 .text.CRYP_DeInit
                0x08005b2c       0x20 ./Libraries/STM32F4xx_StdPeriph_Driver/src/stm32f4xx_cryp.o
                0x08005b2c                CRYP_DeInit
 .text.CRYP_Init
                0x08005b4c       0xfc ./Libraries/STM32F4xx_StdPeriph_Driver/src/stm32f4xx_cryp.o
                0x08005b4c                CRYP_Init
 .text.CRYP_StructInit
                0x08005c48       0x34 ./Libraries/STM32F4xx_StdPeriph_Driver/src/stm32f4xx_cryp.o
                0x08005c48                CRYP_StructInit
 .text.CRYP_KeyInit
                0x08005c7c       0x84 ./Libraries/STM32F4xx_StdPeriph_Driver/src/stm32f4xx_cryp.o
                0x08005c7c                CRYP_KeyInit
 .text.CRYP_KeyStructInit
                0x08005d00       0x54 ./Libraries/STM32F4xx_StdPeriph_Driver/src/stm32f4xx_cryp.o
                0x08005d00                CRYP_KeyStructInit
 .text.CRYP_IVInit
                0x08005d54       0x4c ./Libraries/STM32F4xx_StdPeriph_Driver/src/stm32f4xx_cryp.o
                0x08005d54                CRYP_IVInit
 .text.CRYP_IVStructInit
                0x08005da0       0x34 ./Libraries/STM32F4xx_StdPeriph_Driver/src/stm32f4xx_cryp.o
                0x08005da0                CRYP_IVStructInit
 .text.CRYP_FIFOFlush
                0x08005dd4       0x24 ./Libraries/STM32F4xx_StdPeriph_Driver/src/stm32f4xx_cryp.o
                0x08005dd4                CRYP_FIFOFlush
 .text.CRYP_Cmd
                0x08005df8       0x4c ./Libraries/STM32F4xx_StdPeriph_Driver/src/stm32f4xx_cryp.o
                0x08005df8                CRYP_Cmd
 .text.CRYP_DataIn
                0x08005e44       0x20 ./Libraries/STM32F4xx_StdPeriph_Driver/src/stm32f4xx_cryp.o
                0x08005e44                CRYP_DataIn
 .text.CRYP_DataOut
                0x08005e64       0x18 ./Libraries/STM32F4xx_StdPeriph_Driver/src/stm32f4xx_cryp.o
                0x08005e64                CRYP_DataOut
 .text.CRYP_SaveContext
                0x08005e7c      0x164 ./Libraries/STM32F4xx_StdPeriph_Driver/src/stm32f4xx_cryp.o
                0x08005e7c                CRYP_SaveContext
 .text.CRYP_RestoreContext
                0x08005fe0       0xe0 ./Libraries/STM32F4xx_StdPeriph_Driver/src/stm32f4xx_cryp.o
                0x08005fe0                CRYP_RestoreContext
 .text.CRYP_DMACmd
                0x080060c0       0x58 ./Libraries/STM32F4xx_StdPeriph_Driver/src/stm32f4xx_cryp.o
                0x080060c0                CRYP_DMACmd
 .text.CRYP_ITConfig
                0x08006118       0x58 ./Libraries/STM32F4xx_StdPeriph_Driver/src/stm32f4xx_cryp.o
                0x08006118                CRYP_ITConfig
 .text.CRYP_GetITStatus
                0x08006170       0x40 ./Libraries/STM32F4xx_StdPeriph_Driver/src/stm32f4xx_cryp.o
                0x08006170                CRYP_GetITStatus
 .text.CRYP_GetFlagStatus
                0x080061b0       0x60 ./Libraries/STM32F4xx_StdPeriph_Driver/src/stm32f4xx_cryp.o
                0x080061b0                CRYP_GetFlagStatus
 .text.CRYP_AES_ECB
                0x08006210      0x4b0 ./Libraries/STM32F4xx_StdPeriph_Driver/src/stm32f4xx_cryp_aes.o
                0x08006210                CRYP_AES_ECB
 .text.CRYP_AES_CBC
                0x080066c0      0x5cc ./Libraries/STM32F4xx_StdPeriph_Driver/src/stm32f4xx_cryp_aes.o
                0x080066c0                CRYP_AES_CBC
 .text.CRYP_AES_CTR
                0x08006c8c      0x550 ./Libraries/STM32F4xx_StdPeriph_Driver/src/stm32f4xx_cryp_aes.o
                0x08006c8c                CRYP_AES_CTR
 .text.CRYP_DES_ECB
                0x080071dc      0x160 ./Libraries/STM32F4xx_StdPeriph_Driver/src/stm32f4xx_cryp_des.o
                0x080071dc                CRYP_DES_ECB
 .text.CRYP_DES_CBC
                0x0800733c      0x1b0 ./Libraries/STM32F4xx_StdPeriph_Driver/src/stm32f4xx_cryp_des.o
                0x0800733c                CRYP_DES_CBC
 .text.CRYP_TDES_ECB
                0x080074ec      0x1d0 ./Libraries/STM32F4xx_StdPeriph_Driver/src/stm32f4xx_cryp_tdes.o
                0x080074ec                CRYP_TDES_ECB
 .text.CRYP_TDES_CBC
                0x080076bc      0x268 ./Libraries/STM32F4xx_StdPeriph_Driver/src/stm32f4xx_cryp_tdes.o
                0x080076bc                CRYP_TDES_CBC
 .text.DAC_DeInit
                0x08007924       0x20 ./Libraries/STM32F4xx_StdPeriph_Driver/src/stm32f4xx_dac.o
                0x08007924                DAC_DeInit
 .text.DAC_Init
                0x08007944       0x74 ./Libraries/STM32F4xx_StdPeriph_Driver/src/stm32f4xx_dac.o
                0x08007944                DAC_Init
 .text.DAC_StructInit
                0x080079b8       0x34 ./Libraries/STM32F4xx_StdPeriph_Driver/src/stm32f4xx_dac.o
                0x080079b8                DAC_StructInit
 .text.DAC_Cmd  0x080079ec       0x64 ./Libraries/STM32F4xx_StdPeriph_Driver/src/stm32f4xx_dac.o
                0x080079ec                DAC_Cmd
 .text.DAC_SoftwareTriggerCmd
                0x08007a50       0x6c ./Libraries/STM32F4xx_StdPeriph_Driver/src/stm32f4xx_dac.o
                0x08007a50                DAC_SoftwareTriggerCmd
 .text.DAC_DualSoftwareTriggerCmd
                0x08007abc       0x4c ./Libraries/STM32F4xx_StdPeriph_Driver/src/stm32f4xx_dac.o
                0x08007abc                DAC_DualSoftwareTriggerCmd
 .text.DAC_WaveGenerationCmd
                0x08007b08       0x60 ./Libraries/STM32F4xx_StdPeriph_Driver/src/stm32f4xx_dac.o
                0x08007b08                DAC_WaveGenerationCmd
 .text.DAC_SetChannel1Data
                0x08007b68       0x38 ./Libraries/STM32F4xx_StdPeriph_Driver/src/stm32f4xx_dac.o
                0x08007b68                DAC_SetChannel1Data
 .text.DAC_SetChannel2Data
                0x08007ba0       0x38 ./Libraries/STM32F4xx_StdPeriph_Driver/src/stm32f4xx_dac.o
                0x08007ba0                DAC_SetChannel2Data
 .text.DAC_SetDualChannelData
                0x08007bd8       0x64 ./Libraries/STM32F4xx_StdPeriph_Driver/src/stm32f4xx_dac.o
                0x08007bd8                DAC_SetDualChannelData
 .text.DAC_GetDataOutputValue
                0x08007c3c       0x3c ./Libraries/STM32F4xx_StdPeriph_Driver/src/stm32f4xx_dac.o
                0x08007c3c                DAC_GetDataOutputValue
 .text.DAC_DMACmd
                0x08007c78       0x64 ./Libraries/STM32F4xx_StdPeriph_Driver/src/stm32f4xx_dac.o
                0x08007c78                DAC_DMACmd
 .text.DAC_ITConfig
                0x08007cdc       0x60 ./Libraries/STM32F4xx_StdPeriph_Driver/src/stm32f4xx_dac.o
                0x08007cdc                DAC_ITConfig
 .text.DAC_GetFlagStatus
                0x08007d3c       0x44 ./Libraries/STM32F4xx_StdPeriph_Driver/src/stm32f4xx_dac.o
                0x08007d3c                DAC_GetFlagStatus
 .text.DAC_ClearFlag
                0x08007d80       0x28 ./Libraries/STM32F4xx_StdPeriph_Driver/src/stm32f4xx_dac.o
                0x08007d80                DAC_ClearFlag
 .text.DAC_GetITStatus
                0x08007da8       0x68 ./Libraries/STM32F4xx_StdPeriph_Driver/src/stm32f4xx_dac.o
                0x08007da8                DAC_GetITStatus
 .text.DAC_ClearITPendingBit
                0x08007e10       0x28 ./Libraries/STM32F4xx_StdPeriph_Driver/src/stm32f4xx_dac.o
                0x08007e10                DAC_ClearITPendingBit
 .text.DBGMCU_GetREVID
                0x08007e38       0x1c ./Libraries/STM32F4xx_StdPeriph_Driver/src/stm32f4xx_dbgmcu.o
                0x08007e38                DBGMCU_GetREVID
 .text.DBGMCU_GetDEVID
                0x08007e54       0x20 ./Libraries/STM32F4xx_StdPeriph_Driver/src/stm32f4xx_dbgmcu.o
                0x08007e54                DBGMCU_GetDEVID
 .text.DBGMCU_Config
                0x08007e74       0x54 ./Libraries/STM32F4xx_StdPeriph_Driver/src/stm32f4xx_dbgmcu.o
                0x08007e74                DBGMCU_Config
 .text.DBGMCU_APB1PeriphConfig
                0x08007ec8       0x54 ./Libraries/STM32F4xx_StdPeriph_Driver/src/stm32f4xx_dbgmcu.o
                0x08007ec8                DBGMCU_APB1PeriphConfig
 .text.DBGMCU_APB2PeriphConfig
                0x08007f1c       0x54 ./Libraries/STM32F4xx_StdPeriph_Driver/src/stm32f4xx_dbgmcu.o
                0x08007f1c                DBGMCU_APB2PeriphConfig
 .text.DCMI_DeInit
                0x08007f70       0x6c ./Libraries/STM32F4xx_StdPeriph_Driver/src/stm32f4xx_dcmi.o
                0x08007f70                DCMI_DeInit
 .text.DCMI_Init
                0x08007fdc       0x94 ./Libraries/STM32F4xx_StdPeriph_Driver/src/stm32f4xx_dcmi.o
                0x08007fdc                DCMI_Init
 .text.DCMI_StructInit
                0x08008070       0x4c ./Libraries/STM32F4xx_StdPeriph_Driver/src/stm32f4xx_dcmi.o
                0x08008070                DCMI_StructInit
 .text.DCMI_CROPConfig
                0x080080bc       0x48 ./Libraries/STM32F4xx_StdPeriph_Driver/src/stm32f4xx_dcmi.o
                0x080080bc                DCMI_CROPConfig
 .text.DCMI_CROPCmd
                0x08008104       0x4c ./Libraries/STM32F4xx_StdPeriph_Driver/src/stm32f4xx_dcmi.o
                0x08008104                DCMI_CROPCmd
 .text.DCMI_SetEmbeddedSynchroCodes
                0x08008150       0x40 ./Libraries/STM32F4xx_StdPeriph_Driver/src/stm32f4xx_dcmi.o
                0x08008150                DCMI_SetEmbeddedSynchroCodes
 .text.DCMI_JPEGCmd
                0x08008190       0x4c ./Libraries/STM32F4xx_StdPeriph_Driver/src/stm32f4xx_dcmi.o
                0x08008190                DCMI_JPEGCmd
 .text.DCMI_Cmd
                0x080081dc       0x4c ./Libraries/STM32F4xx_StdPeriph_Driver/src/stm32f4xx_dcmi.o
                0x080081dc                DCMI_Cmd
 .text.DCMI_CaptureCmd
                0x08008228       0x4c ./Libraries/STM32F4xx_StdPeriph_Driver/src/stm32f4xx_dcmi.o
                0x08008228                DCMI_CaptureCmd
 .text.DCMI_ReadData
                0x08008274       0x18 ./Libraries/STM32F4xx_StdPeriph_Driver/src/stm32f4xx_dcmi.o
                0x08008274                DCMI_ReadData
 .text.DCMI_ITConfig
                0x0800828c       0x58 ./Libraries/STM32F4xx_StdPeriph_Driver/src/stm32f4xx_dcmi.o
                0x0800828c                DCMI_ITConfig
 .text.DCMI_GetFlagStatus
                0x080082e4       0x7c ./Libraries/STM32F4xx_StdPeriph_Driver/src/stm32f4xx_dcmi.o
                0x080082e4                DCMI_GetFlagStatus
 .text.DCMI_ClearFlag
                0x08008360       0x20 ./Libraries/STM32F4xx_StdPeriph_Driver/src/stm32f4xx_dcmi.o
                0x08008360                DCMI_ClearFlag
 .text.DCMI_GetITStatus
                0x08008380       0x48 ./Libraries/STM32F4xx_StdPeriph_Driver/src/stm32f4xx_dcmi.o
                0x08008380                DCMI_GetITStatus
 .text.DCMI_ClearITPendingBit
                0x080083c8       0x20 ./Libraries/STM32F4xx_StdPeriph_Driver/src/stm32f4xx_dcmi.o
                0x080083c8                DCMI_ClearITPendingBit
 .text.DMA_DeInit
                0x080083e8      0x244 ./Libraries/STM32F4xx_StdPeriph_Driver/src/stm32f4xx_dma.o
                0x080083e8                DMA_DeInit
 .text.DMA_Init
                0x0800862c       0xb0 ./Libraries/STM32F4xx_StdPeriph_Driver/src/stm32f4xx_dma.o
                0x0800862c                DMA_Init
 .text.DMA_StructInit
                0x080086dc       0x8c ./Libraries/STM32F4xx_StdPeriph_Driver/src/stm32f4xx_dma.o
                0x080086dc                DMA_StructInit
 .text.DMA_Cmd  0x08008768       0x38 ./Libraries/STM32F4xx_StdPeriph_Driver/src/stm32f4xx_dma.o
                0x08008768                DMA_Cmd
 .text.DMA_PeriphIncOffsetSizeConfig
                0x080087a0       0x34 ./Libraries/STM32F4xx_StdPeriph_Driver/src/stm32f4xx_dma.o
                0x080087a0                DMA_PeriphIncOffsetSizeConfig
 .text.DMA_FlowControllerConfig
                0x080087d4       0x34 ./Libraries/STM32F4xx_StdPeriph_Driver/src/stm32f4xx_dma.o
                0x080087d4                DMA_FlowControllerConfig
 .text.DMA_SetCurrDataCounter
                0x08008808       0x1c ./Libraries/STM32F4xx_StdPeriph_Driver/src/stm32f4xx_dma.o
                0x08008808                DMA_SetCurrDataCounter
 .text.DMA_GetCurrDataCounter
                0x08008824       0x1c ./Libraries/STM32F4xx_StdPeriph_Driver/src/stm32f4xx_dma.o
                0x08008824                DMA_GetCurrDataCounter
 .text.DMA_DoubleBufferModeConfig
                0x08008840       0x3c ./Libraries/STM32F4xx_StdPeriph_Driver/src/stm32f4xx_dma.o
                0x08008840                DMA_DoubleBufferModeConfig
 .text.DMA_DoubleBufferModeCmd
                0x0800887c       0x38 ./Libraries/STM32F4xx_StdPeriph_Driver/src/stm32f4xx_dma.o
                0x0800887c                DMA_DoubleBufferModeCmd
 .text.DMA_MemoryTargetConfig
                0x080088b4       0x2c ./Libraries/STM32F4xx_StdPeriph_Driver/src/stm32f4xx_dma.o
                0x080088b4                DMA_MemoryTargetConfig
 .text.DMA_GetCurrentMemoryTarget
                0x080088e0       0x38 ./Libraries/STM32F4xx_StdPeriph_Driver/src/stm32f4xx_dma.o
                0x080088e0                DMA_GetCurrentMemoryTarget
 .text.DMA_GetCmdStatus
                0x08008918       0x38 ./Libraries/STM32F4xx_StdPeriph_Driver/src/stm32f4xx_dma.o
                0x08008918                DMA_GetCmdStatus
 .text.DMA_GetFIFOStatus
                0x08008950       0x28 ./Libraries/STM32F4xx_StdPeriph_Driver/src/stm32f4xx_dma.o
                0x08008950                DMA_GetFIFOStatus
 .text.DMA_GetFlagStatus
                0x08008978       0x88 ./Libraries/STM32F4xx_StdPeriph_Driver/src/stm32f4xx_dma.o
                0x08008978                DMA_GetFlagStatus
 .text.DMA_ClearFlag
                0x08008a00       0x64 ./Libraries/STM32F4xx_StdPeriph_Driver/src/stm32f4xx_dma.o
                0x08008a00                DMA_ClearFlag
 .text.DMA_ITConfig
                0x08008a64       0x74 ./Libraries/STM32F4xx_StdPeriph_Driver/src/stm32f4xx_dma.o
                0x08008a64                DMA_ITConfig
 .text.DMA_GetITStatus
                0x08008ad8       0xc4 ./Libraries/STM32F4xx_StdPeriph_Driver/src/stm32f4xx_dma.o
                0x08008ad8                DMA_GetITStatus
 .text.DMA_ClearITPendingBit
                0x08008b9c       0x64 ./Libraries/STM32F4xx_StdPeriph_Driver/src/stm32f4xx_dma.o
                0x08008b9c                DMA_ClearITPendingBit
 .text.EXTI_DeInit
                0x08008c00       0x54 ./Libraries/STM32F4xx_StdPeriph_Driver/src/stm32f4xx_exti.o
                0x08008c00                EXTI_DeInit
 .text.EXTI_Init
                0x08008c54      0x138 ./Libraries/STM32F4xx_StdPeriph_Driver/src/stm32f4xx_exti.o
                0x08008c54                EXTI_Init
 .text.EXTI_StructInit
                0x08008d8c       0x34 ./Libraries/STM32F4xx_StdPeriph_Driver/src/stm32f4xx_exti.o
                0x08008d8c                EXTI_StructInit
 .text.EXTI_GenerateSWInterrupt
                0x08008dc0       0x2c ./Libraries/STM32F4xx_StdPeriph_Driver/src/stm32f4xx_exti.o
                0x08008dc0                EXTI_GenerateSWInterrupt
 .text.EXTI_GetFlagStatus
                0x08008dec       0x3c ./Libraries/STM32F4xx_StdPeriph_Driver/src/stm32f4xx_exti.o
                0x08008dec                EXTI_GetFlagStatus
 .text.EXTI_ClearFlag
                0x08008e28       0x20 ./Libraries/STM32F4xx_StdPeriph_Driver/src/stm32f4xx_exti.o
                0x08008e28                EXTI_ClearFlag
 .text.EXTI_GetITStatus
                0x08008e48       0x58 ./Libraries/STM32F4xx_StdPeriph_Driver/src/stm32f4xx_exti.o
                0x08008e48                EXTI_GetITStatus
 .text.EXTI_ClearITPendingBit
                0x08008ea0       0x20 ./Libraries/STM32F4xx_StdPeriph_Driver/src/stm32f4xx_exti.o
                0x08008ea0                EXTI_ClearITPendingBit
 .text.FLASH_SetLatency
                0x08008ec0       0x20 ./Libraries/STM32F4xx_StdPeriph_Driver/src/stm32f4xx_flash.o
                0x08008ec0                FLASH_SetLatency
 .text.FLASH_PrefetchBufferCmd
                0x08008ee0       0x4c ./Libraries/STM32F4xx_StdPeriph_Driver/src/stm32f4xx_flash.o
                0x08008ee0                FLASH_PrefetchBufferCmd
 .text.FLASH_InstructionCacheCmd
                0x08008f2c       0x4c ./Libraries/STM32F4xx_StdPeriph_Driver/src/stm32f4xx_flash.o
                0x08008f2c                FLASH_InstructionCacheCmd
 .text.FLASH_DataCacheCmd
                0x08008f78       0x4c ./Libraries/STM32F4xx_StdPeriph_Driver/src/stm32f4xx_flash.o
                0x08008f78                FLASH_DataCacheCmd
 .text.FLASH_InstructionCacheReset
                0x08008fc4       0x24 ./Libraries/STM32F4xx_StdPeriph_Driver/src/stm32f4xx_flash.o
                0x08008fc4                FLASH_InstructionCacheReset
 .text.FLASH_DataCacheReset
                0x08008fe8       0x24 ./Libraries/STM32F4xx_StdPeriph_Driver/src/stm32f4xx_flash.o
                0x08008fe8                FLASH_DataCacheReset
 .text.FLASH_Unlock
                0x0800900c       0x3c ./Libraries/STM32F4xx_StdPeriph_Driver/src/stm32f4xx_flash.o
                0x0800900c                FLASH_Unlock
 .text.FLASH_Lock
                0x08009048       0x24 ./Libraries/STM32F4xx_StdPeriph_Driver/src/stm32f4xx_flash.o
                0x08009048                FLASH_Lock
 .text.FLASH_EraseSector
                0x0800906c      0x118 ./Libraries/STM32F4xx_StdPeriph_Driver/src/stm32f4xx_flash.o
                0x0800906c                FLASH_EraseSector
 .text.FLASH_EraseAllSectors
                0x08009184       0xe0 ./Libraries/STM32F4xx_StdPeriph_Driver/src/stm32f4xx_flash.o
                0x08009184                FLASH_EraseAllSectors
 .text.FLASH_ProgramDoubleWord
                0x08009264       0xa0 ./Libraries/STM32F4xx_StdPeriph_Driver/src/stm32f4xx_flash.o
                0x08009264                FLASH_ProgramDoubleWord
 .text.FLASH_ProgramWord
                0x08009304       0x98 ./Libraries/STM32F4xx_StdPeriph_Driver/src/stm32f4xx_flash.o
                0x08009304                FLASH_ProgramWord
 .text.FLASH_ProgramHalfWord
                0x0800939c       0x9c ./Libraries/STM32F4xx_StdPeriph_Driver/src/stm32f4xx_flash.o
                0x0800939c                FLASH_ProgramHalfWord
 .text.FLASH_ProgramByte
                0x08009438       0x98 ./Libraries/STM32F4xx_StdPeriph_Driver/src/stm32f4xx_flash.o
                0x08009438                FLASH_ProgramByte
 .text.FLASH_OB_Unlock
                0x080094d0       0x44 ./Libraries/STM32F4xx_StdPeriph_Driver/src/stm32f4xx_flash.o
                0x080094d0                FLASH_OB_Unlock
 .text.FLASH_OB_Lock
                0x08009514       0x24 ./Libraries/STM32F4xx_StdPeriph_Driver/src/stm32f4xx_flash.o
                0x08009514                FLASH_OB_Lock
 .text.FLASH_OB_WRPConfig
                0x08009538       0x74 ./Libraries/STM32F4xx_StdPeriph_Driver/src/stm32f4xx_flash.o
                0x08009538                FLASH_OB_WRPConfig
 .text.FLASH_OB_RDPConfig
                0x080095ac       0x34 ./Libraries/STM32F4xx_StdPeriph_Driver/src/stm32f4xx_flash.o
                0x080095ac                FLASH_OB_RDPConfig
 .text.FLASH_OB_UserConfig
                0x080095e0       0x64 ./Libraries/STM32F4xx_StdPeriph_Driver/src/stm32f4xx_flash.o
                0x080095e0                FLASH_OB_UserConfig
 .text.FLASH_OB_BORConfig
                0x08009644       0x4c ./Libraries/STM32F4xx_StdPeriph_Driver/src/stm32f4xx_flash.o
                0x08009644                FLASH_OB_BORConfig
 .text.FLASH_OB_Launch
                0x08009690       0x3c ./Libraries/STM32F4xx_StdPeriph_Driver/src/stm32f4xx_flash.o
                0x08009690                FLASH_OB_Launch
 .text.FLASH_OB_GetUser
                0x080096cc       0x1c ./Libraries/STM32F4xx_StdPeriph_Driver/src/stm32f4xx_flash.o
                0x080096cc                FLASH_OB_GetUser
 .text.FLASH_OB_GetWRP
                0x080096e8       0x18 ./Libraries/STM32F4xx_StdPeriph_Driver/src/stm32f4xx_flash.o
                0x080096e8                FLASH_OB_GetWRP
 .text.FLASH_OB_GetRDP
                0x08009700       0x38 ./Libraries/STM32F4xx_StdPeriph_Driver/src/stm32f4xx_flash.o
                0x08009700                FLASH_OB_GetRDP
 .text.FLASH_OB_GetBOR
                0x08009738       0x20 ./Libraries/STM32F4xx_StdPeriph_Driver/src/stm32f4xx_flash.o
                0x08009738                FLASH_OB_GetBOR
 .text.FLASH_ITConfig
                0x08009758       0x54 ./Libraries/STM32F4xx_StdPeriph_Driver/src/stm32f4xx_flash.o
                0x08009758                FLASH_ITConfig
 .text.FLASH_GetFlagStatus
                0x080097ac       0x3c ./Libraries/STM32F4xx_StdPeriph_Driver/src/stm32f4xx_flash.o
                0x080097ac                FLASH_GetFlagStatus
 .text.FLASH_ClearFlag
                0x080097e8       0x20 ./Libraries/STM32F4xx_StdPeriph_Driver/src/stm32f4xx_flash.o
                0x080097e8                FLASH_ClearFlag
 .text.FLASH_GetStatus
                0x08009808       0x88 ./Libraries/STM32F4xx_StdPeriph_Driver/src/stm32f4xx_flash.o
                0x08009808                FLASH_GetStatus
 .text.FLASH_WaitForLastOperation
                0x08009890       0x34 ./Libraries/STM32F4xx_StdPeriph_Driver/src/stm32f4xx_flash.o
                0x08009890                FLASH_WaitForLastOperation
 .text.FSMC_NORSRAMDeInit
                0x080098c4       0x5c ./Libraries/STM32F4xx_StdPeriph_Driver/src/stm32f4xx_fsmc.o
                0x080098c4                FSMC_NORSRAMDeInit
 .text.FSMC_NORSRAMInit
                0x08009920      0x158 ./Libraries/STM32F4xx_StdPeriph_Driver/src/stm32f4xx_fsmc.o
                0x08009920                FSMC_NORSRAMInit
 .text.FSMC_NORSRAMStructInit
                0x08009a78      0x108 ./Libraries/STM32F4xx_StdPeriph_Driver/src/stm32f4xx_fsmc.o
                0x08009a78                FSMC_NORSRAMStructInit
 .text.FSMC_NORSRAMCmd
                0x08009b80       0x58 ./Libraries/STM32F4xx_StdPeriph_Driver/src/stm32f4xx_fsmc.o
                0x08009b80                FSMC_NORSRAMCmd
 .text.FSMC_NANDDeInit
                0x08009bd8       0x8c ./Libraries/STM32F4xx_StdPeriph_Driver/src/stm32f4xx_fsmc.o
                0x08009bd8                FSMC_NANDDeInit
 .text.FSMC_NANDInit
                0x08009c64      0x100 ./Libraries/STM32F4xx_StdPeriph_Driver/src/stm32f4xx_fsmc.o
                0x08009c64                FSMC_NANDInit
 .text.FSMC_NANDStructInit
                0x08009d64       0x9c ./Libraries/STM32F4xx_StdPeriph_Driver/src/stm32f4xx_fsmc.o
                0x08009d64                FSMC_NANDStructInit
 .text.FSMC_NANDCmd
                0x08009e00       0x9c ./Libraries/STM32F4xx_StdPeriph_Driver/src/stm32f4xx_fsmc.o
                0x08009e00                FSMC_NANDCmd
 .text.FSMC_NANDECCCmd
                0x08009e9c       0x9c ./Libraries/STM32F4xx_StdPeriph_Driver/src/stm32f4xx_fsmc.o
                0x08009e9c                FSMC_NANDECCCmd
 .text.FSMC_GetECC
                0x08009f38       0x3c ./Libraries/STM32F4xx_StdPeriph_Driver/src/stm32f4xx_fsmc.o
                0x08009f38                FSMC_GetECC
 .text.FSMC_PCCARDDeInit
                0x08009f74       0x50 ./Libraries/STM32F4xx_StdPeriph_Driver/src/stm32f4xx_fsmc.o
                0x08009f74                FSMC_PCCARDDeInit
 .text.FSMC_PCCARDInit
                0x08009fc4       0xd4 ./Libraries/STM32F4xx_StdPeriph_Driver/src/stm32f4xx_fsmc.o
                0x08009fc4                FSMC_PCCARDInit
 .text.FSMC_PCCARDStructInit
                0x0800a098       0xa4 ./Libraries/STM32F4xx_StdPeriph_Driver/src/stm32f4xx_fsmc.o
                0x0800a098                FSMC_PCCARDStructInit
 .text.FSMC_PCCARDCmd
                0x0800a13c       0x54 ./Libraries/STM32F4xx_StdPeriph_Driver/src/stm32f4xx_fsmc.o
                0x0800a13c                FSMC_PCCARDCmd
 .text.FSMC_ITConfig
                0x0800a190       0xe0 ./Libraries/STM32F4xx_StdPeriph_Driver/src/stm32f4xx_fsmc.o
                0x0800a190                FSMC_ITConfig
 .text.FSMC_GetFlagStatus
                0x0800a270       0x74 ./Libraries/STM32F4xx_StdPeriph_Driver/src/stm32f4xx_fsmc.o
                0x0800a270                FSMC_GetFlagStatus
 .text.FSMC_ClearFlag
                0x0800a2e4       0x7c ./Libraries/STM32F4xx_StdPeriph_Driver/src/stm32f4xx_fsmc.o
                0x0800a2e4                FSMC_ClearFlag
 .text.FSMC_GetITStatus
                0x0800a360       0x94 ./Libraries/STM32F4xx_StdPeriph_Driver/src/stm32f4xx_fsmc.o
                0x0800a360                FSMC_GetITStatus
 .text.FSMC_ClearITPendingBit
                0x0800a3f4       0x88 ./Libraries/STM32F4xx_StdPeriph_Driver/src/stm32f4xx_fsmc.o
                0x0800a3f4                FSMC_ClearITPendingBit
 .text.GPIO_DeInit
                0x0800a47c      0x178 ./Libraries/STM32F4xx_StdPeriph_Driver/src/stm32f4xx_gpio.o
                0x0800a47c                GPIO_DeInit
 .text.GPIO_Init
                0x0800a5f4      0x144 ./Libraries/STM32F4xx_StdPeriph_Driver/src/stm32f4xx_gpio.o
                0x0800a5f4                GPIO_Init
 .text.GPIO_StructInit
                0x0800a738       0x3c ./Libraries/STM32F4xx_StdPeriph_Driver/src/stm32f4xx_gpio.o
                0x0800a738                GPIO_StructInit
 .text.GPIO_PinLockConfig
                0x0800a774       0x44 ./Libraries/STM32F4xx_StdPeriph_Driver/src/stm32f4xx_gpio.o
                0x0800a774                GPIO_PinLockConfig
 .text.GPIO_ReadInputDataBit
                0x0800a7b8       0x3c ./Libraries/STM32F4xx_StdPeriph_Driver/src/stm32f4xx_gpio.o
                0x0800a7b8                GPIO_ReadInputDataBit
 .text.GPIO_ReadInputData
                0x0800a7f4       0x1c ./Libraries/STM32F4xx_StdPeriph_Driver/src/stm32f4xx_gpio.o
                0x0800a7f4                GPIO_ReadInputData
 .text.GPIO_ReadOutputDataBit
                0x0800a810       0x3c ./Libraries/STM32F4xx_StdPeriph_Driver/src/stm32f4xx_gpio.o
                0x0800a810                GPIO_ReadOutputDataBit
 .text.GPIO_ReadOutputData
                0x0800a84c       0x1c ./Libraries/STM32F4xx_StdPeriph_Driver/src/stm32f4xx_gpio.o
                0x0800a84c                GPIO_ReadOutputData
 .text.GPIO_SetBits
                0x0800a868       0x1c ./Libraries/STM32F4xx_StdPeriph_Driver/src/stm32f4xx_gpio.o
                0x0800a868                GPIO_SetBits
 .text.GPIO_ResetBits
                0x0800a884       0x1c ./Libraries/STM32F4xx_StdPeriph_Driver/src/stm32f4xx_gpio.o
                0x0800a884                GPIO_ResetBits
 .text.GPIO_WriteBit
                0x0800a8a0       0x30 ./Libraries/STM32F4xx_StdPeriph_Driver/src/stm32f4xx_gpio.o
                0x0800a8a0                GPIO_WriteBit
 .text.GPIO_Write
                0x0800a8d0       0x1c ./Libraries/STM32F4xx_StdPeriph_Driver/src/stm32f4xx_gpio.o
                0x0800a8d0                GPIO_Write
 .text.GPIO_ToggleBits
                0x0800a8ec       0x24 ./Libraries/STM32F4xx_StdPeriph_Driver/src/stm32f4xx_gpio.o
                0x0800a8ec                GPIO_ToggleBits
 .text.GPIO_PinAFConfig
                0x0800a910       0xa8 ./Libraries/STM32F4xx_StdPeriph_Driver/src/stm32f4xx_gpio.o
                0x0800a910                GPIO_PinAFConfig
 .text.HASH_DeInit
                0x0800a9b8       0x20 ./Libraries/STM32F4xx_StdPeriph_Driver/src/stm32f4xx_hash.o
                0x0800a9b8                HASH_DeInit
 .text.HASH_Init
                0x0800a9d8       0xa4 ./Libraries/STM32F4xx_StdPeriph_Driver/src/stm32f4xx_hash.o
                0x0800a9d8                HASH_Init
 .text.HASH_StructInit
                0x0800aa7c       0x34 ./Libraries/STM32F4xx_StdPeriph_Driver/src/stm32f4xx_hash.o
                0x0800aa7c                HASH_StructInit
 .text.HASH_Reset
                0x0800aab0       0x24 ./Libraries/STM32F4xx_StdPeriph_Driver/src/stm32f4xx_hash.o
                0x0800aab0                HASH_Reset
 .text.HASH_SetLastWordValidBitsNbr
                0x0800aad4       0x44 ./Libraries/STM32F4xx_StdPeriph_Driver/src/stm32f4xx_hash.o
                0x0800aad4                HASH_SetLastWordValidBitsNbr
 .text.HASH_DataIn
                0x0800ab18       0x20 ./Libraries/STM32F4xx_StdPeriph_Driver/src/stm32f4xx_hash.o
                0x0800ab18                HASH_DataIn
 .text.HASH_GetInFIFOWordsNbr
                0x0800ab38       0x20 ./Libraries/STM32F4xx_StdPeriph_Driver/src/stm32f4xx_hash.o
                0x0800ab38                HASH_GetInFIFOWordsNbr
 .text.HASH_GetDigest
                0x0800ab58       0x58 ./Libraries/STM32F4xx_StdPeriph_Driver/src/stm32f4xx_hash.o
                0x0800ab58                HASH_GetDigest
 .text.HASH_StartDigest
                0x0800abb0       0x24 ./Libraries/STM32F4xx_StdPeriph_Driver/src/stm32f4xx_hash.o
                0x0800abb0                HASH_StartDigest
 .text.HASH_SaveContext
                0x0800abd4       0x7c ./Libraries/STM32F4xx_StdPeriph_Driver/src/stm32f4xx_hash.o
                0x0800abd4                HASH_SaveContext
 .text.HASH_RestoreContext
                0x0800ac50       0x94 ./Libraries/STM32F4xx_StdPeriph_Driver/src/stm32f4xx_hash.o
                0x0800ac50                HASH_RestoreContext
 .text.HASH_DMACmd
                0x0800ace4       0x4c ./Libraries/STM32F4xx_StdPeriph_Driver/src/stm32f4xx_hash.o
                0x0800ace4                HASH_DMACmd
 .text.HASH_ITConfig
                0x0800ad30       0x58 ./Libraries/STM32F4xx_StdPeriph_Driver/src/stm32f4xx_hash.o
                0x0800ad30                HASH_ITConfig
 .text.HASH_GetFlagStatus
                0x0800ad88       0x60 ./Libraries/STM32F4xx_StdPeriph_Driver/src/stm32f4xx_hash.o
                0x0800ad88                HASH_GetFlagStatus
 .text.HASH_ClearFlag
                0x0800ade8       0x24 ./Libraries/STM32F4xx_StdPeriph_Driver/src/stm32f4xx_hash.o
                0x0800ade8                HASH_ClearFlag
 .text.HASH_GetITStatus
                0x0800ae0c       0x54 ./Libraries/STM32F4xx_StdPeriph_Driver/src/stm32f4xx_hash.o
                0x0800ae0c                HASH_GetITStatus
 .text.HASH_ClearITPendingBit
                0x0800ae60       0x28 ./Libraries/STM32F4xx_StdPeriph_Driver/src/stm32f4xx_hash.o
                0x0800ae60                HASH_ClearITPendingBit
 .text.HASH_MD5
                0x0800ae88      0x140 ./Libraries/STM32F4xx_StdPeriph_Driver/src/stm32f4xx_hash_md5.o
                0x0800ae88                HASH_MD5
 .text.HMAC_MD5
                0x0800afc8      0x258 ./Libraries/STM32F4xx_StdPeriph_Driver/src/stm32f4xx_hash_md5.o
                0x0800afc8                HMAC_MD5
 .text.HASH_SHA1
                0x0800b220      0x158 ./Libraries/STM32F4xx_StdPeriph_Driver/src/stm32f4xx_hash_sha1.o
                0x0800b220                HASH_SHA1
 .text.HMAC_SHA1
                0x0800b378      0x270 ./Libraries/STM32F4xx_StdPeriph_Driver/src/stm32f4xx_hash_sha1.o
                0x0800b378                HMAC_SHA1
 .text.I2C_DeInit
                0x0800b5e8       0x88 ./Libraries/STM32F4xx_StdPeriph_Driver/src/stm32f4xx_i2c.o
                0x0800b5e8                I2C_DeInit
 .text.I2C_Init
                0x0800b670      0x1ac ./Libraries/STM32F4xx_StdPeriph_Driver/src/stm32f4xx_i2c.o
                0x0800b670                I2C_Init
 .text.I2C_StructInit
                0x0800b81c       0x44 ./Libraries/STM32F4xx_StdPeriph_Driver/src/stm32f4xx_i2c.o
                0x0800b81c                I2C_StructInit
 .text.I2C_Cmd  0x0800b860       0x40 ./Libraries/STM32F4xx_StdPeriph_Driver/src/stm32f4xx_i2c.o
                0x0800b860                I2C_Cmd
 .text.I2C_GenerateSTART
                0x0800b8a0       0x40 ./Libraries/STM32F4xx_StdPeriph_Driver/src/stm32f4xx_i2c.o
                0x0800b8a0                I2C_GenerateSTART
 .text.I2C_GenerateSTOP
                0x0800b8e0       0x40 ./Libraries/STM32F4xx_StdPeriph_Driver/src/stm32f4xx_i2c.o
                0x0800b8e0                I2C_GenerateSTOP
 .text.I2C_Send7bitAddress
                0x0800b920       0x3c ./Libraries/STM32F4xx_StdPeriph_Driver/src/stm32f4xx_i2c.o
                0x0800b920                I2C_Send7bitAddress
 .text.I2C_AcknowledgeConfig
                0x0800b95c       0x40 ./Libraries/STM32F4xx_StdPeriph_Driver/src/stm32f4xx_i2c.o
                0x0800b95c                I2C_AcknowledgeConfig
 .text.I2C_OwnAddress2Config
                0x0800b99c       0x44 ./Libraries/STM32F4xx_StdPeriph_Driver/src/stm32f4xx_i2c.o
                0x0800b99c                I2C_OwnAddress2Config
 .text.I2C_DualAddressCmd
                0x0800b9e0       0x40 ./Libraries/STM32F4xx_StdPeriph_Driver/src/stm32f4xx_i2c.o
                0x0800b9e0                I2C_DualAddressCmd
 .text.I2C_GeneralCallCmd
                0x0800ba20       0x40 ./Libraries/STM32F4xx_StdPeriph_Driver/src/stm32f4xx_i2c.o
                0x0800ba20                I2C_GeneralCallCmd
 .text.I2C_SoftwareResetCmd
                0x0800ba60       0x48 ./Libraries/STM32F4xx_StdPeriph_Driver/src/stm32f4xx_i2c.o
                0x0800ba60                I2C_SoftwareResetCmd
 .text.I2C_StretchClockCmd
                0x0800baa8       0x40 ./Libraries/STM32F4xx_StdPeriph_Driver/src/stm32f4xx_i2c.o
                0x0800baa8                I2C_StretchClockCmd
 .text.I2C_FastModeDutyCycleConfig
                0x0800bae8       0x40 ./Libraries/STM32F4xx_StdPeriph_Driver/src/stm32f4xx_i2c.o
                0x0800bae8                I2C_FastModeDutyCycleConfig
 .text.I2C_NACKPositionConfig
                0x0800bb28       0x40 ./Libraries/STM32F4xx_StdPeriph_Driver/src/stm32f4xx_i2c.o
                0x0800bb28                I2C_NACKPositionConfig
 .text.I2C_SMBusAlertConfig
                0x0800bb68       0x40 ./Libraries/STM32F4xx_StdPeriph_Driver/src/stm32f4xx_i2c.o
                0x0800bb68                I2C_SMBusAlertConfig
 .text.I2C_ARPCmd
                0x0800bba8       0x40 ./Libraries/STM32F4xx_StdPeriph_Driver/src/stm32f4xx_i2c.o
                0x0800bba8                I2C_ARPCmd
 .text.I2C_SendData
                0x0800bbe8       0x20 ./Libraries/STM32F4xx_StdPeriph_Driver/src/stm32f4xx_i2c.o
[...]
 .debug_ranges  0x00000550       0x90 ./Libraries/STM32F4xx_StdPeriph_Driver/src/stm32f4xx_cryp.o
 .debug_ranges  0x000005e0       0x20 ./Libraries/STM32F4xx_StdPeriph_Driver/src/stm32f4xx_cryp_aes.o
 .debug_ranges  0x00000600       0x18 ./Libraries/STM32F4xx_StdPeriph_Driver/src/stm32f4xx_cryp_des.o
 .debug_ranges  0x00000618       0x18 ./Libraries/STM32F4xx_StdPeriph_Driver/src/stm32f4xx_cryp_tdes.o
 .debug_ranges  0x00000630       0x90 ./Libraries/STM32F4xx_StdPeriph_Driver/src/stm32f4xx_dac.o
 .debug_ranges  0x000006c0       0x30 ./Libraries/STM32F4xx_StdPeriph_Driver/src/stm32f4xx_dbgmcu.o
 .debug_ranges  0x000006f0       0x80 ./Libraries/STM32F4xx_StdPeriph_Driver/src/stm32f4xx_dcmi.o
 .debug_ranges  0x00000770       0xa0 ./Libraries/STM32F4xx_StdPeriph_Driver/src/stm32f4xx_dma.o
 .debug_ranges  0x00000810       0x48 ./Libraries/STM32F4xx_StdPeriph_Driver/src/stm32f4xx_exti.o
 .debug_ranges  0x00000858       0xf8 ./Libraries/STM32F4xx_StdPeriph_Driver/src/stm32f4xx_flash.o
 .debug_ranges  0x00000950       0xa0 ./Libraries/STM32F4xx_StdPeriph_Driver/src/stm32f4xx_fsmc.o
 .debug_ranges  0x000009f0       0x78 ./Libraries/STM32F4xx_StdPeriph_Driver/src/stm32f4xx_gpio.o
 .debug_ranges  0x00000a68       0x90 ./Libraries/STM32F4xx_StdPeriph_Driver/src/stm32f4xx_hash.o
 .debug_ranges  0x00000af8       0x18 ./Libraries/STM32F4xx_StdPeriph_Driver/src/stm32f4xx_hash_md5.o
 .debug_ranges  0x00000b10       0x18 ./Libraries/STM32F4xx_StdPeriph_Driver/src/stm32f4xx_hash_sha1.o
 .debug_ranges  0x00000b28      0x110 ./Libraries/STM32F4xx_StdPeriph_Driver/src/stm32f4xx_i2c.o
 .debug_ranges  0x00000c38       0x38 ./Libraries/STM32F4xx_StdPeriph_Driver/src/stm32f4xx_iwdg.o
 .debug_ranges  0x00000c70       0x68 ./Libraries/STM32F4xx_StdPeriph_Driver/src/stm32f4xx_pwr.o
 .debug_ranges  0x00000cd8      0x168 ./Libraries/STM32F4xx_StdPeriph_Driver/src/stm32f4xx_rcc.o
 .debug_ranges  0x00000e40       0x48 ./Libraries/STM32F4xx_StdPeriph_Driver/src/stm32f4xx_rng.o
 .debug_ranges  0x00000e88      0x1d0 ./Libraries/STM32F4xx_StdPeriph_Driver/src/stm32f4xx_rtc.o
 .debug_ranges  0x00001058       0xf8 ./Libraries/STM32F4xx_StdPeriph_Driver/src/stm32f4xx_sdio.o
 .debug_ranges  0x00001150       0xd0 ./Libraries/STM32F4xx_StdPeriph_Driver/src/stm32f4xx_spi.o
 .debug_ranges  0x00001220       0x38 ./Libraries/STM32F4xx_StdPeriph_Driver/src/stm32f4xx_syscfg.o
 .debug_ranges  0x00001258      0x2e8 ./Libraries/STM32F4xx_StdPeriph_Driver/src/stm32f4xx_tim.o
 .debug_ranges  0x00001540       0xf0 ./Libraries/STM32F4xx_StdPeriph_Driver/src/stm32f4xx_usart.o
 .debug_ranges  0x00001630       0x48 ./Libraries/STM32F4xx_StdPeriph_Driver/src/stm32f4xx_wwdg.o

.debug_line     0x00000000     0x9be7
 .debug_line    0x00000000      0x478 ./startup_src/newlib_stubs.o
 .debug_line    0x00000478       0x84 ./startup_src/startup_stm32f4xx.o
 .debug_line    0x000004fc      0x149 ./src/main.o
 .debug_line    0x00000645      0x226 ./src/system_stm32f4xx.o
 .debug_line    0x0000086b       0xec ./Utilities/STM32F4-Discovery/fonts.o
 .debug_line    0x00000957      0x3cb ./Utilities/STM32F4-Discovery/stm32f4_discovery.o
 .debug_line    0x00000d22      0x3d1 ./Utilities/STM32F4-Discovery/stm32f4_discovery_debug.o
 .debug_line    0x000010f3      0x85e ./Utilities/STM32F4-Discovery/stm32f4_discovery_lcd.o
 .debug_line    0x00001951      0x28e ./Libraries/STM32F4xx_StdPeriph_Driver/src/misc.o
 .debug_line    0x00001bdf      0x59d ./Libraries/STM32F4xx_StdPeriph_Driver/src/stm32f4xx_adc.o
 .debug_line    0x0000217c      0x5a3 ./Libraries/STM32F4xx_StdPeriph_Driver/src/stm32f4xx_can.o
 .debug_line    0x0000271f      0x23a ./Libraries/STM32F4xx_StdPeriph_Driver/src/stm32f4xx_crc.o
 .debug_line    0x00002959      0x3dd ./Libraries/STM32F4xx_StdPeriph_Driver/src/stm32f4xx_cryp.o
 .debug_line    0x00002d36      0x6ff ./Libraries/STM32F4xx_StdPeriph_Driver/src/stm32f4xx_cryp_aes.o
 .debug_line    0x00003435      0x345 ./Libraries/STM32F4xx_StdPeriph_Driver/src/stm32f4xx_cryp_des.o
 .debug_line    0x0000377a      0x3be ./Libraries/STM32F4xx_StdPeriph_Driver/src/stm32f4xx_cryp_tdes.o
 .debug_line    0x00003b38      0x3a9 ./Libraries/STM32F4xx_StdPeriph_Driver/src/stm32f4xx_dac.o
 .debug_line    0x00003ee1      0x21d ./Libraries/STM32F4xx_StdPeriph_Driver/src/stm32f4xx_dbgmcu.o
 .debug_line    0x000040fe      0x388 ./Libraries/STM32F4xx_StdPeriph_Driver/src/stm32f4xx_dcmi.o
 .debug_line    0x00004486      0x425 ./Libraries/STM32F4xx_StdPeriph_Driver/src/stm32f4xx_dma.o
 .debug_line    0x000048ab      0x2ee ./Libraries/STM32F4xx_StdPeriph_Driver/src/stm32f4xx_exti.o
 .debug_line    0x00004b99      0x4d5 ./Libraries/STM32F4xx_StdPeriph_Driver/src/stm32f4xx_flash.o
 .debug_line    0x0000506e      0x49f ./Libraries/STM32F4xx_StdPeriph_Driver/src/stm32f4xx_fsmc.o
 .debug_line    0x0000550d      0x388 ./Libraries/STM32F4xx_StdPeriph_Driver/src/stm32f4xx_gpio.o
 .debug_line    0x00005895      0x3b8 ./Libraries/STM32F4xx_StdPeriph_Driver/src/stm32f4xx_hash.o
 .debug_line    0x00005c4d      0x3af ./Libraries/STM32F4xx_StdPeriph_Driver/src/stm32f4xx_hash_md5.o
 .debug_line    0x00005ffc      0x3ca ./Libraries/STM32F4xx_StdPeriph_Driver/src/stm32f4xx_hash_sha1.o
 .debug_line    0x000063c6      0x525 ./Libraries/STM32F4xx_StdPeriph_Driver/src/stm32f4xx_i2c.o
 .debug_line    0x000068eb      0x22d ./Libraries/STM32F4xx_StdPeriph_Driver/src/stm32f4xx_iwdg.o
 .debug_line    0x00006b18      0x2d3 ./Libraries/STM32F4xx_StdPeriph_Driver/src/stm32f4xx_pwr.o
 .debug_line    0x00006deb      0x5e4 ./Libraries/STM32F4xx_StdPeriph_Driver/src/stm32f4xx_rcc.o
 .debug_line    0x000073cf      0x259 ./Libraries/STM32F4xx_StdPeriph_Driver/src/stm32f4xx_rng.o
 .debug_line    0x00007628      0x859 ./Libraries/STM32F4xx_StdPeriph_Driver/src/stm32f4xx_rtc.o
 .debug_line    0x00007e81      0x48d ./Libraries/STM32F4xx_StdPeriph_Driver/src/stm32f4xx_sdio.o
 .debug_line    0x0000830e      0x49c ./Libraries/STM32F4xx_StdPeriph_Driver/src/stm32f4xx_spi.o
 .debug_line    0x000087aa      0x236 ./Libraries/STM32F4xx_StdPeriph_Driver/src/stm32f4xx_syscfg.o
 .debug_line    0x000089e0      0xac2 ./Libraries/STM32F4xx_StdPeriph_Driver/src/stm32f4xx_tim.o
 .debug_line    0x000094a2      0x4ed ./Libraries/STM32F4xx_StdPeriph_Driver/src/stm32f4xx_usart.o
 .debug_line    0x0000998f      0x258 ./Libraries/STM32F4xx_StdPeriph_Driver/src/stm32f4xx_wwdg.o

.debug_str      0x00000000     0x7429
 .debug_str     0x00000000      0x620 ./startup_src/newlib_stubs.o
                                0x6e7 (size before relaxing)
 .debug_str     0x00000620       0x20 ./src/main.o
                                 0xff (size before relaxing)
 .debug_str     0x00000640      0x218 ./src/system_stm32f4xx.o
                                0x31d (size before relaxing)
 .debug_str     0x00000858       0xa7 ./Utilities/STM32F4-Discovery/fonts.o
                                0x188 (size before relaxing)
 .debug_str     0x000008ff      0xcc6 ./Utilities/STM32F4-Discovery/stm32f4_discovery.o
                                0xe1d (size before relaxing)
 .debug_str     0x000015c5       0x7d ./Utilities/STM32F4-Discovery/stm32f4_discovery_debug.o
                                0x61f (size before relaxing)
 .debug_str     0x00001642      0x61f ./Utilities/STM32F4-Discovery/stm32f4_discovery_lcd.o
                                0x947 (size before relaxing)
 .debug_str     0x00001c61      0x151 ./Libraries/STM32F4xx_StdPeriph_Driver/src/misc.o
                                0x36b (size before relaxing)
 .debug_str     0x00001db2      0x634 ./Libraries/STM32F4xx_StdPeriph_Driver/src/stm32f4xx_adc.o
                                0x796 (size before relaxing)
 .debug_str     0x000023e6      0x517 ./Libraries/STM32F4xx_StdPeriph_Driver/src/stm32f4xx_can.o
                                0x6d0 (size before relaxing)
 .debug_str     0x000028fd       0xbd ./Libraries/STM32F4xx_StdPeriph_Driver/src/stm32f4xx_crc.o
                                0x1dd (size before relaxing)
 .debug_str     0x000029ba      0x3ae ./Libraries/STM32F4xx_StdPeriph_Driver/src/stm32f4xx_cryp.o
                                0x54f (size before relaxing)
 .debug_str     0x00002d68      0x109 ./Libraries/STM32F4xx_StdPeriph_Driver/src/stm32f4xx_cryp_aes.o
                                0x379 (size before relaxing)
 .debug_str     0x00002e71       0x5b ./Libraries/STM32F4xx_StdPeriph_Driver/src/stm32f4xx_cryp_des.o
                                0x364 (size before relaxing)
 .debug_str     0x00002ecc       0xab ./Libraries/STM32F4xx_StdPeriph_Driver/src/stm32f4xx_cryp_tdes.o
                                0x36a (size before relaxing)
 .debug_str     0x00002f77      0x271 ./Libraries/STM32F4xx_StdPeriph_Driver/src/stm32f4xx_dac.o
                                0x3e5 (size before relaxing)
 .debug_str     0x000031e8       0xcf ./Libraries/STM32F4xx_StdPeriph_Driver/src/stm32f4xx_dbgmcu.o
                                0x1e7 (size before relaxing)
 .debug_str     0x000032b7      0x303 ./Libraries/STM32F4xx_StdPeriph_Driver/src/stm32f4xx_dcmi.o
                                0x46b (size before relaxing)
 .debug_str     0x000035ba      0x254 ./Libraries/STM32F4xx_StdPeriph_Driver/src/stm32f4xx_dma.o
                                0x4de (size before relaxing)
 .debug_str     0x0000380e       0xf3 ./Libraries/STM32F4xx_StdPeriph_Driver/src/stm32f4xx_exti.o
                                0x300 (size before relaxing)
 .debug_str     0x00003901      0x3a0 ./Libraries/STM32F4xx_StdPeriph_Driver/src/stm32f4xx_flash.o
                                0x519 (size before relaxing)
 .debug_str     0x00003ca1      0x3eb ./Libraries/STM32F4xx_StdPeriph_Driver/src/stm32f4xx_fsmc.o
                                0x726 (size before relaxing)
 .debug_str     0x0000408c      0x18b ./Libraries/STM32F4xx_StdPeriph_Driver/src/stm32f4xx_gpio.o
                                0x435 (size before relaxing)
 .debug_str     0x00004217      0x263 ./Libraries/STM32F4xx_StdPeriph_Driver/src/stm32f4xx_hash.o
                                0x3c4 (size before relaxing)
 .debug_str     0x0000447a       0xa7 ./Libraries/STM32F4xx_StdPeriph_Driver/src/stm32f4xx_hash_md5.o
                                0x284 (size before relaxing)
 .debug_str     0x00004521       0x81 ./Libraries/STM32F4xx_StdPeriph_Driver/src/stm32f4xx_hash_sha1.o
                                0x289 (size before relaxing)
 .debug_str     0x000045a2      0x41b ./Libraries/STM32F4xx_StdPeriph_Driver/src/stm32f4xx_i2c.o
                                0x5f7 (size before relaxing)
 .debug_str     0x000049bd       0xdb ./Libraries/STM32F4xx_StdPeriph_Driver/src/stm32f4xx_iwdg.o
                                0x1fe (size before relaxing)
 .debug_str     0x00004a98      0x16e ./Libraries/STM32F4xx_StdPeriph_Driver/src/stm32f4xx_pwr.o
                                0x323 (size before relaxing)
 .debug_str     0x00004c06      0x4f0 ./Libraries/STM32F4xx_StdPeriph_Driver/src/stm32f4xx_rcc.o
                                0x7e2 (size before relaxing)
 .debug_str     0x000050f6       0xd2 ./Libraries/STM32F4xx_StdPeriph_Driver/src/stm32f4xx_rng.o
                                0x216 (size before relaxing)
 .debug_str     0x000051c8      0x957 ./Libraries/STM32F4xx_StdPeriph_Driver/src/stm32f4xx_rtc.o
                                0xae5 (size before relaxing)
 .debug_str     0x00005b1f      0x479 ./Libraries/STM32F4xx_StdPeriph_Driver/src/stm32f4xx_sdio.o
                                0x5dd (size before relaxing)
 .debug_str     0x00005f98      0x38c ./Libraries/STM32F4xx_StdPeriph_Driver/src/stm32f4xx_spi.o
                                0x61c (size before relaxing)
 .debug_str     0x00006324      0x14d ./Libraries/STM32F4xx_StdPeriph_Driver/src/stm32f4xx_syscfg.o
                                0x291 (size before relaxing)
 .debug_str     0x00006471      0xb55 ./Libraries/STM32F4xx_StdPeriph_Driver/src/stm32f4xx_tim.o
                                0xd62 (size before relaxing)
 .debug_str     0x00006fc6      0x38c ./Libraries/STM32F4xx_StdPeriph_Driver/src/stm32f4xx_usart.o
                                0x621 (size before relaxing)
 .debug_str     0x00007352       0xd7 ./Libraries/STM32F4xx_StdPeriph_Driver/src/stm32f4xx_wwdg.o
                                0x214 (size before relaxing)

.comment        0x00000000       0x30
 .comment       0x00000000       0x30 ./startup_src/newlib_stubs.o
                                 0x31 (size before relaxing)
 .comment       0x00000000       0x31 ./src/main.o
 .comment       0x00000000       0x31 ./src/system_stm32f4xx.o
 .comment       0x00000000       0x31 ./Utilities/STM32F4-Discovery/fonts.o
 .comment       0x00000000       0x31 ./Utilities/STM32F4-Discovery/stm32f4_discovery.o
 .comment       0x00000000       0x31 ./Utilities/STM32F4-Discovery/stm32f4_discovery_debug.o
 .comment       0x00000000       0x31 ./Utilities/STM32F4-Discovery/stm32f4_discovery_lcd.o
 .comment       0x00000000       0x31 ./Libraries/STM32F4xx_StdPeriph_Driver/src/misc.o
 .comment       0x00000000       0x31 ./Libraries/STM32F4xx_StdPeriph_Driver/src/stm32f4xx_adc.o
 .comment       0x00000000       0x31 ./Libraries/STM32F4xx_StdPeriph_Driver/src/stm32f4xx_can.o
 .comment       0x00000000       0x31 ./Libraries/STM32F4xx_StdPeriph_Driver/src/stm32f4xx_crc.o
 .comment       0x00000000       0x31 ./Libraries/STM32F4xx_StdPeriph_Driver/src/stm32f4xx_cryp.o
 .comment       0x00000000       0x31 ./Libraries/STM32F4xx_StdPeriph_Driver/src/stm32f4xx_cryp_aes.o
 .comment       0x00000000       0x31 ./Libraries/STM32F4xx_StdPeriph_Driver/src/stm32f4xx_cryp_des.o
 .comment       0x00000000       0x31 ./Libraries/STM32F4xx_StdPeriph_Driver/src/stm32f4xx_cryp_tdes.o
 .comment       0x00000000       0x31 ./Libraries/STM32F4xx_StdPeriph_Driver/src/stm32f4xx_dac.o
 .comment       0x00000000       0x31 ./Libraries/STM32F4xx_StdPeriph_Driver/src/stm32f4xx_dbgmcu.o
 .comment       0x00000000       0x31 ./Libraries/STM32F4xx_StdPeriph_Driver/src/stm32f4xx_dcmi.o
 .comment       0x00000000       0x31 ./Libraries/STM32F4xx_StdPeriph_Driver/src/stm32f4xx_dma.o
 .comment       0x00000000       0x31 ./Libraries/STM32F4xx_StdPeriph_Driver/src/stm32f4xx_exti.o
 .comment       0x00000000       0x31 ./Libraries/STM32F4xx_StdPeriph_Driver/src/stm32f4xx_flash.o
 .comment       0x00000000       0x31 ./Libraries/STM32F4xx_StdPeriph_Driver/src/stm32f4xx_fsmc.o
 .comment       0x00000000       0x31 ./Libraries/STM32F4xx_StdPeriph_Driver/src/stm32f4xx_gpio.o
 .comment       0x00000000       0x31 ./Libraries/STM32F4xx_StdPeriph_Driver/src/stm32f4xx_hash.o
 .comment       0x00000000       0x31 ./Libraries/STM32F4xx_StdPeriph_Driver/src/stm32f4xx_hash_md5.o
 .comment       0x00000000       0x31 ./Libraries/STM32F4xx_StdPeriph_Driver/src/stm32f4xx_hash_sha1.o
 .comment       0x00000000       0x31 ./Libraries/STM32F4xx_StdPeriph_Driver/src/stm32f4xx_i2c.o
 .comment       0x00000000       0x31 ./Libraries/STM32F4xx_StdPeriph_Driver/src/stm32f4xx_iwdg.o
 .comment       0x00000000       0x31 ./Libraries/STM32F4xx_StdPeriph_Driver/src/stm32f4xx_pwr.o
 .comment       0x00000000       0x31 ./Libraries/STM32F4xx_StdPeriph_Driver/src/stm32f4xx_rcc.o
 .comment       0x00000000       0x31 ./Libraries/STM32F4xx_StdPeriph_Driver/src/stm32f4xx_rng.o
 .comment       0x00000000       0x31 ./Libraries/STM32F4xx_StdPeriph_Driver/src/stm32f4xx_rtc.o
 .comment       0x00000000       0x31 ./Libraries/STM32F4xx_StdPeriph_Driver/src/stm32f4xx_sdio.o
 .comment       0x00000000       0x31 ./Libraries/STM32F4xx_StdPeriph_Driver/src/stm32f4xx_spi.o
 .comment       0x00000000       0x31 ./Libraries/STM32F4xx_StdPeriph_Driver/src/stm32f4xx_syscfg.o
 .comment       0x00000000       0x31 ./Libraries/STM32F4xx_StdPeriph_Driver/src/stm32f4xx_tim.o
 .comment       0x00000000       0x31 ./Libraries/STM32F4xx_StdPeriph_Driver/src/stm32f4xx_usart.o
 .comment       0x00000000       0x31 ./Libraries/STM32F4xx_StdPeriph_Driver/src/stm32f4xx_wwdg.o

.debug_frame    0x00000000     0x4ec0
 .debug_frame   0x00000000      0x2e4 ./startup_src/newlib_stubs.o
 .debug_frame   0x000002e4       0x2c ./src/main.o
 .debug_frame   0x00000310       0x64 ./src/system_stm32f4xx.o
 .debug_frame   0x00000374      0x164 ./Utilities/STM32F4-Discovery/stm32f4_discovery.o
 .debug_frame   0x000004d8       0x6c ./Utilities/STM32F4-Discovery/stm32f4_discovery_debug.o
 .debug_frame   0x00000544      0x524 ./Utilities/STM32F4-Discovery/stm32f4_discovery_lcd.o
 .debug_frame   0x00000a68       0x9c ./Libraries/STM32F4xx_StdPeriph_Driver/src/misc.o
 .debug_frame   0x00000b04      0x438 ./Libraries/STM32F4xx_StdPeriph_Driver/src/stm32f4xx_adc.o
 .debug_frame   0x00000f3c      0x2d4 ./Libraries/STM32F4xx_StdPeriph_Driver/src/stm32f4xx_can.o
 .debug_frame   0x00001210       0xb8 ./Libraries/STM32F4xx_StdPeriph_Driver/src/stm32f4xx_crc.o
 .debug_frame   0x000012c8      0x1ec ./Libraries/STM32F4xx_StdPeriph_Driver/src/stm32f4xx_cryp.o
 .debug_frame   0x000014b4       0x7c ./Libraries/STM32F4xx_StdPeriph_Driver/src/stm32f4xx_cryp_aes.o
 .debug_frame   0x00001530       0x58 ./Libraries/STM32F4xx_StdPeriph_Driver/src/stm32f4xx_cryp_des.o
 .debug_frame   0x00001588       0x58 ./Libraries/STM32F4xx_StdPeriph_Driver/src/stm32f4xx_cryp_tdes.o
 .debug_frame   0x000015e0      0x1ec ./Libraries/STM32F4xx_StdPeriph_Driver/src/stm32f4xx_dac.o
 .debug_frame   0x000017cc       0x9c ./Libraries/STM32F4xx_StdPeriph_Driver/src/stm32f4xx_dbgmcu.o
 .debug_frame   0x00001868      0x1b4 ./Libraries/STM32F4xx_StdPeriph_Driver/src/stm32f4xx_dcmi.o
 .debug_frame   0x00001a1c      0x224 ./Libraries/STM32F4xx_StdPeriph_Driver/src/stm32f4xx_dma.o
 .debug_frame   0x00001c40       0xf0 ./Libraries/STM32F4xx_StdPeriph_Driver/src/stm32f4xx_exti.o
 .debug_frame   0x00001d30      0x384 ./Libraries/STM32F4xx_StdPeriph_Driver/src/stm32f4xx_flash.o
 .debug_frame   0x000020b4      0x228 ./Libraries/STM32F4xx_StdPeriph_Driver/src/stm32f4xx_fsmc.o
 .debug_frame   0x000022dc      0x19c ./Libraries/STM32F4xx_StdPeriph_Driver/src/stm32f4xx_gpio.o
 .debug_frame   0x00002478      0x1ec ./Libraries/STM32F4xx_StdPeriph_Driver/src/stm32f4xx_hash.o
 .debug_frame   0x00002664       0x58 ./Libraries/STM32F4xx_StdPeriph_Driver/src/stm32f4xx_hash_md5.o
 .debug_frame   0x000026bc       0x58 ./Libraries/STM32F4xx_StdPeriph_Driver/src/stm32f4xx_hash_sha1.o
 .debug_frame   0x00002714      0x3b4 ./Libraries/STM32F4xx_StdPeriph_Driver/src/stm32f4xx_i2c.o
 .debug_frame   0x00002ac8       0xb8 ./Libraries/STM32F4xx_StdPeriph_Driver/src/stm32f4xx_iwdg.o
 .debug_frame   0x00002b80      0x160 ./Libraries/STM32F4xx_StdPeriph_Driver/src/stm32f4xx_pwr.o
 .debug_frame   0x00002ce0      0x4e4 ./Libraries/STM32F4xx_StdPeriph_Driver/src/stm32f4xx_rcc.o
 .debug_frame   0x000031c4       0xf0 ./Libraries/STM32F4xx_StdPeriph_Driver/src/stm32f4xx_rng.o
 .debug_frame   0x000032b4      0x68c ./Libraries/STM32F4xx_StdPeriph_Driver/src/stm32f4xx_rtc.o
 .debug_frame   0x00003940      0x358 ./Libraries/STM32F4xx_StdPeriph_Driver/src/stm32f4xx_sdio.o
 .debug_frame   0x00003c98      0x2d0 ./Libraries/STM32F4xx_StdPeriph_Driver/src/stm32f4xx_spi.o
 .debug_frame   0x00003f68       0xbc ./Libraries/STM32F4xx_StdPeriph_Driver/src/stm32f4xx_syscfg.o
 .debug_frame   0x00004024      0xa3c ./Libraries/STM32F4xx_StdPeriph_Driver/src/stm32f4xx_tim.o
 .debug_frame   0x00004a60      0x344 ./Libraries/STM32F4xx_StdPeriph_Driver/src/stm32f4xx_usart.o
 .debug_frame   0x00004da4       0xf0 ./Libraries/STM32F4xx_StdPeriph_Driver/src/stm32f4xx_wwdg.o
 .debug_frame   0x00004e94       0x2c c:/program files (x86)/codesourcery/sourcery_codebench_lite_for_arm_eabi/bin/../lib/gcc/arm-none-eabi/4.6.3/../../../../arm-none-eabi/lib/thumb2\libc.a(lib_a-init.o)
