Archive member included because of file (symbol)

c:/program files (x86)/codesourcery/sourcery_codebench_lite_for_arm_eabi/bin/../lib/gcc/arm-none-eabi/4.6.3/thumb2\libgcc.a(_arm_addsubdf3.o)
                              ./Utilities/STM32F4-Discovery/stm32f4_discovery_lcd.o (__aeabi_ui2d)
c:/program files (x86)/codesourcery/sourcery_codebench_lite_for_arm_eabi/bin/../lib/gcc/arm-none-eabi/4.6.3/thumb2\libgcc.a(_arm_cmpdf2.o)
                              ./Utilities/STM32F4-Discovery/stm32f4_discovery_lcd.o (__aeabi_dcmplt)
c:/program files (x86)/codesourcery/sourcery_codebench_lite_for_arm_eabi/bin/../lib/gcc/arm-none-eabi/4.6.3/../../../../arm-none-eabi/lib/thumb2\libc.a(lib_a-init.o)
                              ./startup_src/startup_stm32f4xx.o (__libc_init_array)

Allocating common symbols
Common symbol       size              file

LCD_CacheBuffer_yptr_bottom_bak
                    0x2               ./Utilities/STM32F4-Discovery/lcd_log.o
LCD_CacheBuffer_yptr_top_bak
                    0x2               ./Utilities/STM32F4-Discovery/lcd_log.o
LCD_CacheBuffer_yptr_bottom
                    0x2               ./Utilities/STM32F4-Discovery/lcd_log.o
LCD_CacheBuffer_xptr
                    0x2               ./Utilities/STM32F4-Discovery/lcd_log.o
LCD_CacheBuffer_yptr_invert
                    0x1               ./Utilities/STM32F4-Discovery/lcd_log.o
LCD_Lock            0x1               ./Utilities/STM32F4-Discovery/lcd_log.o
LCD_Scrolled        0x1               ./Utilities/STM32F4-Discovery/lcd_log.o
LCD_CacheBuffer_yptr_top
                    0x2               ./Utilities/STM32F4-Discovery/lcd_log.o
LCD_ScrollActive    0x1               ./Utilities/STM32F4-Discovery/lcd_log.o
LCD_CacheBuffer     0x1d4             ./Utilities/STM32F4-Discovery/lcd_log.o
LCD_LineColor       0x2               ./Utilities/STM32F4-Discovery/lcd_log.o
NVIC_InitStructure  0x4               ./Utilities/STM32F4-Discovery/stm32f4_discovery.o
LCD_ScrollBackStep  0x2               ./Utilities/STM32F4-Discovery/lcd_log.o

Memory Configuration

Name             Origin             Length             Attributes
FLASH            0x08000000         0x00100000         xr
RAM              0x20000000         0x00020000         xrw
MEMORY_B1        0x60000000         0x00000000         xr
*default*        0x00000000         0xffffffff

Linker script and memory map

LOAD c:/program files (x86)/codesourcery/sourcery_codebench_lite_for_arm_eabi/bin/../lib/gcc/arm-none-eabi/4.6.3/thumb2/crti.o
LOAD c:/program files (x86)/codesourcery/sourcery_codebench_lite_for_arm_eabi/bin/../lib/gcc/arm-none-eabi/4.6.3/thumb2/crtbegin.o
LOAD ./startup_src/startup_stm32f4xx.o
LOAD ./src/main.o
LOAD ./src/system_stm32f4xx.o
LOAD ./Utilities/STM32F4-Discovery/fonts.o
LOAD ./Utilities/STM32F4-Discovery/lcd_log.o
LOAD ./Utilities/STM32F4-Discovery/stm32f4_discovery.o
LOAD ./Utilities/STM32F4-Discovery/stm32f4_discovery_lcd.o
LOAD ./Libraries/STM32F4xx_StdPeriph_Driver/src/misc.o
LOAD ./Libraries/STM32F4xx_StdPeriph_Driver/src/stm32f4xx_adc.o
LOAD ./Libraries/STM32F4xx_StdPeriph_Driver/src/stm32f4xx_can.o
LOAD ./Libraries/STM32F4xx_StdPeriph_Driver/src/stm32f4xx_crc.o
LOAD ./Libraries/STM32F4xx_StdPeriph_Driver/src/stm32f4xx_cryp.o
LOAD ./Libraries/STM32F4xx_StdPeriph_Driver/src/stm32f4xx_cryp_aes.o
LOAD ./Libraries/STM32F4xx_StdPeriph_Driver/src/stm32f4xx_cryp_des.o
LOAD ./Libraries/STM32F4xx_StdPeriph_Driver/src/stm32f4xx_cryp_tdes.o
LOAD ./Libraries/STM32F4xx_StdPeriph_Driver/src/stm32f4xx_dac.o
LOAD ./Libraries/STM32F4xx_StdPeriph_Driver/src/stm32f4xx_dbgmcu.o
LOAD ./Libraries/STM32F4xx_StdPeriph_Driver/src/stm32f4xx_dcmi.o
LOAD ./Libraries/STM32F4xx_StdPeriph_Driver/src/stm32f4xx_dma.o
LOAD ./Libraries/STM32F4xx_StdPeriph_Driver/src/stm32f4xx_exti.o
LOAD ./Libraries/STM32F4xx_StdPeriph_Driver/src/stm32f4xx_flash.o
LOAD ./Libraries/STM32F4xx_StdPeriph_Driver/src/stm32f4xx_fsmc.o
LOAD ./Libraries/STM32F4xx_StdPeriph_Driver/src/stm32f4xx_gpio.o
LOAD ./Libraries/STM32F4xx_StdPeriph_Driver/src/stm32f4xx_hash.o
LOAD ./Libraries/STM32F4xx_StdPeriph_Driver/src/stm32f4xx_hash_md5.o
LOAD ./Libraries/STM32F4xx_StdPeriph_Driver/src/stm32f4xx_hash_sha1.o
LOAD ./Libraries/STM32F4xx_StdPeriph_Driver/src/stm32f4xx_i2c.o
LOAD ./Libraries/STM32F4xx_StdPeriph_Driver/src/stm32f4xx_iwdg.o
LOAD ./Libraries/STM32F4xx_StdPeriph_Driver/src/stm32f4xx_pwr.o
LOAD ./Libraries/STM32F4xx_StdPeriph_Driver/src/stm32f4xx_rcc.o
LOAD ./Libraries/STM32F4xx_StdPeriph_Driver/src/stm32f4xx_rng.o
LOAD ./Libraries/STM32F4xx_StdPeriph_Driver/src/stm32f4xx_rtc.o
LOAD ./Libraries/STM32F4xx_StdPeriph_Driver/src/stm32f4xx_sdio.o
LOAD ./Libraries/STM32F4xx_StdPeriph_Driver/src/stm32f4xx_spi.o
LOAD ./Libraries/STM32F4xx_StdPeriph_Driver/src/stm32f4xx_syscfg.o
LOAD ./Libraries/STM32F4xx_StdPeriph_Driver/src/stm32f4xx_tim.o
LOAD ./Libraries/STM32F4xx_StdPeriph_Driver/src/stm32f4xx_usart.o
LOAD ./Libraries/STM32F4xx_StdPeriph_Driver/src/stm32f4xx_wwdg.o
START GROUP
LOAD c:/program files (x86)/codesourcery/sourcery_codebench_lite_for_arm_eabi/bin/../lib/gcc/arm-none-eabi/4.6.3/thumb2\libgcc.a
LOAD c:/program files (x86)/codesourcery/sourcery_codebench_lite_for_arm_eabi/bin/../lib/gcc/arm-none-eabi/4.6.3/../../../../arm-none-eabi/lib/thumb2\libc.a
END GROUP
LOAD c:/program files (x86)/codesourcery/sourcery_codebench_lite_for_arm_eabi/bin/../lib/gcc/arm-none-eabi/4.6.3/thumb2/crtend.o
LOAD c:/program files (x86)/codesourcery/sourcery_codebench_lite_for_arm_eabi/bin/../lib/gcc/arm-none-eabi/4.6.3/thumb2/crtn.o
                0x20020000                _estack = 0x20020000
                0x00000000                _Min_Heap_Size = 0x0
                0x00000400                _Min_Stack_Size = 0x400

.isr_vector     0x08000000      0x188
                0x08000000                . = ALIGN (0x4)
 *(.isr_vector)
 .isr_vector    0x08000000      0x188 ./startup_src/startup_stm32f4xx.o
                0x08000000                g_pfnVectors
                0x08000188                . = ALIGN (0x4)

.text           0x08000188    0x147a8
                0x08000188                . = ALIGN (0x4)
 *(.text)
 .text          0x08000188        0x0 c:/program files (x86)/codesourcery/sourcery_codebench_lite_for_arm_eabi/bin/../lib/gcc/arm-none-eabi/4.6.3/thumb2/crti.o
 .text          0x08000188       0x68 c:/program files (x86)/codesourcery/sourcery_codebench_lite_for_arm_eabi/bin/../lib/gcc/arm-none-eabi/4.6.3/thumb2/crtbegin.o
 .text          0x080001f0       0x14 ./startup_src/startup_stm32f4xx.o
 .text          0x08000204        0x0 ./src/main.o
 .text          0x08000204        0x0 ./src/system_stm32f4xx.o
 .text          0x08000204        0x0 ./Utilities/STM32F4-Discovery/fonts.o
 .text          0x08000204        0x0 ./Utilities/STM32F4-Discovery/lcd_log.o
 .text          0x08000204        0x0 ./Utilities/STM32F4-Discovery/stm32f4_discovery.o
 .text          0x08000204        0x0 ./Utilities/STM32F4-Discovery/stm32f4_discovery_lcd.o
 .text          0x08000204        0x0 ./Libraries/STM32F4xx_StdPeriph_Driver/src/misc.o
 .text          0x08000204        0x0 ./Libraries/STM32F4xx_StdPeriph_Driver/src/stm32f4xx_adc.o
 .text          0x08000204        0x0 ./Libraries/STM32F4xx_StdPeriph_Driver/src/stm32f4xx_can.o
 .text          0x08000204        0x0 ./Libraries/STM32F4xx_StdPeriph_Driver/src/stm32f4xx_crc.o
 .text          0x08000204        0x0 ./Libraries/STM32F4xx_StdPeriph_Driver/src/stm32f4xx_cryp.o
 .text          0x08000204        0x0 ./Libraries/STM32F4xx_StdPeriph_Driver/src/stm32f4xx_cryp_aes.o
 .text          0x08000204        0x0 ./Libraries/STM32F4xx_StdPeriph_Driver/src/stm32f4xx_cryp_des.o
 .text          0x08000204        0x0 ./Libraries/STM32F4xx_StdPeriph_Driver/src/stm32f4xx_cryp_tdes.o
 .text          0x08000204        0x0 ./Libraries/STM32F4xx_StdPeriph_Driver/src/stm32f4xx_dac.o
 .text          0x08000204        0x0 ./Libraries/STM32F4xx_StdPeriph_Driver/src/stm32f4xx_dbgmcu.o
 .text          0x08000204        0x0 ./Libraries/STM32F4xx_StdPeriph_Driver/src/stm32f4xx_dcmi.o
 .text          0x08000204        0x0 ./Libraries/STM32F4xx_StdPeriph_Driver/src/stm32f4xx_dma.o
 .text          0x08000204        0x0 ./Libraries/STM32F4xx_StdPeriph_Driver/src/stm32f4xx_exti.o
 .text          0x08000204        0x0 ./Libraries/STM32F4xx_StdPeriph_Driver/src/stm32f4xx_flash.o
 .text          0x08000204        0x0 ./Libraries/STM32F4xx_StdPeriph_Driver/src/stm32f4xx_fsmc.o
 .text          0x08000204        0x0 ./Libraries/STM32F4xx_StdPeriph_Driver/src/stm32f4xx_gpio.o
 .text          0x08000204        0x0 ./Libraries/STM32F4xx_StdPeriph_Driver/src/stm32f4xx_hash.o
 .text          0x08000204        0x0 ./Libraries/STM32F4xx_StdPeriph_Driver/src/stm32f4xx_hash_md5.o
 .text          0x08000204        0x0 ./Libraries/STM32F4xx_StdPeriph_Driver/src/stm32f4xx_hash_sha1.o
 .text          0x08000204        0x0 ./Libraries/STM32F4xx_StdPeriph_Driver/src/stm32f4xx_i2c.o
 .text          0x08000204        0x0 ./Libraries/STM32F4xx_StdPeriph_Driver/src/stm32f4xx_iwdg.o
 .text          0x08000204        0x0 ./Libraries/STM32F4xx_StdPeriph_Driver/src/stm32f4xx_pwr.o
 .text          0x08000204        0x0 ./Libraries/STM32F4xx_StdPeriph_Driver/src/stm32f4xx_rcc.o
 .text          0x08000204        0x0 ./Libraries/STM32F4xx_StdPeriph_Driver/src/stm32f4xx_rng.o
 .text          0x08000204        0x0 ./Libraries/STM32F4xx_StdPeriph_Driver/src/stm32f4xx_rtc.o
 .text          0x08000204        0x0 ./Libraries/STM32F4xx_StdPeriph_Driver/src/stm32f4xx_sdio.o
 .text          0x08000204        0x0 ./Libraries/STM32F4xx_StdPeriph_Driver/src/stm32f4xx_spi.o
 .text          0x08000204        0x0 ./Libraries/STM32F4xx_StdPeriph_Driver/src/stm32f4xx_syscfg.o
 .text          0x08000204        0x0 ./Libraries/STM32F4xx_StdPeriph_Driver/src/stm32f4xx_tim.o
 .text          0x08000204        0x0 ./Libraries/STM32F4xx_StdPeriph_Driver/src/stm32f4xx_usart.o
 .text          0x08000204        0x0 ./Libraries/STM32F4xx_StdPeriph_Driver/src/stm32f4xx_wwdg.o
 .text          0x08000204      0x370 c:/program files (x86)/codesourcery/sourcery_codebench_lite_for_arm_eabi/bin/../lib/gcc/arm-none-eabi/4.6.3/thumb2\libgcc.a(_arm_addsubdf3.o)
                0x08000204                __aeabi_drsub
                0x0800020c                __aeabi_dsub
                0x0800020c                __subdf3
                0x08000210                __aeabi_dadd
                0x08000210                __adddf3
                0x08000488                __floatunsidf
                0x08000488                __aeabi_ui2d
                0x080004a8                __floatsidf
                0x080004a8                __aeabi_i2d
                0x080004cc                __aeabi_f2d
                0x080004cc                __extendsfdf2
                0x08000508                __floatundidf
                0x08000508                __aeabi_ul2d
                0x08000518                __floatdidf
                0x08000518                __aeabi_l2d
 .text          0x08000574      0x110 c:/program files (x86)/codesourcery/sourcery_codebench_lite_for_arm_eabi/bin/../lib/gcc/arm-none-eabi/4.6.3/thumb2\libgcc.a(_arm_cmpdf2.o)
                0x08000574                __gtdf2
                0x08000574                __gedf2
                0x0800057c                __ltdf2
                0x0800057c                __ledf2
                0x08000584                __nedf2
                0x08000584                __eqdf2
                0x08000584                __cmpdf2
                0x08000600                __aeabi_cdrcmple
                0x08000610                __aeabi_cdcmpeq
                0x08000610                __aeabi_cdcmple
                0x08000620                __aeabi_dcmpeq
                0x08000634                __aeabi_dcmplt
                0x08000648                __aeabi_dcmple
                0x0800065c                __aeabi_dcmpge
                0x08000670                __aeabi_dcmpgt
 .text          0x08000684       0x50 c:/program files (x86)/codesourcery/sourcery_codebench_lite_for_arm_eabi/bin/../lib/gcc/arm-none-eabi/4.6.3/../../../../arm-none-eabi/lib/thumb2\libc.a(lib_a-init.o)
                0x08000684                __libc_init_array
 .text          0x080006d4        0x0 c:/program files (x86)/codesourcery/sourcery_codebench_lite_for_arm_eabi/bin/../lib/gcc/arm-none-eabi/4.6.3/thumb2/crtend.o
 .text          0x080006d4        0x0 c:/program files (x86)/codesourcery/sourcery_codebench_lite_for_arm_eabi/bin/../lib/gcc/arm-none-eabi/4.6.3/thumb2/crtn.o
 *(.text*)
 .text.Reset_Handler
                0x080006d4       0x60 ./startup_src/startup_stm32f4xx.o
                0x080006d4                Reset_Handler
 .text.Default_Handler
                0x08000734        0x4 ./startup_src/startup_stm32f4xx.o
                0x08000734                RTC_Alarm_IRQHandler
                0x08000734                HASH_RNG_IRQHandler
                0x08000734                EXTI2_IRQHandler
                0x08000734                TIM8_CC_IRQHandler
                0x08000734                DebugMon_Handler
                0x08000734                TIM1_CC_IRQHandler
                0x08000734                DMA2_Stream5_IRQHandler
                0x08000734                HardFault_Handler
                0x08000734                DMA1_Stream5_IRQHandler
                0x08000734                SysTick_Handler
                0x08000734                PVD_IRQHandler
                0x08000734                SDIO_IRQHandler
                0x08000734                TAMP_STAMP_IRQHandler
                0x08000734                PendSV_Handler
                0x08000734                NMI_Handler
                0x08000734                CAN2_RX1_IRQHandler
                0x08000734                EXTI3_IRQHandler
                0x08000734                TIM8_TRG_COM_TIM14_IRQHandler
                0x08000734                TIM1_UP_TIM10_IRQHandler
                0x08000734                TIM8_UP_TIM13_IRQHandler
                0x08000734                I2C3_ER_IRQHandler
                0x08000734                EXTI0_IRQHandler
                0x08000734                I2C2_EV_IRQHandler
                0x08000734                DMA1_Stream2_IRQHandler
                0x08000734                CAN1_RX0_IRQHandler
                0x08000734                FPU_IRQHandler
                0x08000734                OTG_HS_WKUP_IRQHandler
                0x08000734                UsageFault_Handler
                0x08000734                CAN2_SCE_IRQHandler
                0x08000734                DMA2_Stream2_IRQHandler
                0x08000734                SPI1_IRQHandler
                0x08000734                TIM6_DAC_IRQHandler
                0x08000734                TIM1_BRK_TIM9_IRQHandler
                0x08000734                DCMI_IRQHandler
                0x08000734                CAN2_RX0_IRQHandler
                0x08000734                DMA2_Stream3_IRQHandler
                0x08000734                USART6_IRQHandler
                0x08000734                USART3_IRQHandler
                0x08000734                CRYP_IRQHandler
                0x08000734                CAN1_RX1_IRQHandler
                0x08000734                UART5_IRQHandler
                0x08000734                DMA2_Stream0_IRQHandler
                0x08000734                TIM4_IRQHandler
                0x08000734                I2C1_EV_IRQHandler
                0x08000734                DMA1_Stream6_IRQHandler
                0x08000734                DMA1_Stream1_IRQHandler
                0x08000734                UART4_IRQHandler
                0x08000734                TIM3_IRQHandler
                0x08000734                RCC_IRQHandler
                0x08000734                TIM8_BRK_TIM12_IRQHandler
                0x08000734                Default_Handler
                0x08000734                EXTI15_10_IRQHandler
                0x08000734                ADC_IRQHandler
                0x08000734                DMA1_Stream7_IRQHandler
                0x08000734                TIM7_IRQHandler
                0x08000734                CAN2_TX_IRQHandler
                0x08000734                TIM5_IRQHandler
                0x08000734                DMA2_Stream7_IRQHandler
                0x08000734                I2C3_EV_IRQHandler
                0x08000734                EXTI9_5_IRQHandler
                0x08000734                RTC_WKUP_IRQHandler
                0x08000734                ETH_WKUP_IRQHandler
                0x08000734                SPI2_IRQHandler
                0x08000734                OTG_HS_EP1_IN_IRQHandler
                0x08000734                MemManage_Handler
                0x08000734                DMA1_Stream0_IRQHandler
                0x08000734                CAN1_TX_IRQHandler
                0x08000734                SVC_Handler
                0x08000734                EXTI4_IRQHandler
                0x08000734                FSMC_IRQHandler
                0x08000734                ETH_IRQHandler
                0x08000734                OTG_HS_EP1_OUT_IRQHandler
                0x08000734                WWDG_IRQHandler
                0x08000734                TIM2_IRQHandler
                0x08000734                OTG_FS_WKUP_IRQHandler
                0x08000734                TIM1_TRG_COM_TIM11_IRQHandler
                0x08000734                OTG_HS_IRQHandler
                0x08000734                EXTI1_IRQHandler
                0x08000734                USART2_IRQHandler
                0x08000734                I2C2_ER_IRQHandler
                0x08000734                DMA2_Stream1_IRQHandler
                0x08000734                CAN1_SCE_IRQHandler
                0x08000734                FLASH_IRQHandler
                0x08000734                DMA2_Stream4_IRQHandler
                0x08000734                BusFault_Handler
                0x08000734                USART1_IRQHandler
                0x08000734                OTG_FS_IRQHandler
                0x08000734                SPI3_IRQHandler
                0x08000734                DMA1_Stream4_IRQHandler
                0x08000734                I2C1_ER_IRQHandler
                0x08000734                DMA2_Stream6_IRQHandler
                0x08000734                DMA1_Stream3_IRQHandler
 .text.main     0x08000738       0x54 ./src/main.o
                0x08000738                main
 .text.SystemInit
                0x0800078c       0x94 ./src/system_stm32f4xx.o
                0x0800078c                SystemInit
 .text.SystemCoreClockUpdate
                0x08000820      0x170 ./src/system_stm32f4xx.o
                0x08000820                SystemCoreClockUpdate
 .text.SetSysClock
                0x08000990      0x1e0 ./src/system_stm32f4xx.o
 .text.LCD_LOG_Init
                0x08000b70       0x14 ./Utilities/STM32F4-Discovery/lcd_log.o
                0x08000b70                LCD_LOG_Init
 .text.LCD_LOG_DeInit
                0x08000b84       0xa4 ./Utilities/STM32F4-Discovery/lcd_log.o
                0x08000b84                LCD_LOG_DeInit
 .text.LCD_LOG_SetHeader
                0x08000c28      0x10c ./Utilities/STM32F4-Discovery/lcd_log.o
                0x08000c28                LCD_LOG_SetHeader
 .text.LCD_LOG_SetFooter
                0x08000d34       0xac ./Utilities/STM32F4-Discovery/lcd_log.o
                0x08000d34                LCD_LOG_SetFooter
 .text.LCD_LOG_ClearTextZone
                0x08000de0       0x4c ./Utilities/STM32F4-Discovery/lcd_log.o
                0x08000de0                LCD_LOG_ClearTextZone
 .text.__io_putchar
                0x08000e2c      0x2b0 ./Utilities/STM32F4-Discovery/lcd_log.o
                0x08000e2c                __io_putchar
 .text.LCD_LOG_UpdateDisplay
                0x080010dc      0x190 ./Utilities/STM32F4-Discovery/lcd_log.o
 .text.STM_EVAL_LEDInit
                0x0800126c       0x6c ./Utilities/STM32F4-Discovery/stm32f4_discovery.o
                0x0800126c                STM_EVAL_LEDInit
 .text.STM_EVAL_LEDOn
                0x080012d8       0x34 ./Utilities/STM32F4-Discovery/stm32f4_discovery.o
                0x080012d8                STM_EVAL_LEDOn
 .text.STM_EVAL_LEDOff
                0x0800130c       0x34 ./Utilities/STM32F4-Discovery/stm32f4_discovery.o
                0x0800130c                STM_EVAL_LEDOff
 .text.STM_EVAL_LEDToggle
                0x08001340       0x44 ./Utilities/STM32F4-Discovery/stm32f4_discovery.o
                0x08001340                STM_EVAL_LEDToggle
 .text.STM_EVAL_PBInit
                0x08001384       0xec ./Utilities/STM32F4-Discovery/stm32f4_discovery.o
                0x08001384                STM_EVAL_PBInit
 .text.STM_EVAL_PBGetState
                0x08001470       0x3c ./Utilities/STM32F4-Discovery/stm32f4_discovery.o
                0x08001470                STM_EVAL_PBGetState
 .text.LCD_DeInit
                0x080014ac      0x404 ./Utilities/STM32F4-Discovery/stm32f4_discovery_lcd.o
                0x080014ac                LCD_DeInit
 .text.LCD_CtrlLinesConfig
                0x080018b0      0x288 ./Utilities/STM32F4-Discovery/stm32f4_discovery_lcd.o
                0x080018b0                LCD_CtrlLinesConfig
 .text.LCD_FSMCConfig
                0x08001b38       0xb0 ./Utilities/STM32F4-Discovery/stm32f4_discovery_lcd.o
                0x08001b38                LCD_FSMCConfig
 .text.STM32f4_Discovery_LCD_Init
                0x08001be8      0x1e8 ./Utilities/STM32F4-Discovery/stm32f4_discovery_lcd.o
                0x08001be8                STM32f4_Discovery_LCD_Init
 .text.LCD_SetCursor
                0x08001dd0       0x30 ./Utilities/STM32F4-Discovery/stm32f4_discovery_lcd.o
                0x08001dd0                LCD_SetCursor
 .text.LCD_WriteReg
                0x08001e00       0x34 ./Utilities/STM32F4-Discovery/stm32f4_discovery_lcd.o
                0x08001e00                LCD_WriteReg
 .text.LCD_ReadReg
                0x08001e34       0x30 ./Utilities/STM32F4-Discovery/stm32f4_discovery_lcd.o
                0x08001e34                LCD_ReadReg
 .text.LCD_WriteRAM_Prepare
                0x08001e64       0x18 ./Utilities/STM32F4-Discovery/stm32f4_discovery_lcd.o
                0x08001e64                LCD_WriteRAM_Prepare
 .text.LCD_WriteRAM
                0x08001e7c       0x20 ./Utilities/STM32F4-Discovery/stm32f4_discovery_lcd.o
                0x08001e7c                LCD_WriteRAM
 .text.LCD_ReadRAM
                0x08001e9c       0x18 ./Utilities/STM32F4-Discovery/stm32f4_discovery_lcd.o
                0x08001e9c                LCD_ReadRAM
 .text.LCD_RGB_Test
                0x08001eb4       0x90 ./Utilities/STM32F4-Discovery/stm32f4_discovery_lcd.o
                0x08001eb4                LCD_RGB_Test
 .text.LCD_SetColors
                0x08001f44       0x34 ./Utilities/STM32F4-Discovery/stm32f4_discovery_lcd.o
                0x08001f44                LCD_SetColors
 .text.LCD_GetColors
                0x08001f78       0x34 ./Utilities/STM32F4-Discovery/stm32f4_discovery_lcd.o
                0x08001f78                LCD_GetColors
 .text.LCD_SetTextColor
                0x08001fac       0x24 ./Utilities/STM32F4-Discovery/stm32f4_discovery_lcd.o
                0x08001fac                LCD_SetTextColor
 .text.LCD_SetBackColor
                0x08001fd0       0x24 ./Utilities/STM32F4-Discovery/stm32f4_discovery_lcd.o
                0x08001fd0                LCD_SetBackColor
 .text.LCD_DisplayOff
                0x08001ff4        0xc ./Utilities/STM32F4-Discovery/stm32f4_discovery_lcd.o
                0x08001ff4                LCD_DisplayOff
 .text.LCD_DisplayOn
                0x08002000        0xc ./Utilities/STM32F4-Discovery/stm32f4_discovery_lcd.o
                0x08002000                LCD_DisplayOn
 .text.LCD_SetFont
                0x0800200c       0x20 ./Utilities/STM32F4-Discovery/stm32f4_discovery_lcd.o
                0x0800200c                LCD_SetFont
 .text.LCD_GetFont
                0x0800202c       0x18 ./Utilities/STM32F4-Discovery/stm32f4_discovery_lcd.o
                0x0800202c                LCD_GetFont
 .text.LCD_ClearLine
                0x08002044       0x44 ./Utilities/STM32F4-Discovery/stm32f4_discovery_lcd.o
                0x08002044                LCD_ClearLine
 .text.LCD_Clear
                0x08002088       0x54 ./Utilities/STM32F4-Discovery/stm32f4_discovery_lcd.o
                0x08002088                LCD_Clear
 .text.PutPixel
                0x080020dc       0x54 ./Utilities/STM32F4-Discovery/stm32f4_discovery_lcd.o
 .text.LCD_DrawChar
                0x08002130      0x140 ./Utilities/STM32F4-Discovery/stm32f4_discovery_lcd.o
                0x08002130                LCD_DrawChar
 .text.LCD_DisplayChar
                0x08002270       0x54 ./Utilities/STM32F4-Discovery/stm32f4_discovery_lcd.o
                0x08002270                LCD_DisplayChar
 .text.LCD_DisplayStringLine
                0x080022c4       0x60 ./Utilities/STM32F4-Discovery/stm32f4_discovery_lcd.o
                0x080022c4                LCD_DisplayStringLine
 .text.LCD_SetDisplayWindow
                0x08002324       0x98 ./Utilities/STM32F4-Discovery/stm32f4_discovery_lcd.o
                0x08002324                LCD_SetDisplayWindow
 .text.LCD_WindowModeDisable
                0x080023bc        0xc ./Utilities/STM32F4-Discovery/stm32f4_discovery_lcd.o
                0x080023bc                LCD_WindowModeDisable
 .text.LCD_DrawLine
                0x080023c8       0xa0 ./Utilities/STM32F4-Discovery/stm32f4_discovery_lcd.o
                0x080023c8                LCD_DrawLine
 .text.LCD_DrawRect
                0x08002468       0x80 ./Utilities/STM32F4-Discovery/stm32f4_discovery_lcd.o
                0x08002468                LCD_DrawRect
 .text.LCD_DrawCircle
                0x080024e8      0x208 ./Utilities/STM32F4-Discovery/stm32f4_discovery_lcd.o
                0x080024e8                LCD_DrawCircle
 .text.LCD_DrawMonoPict
                0x080026f0       0xa0 ./Utilities/STM32F4-Discovery/stm32f4_discovery_lcd.o
                0x080026f0                LCD_DrawMonoPict
 .text.LCD_WriteBMP
                0x08002790       0x14 ./Utilities/STM32F4-Discovery/stm32f4_discovery_lcd.o
                0x08002790                LCD_WriteBMP
 .text.LCD_DrawFullRect
                0x080027a4       0xf4 ./Utilities/STM32F4-Discovery/stm32f4_discovery_lcd.o
                0x080027a4                LCD_DrawFullRect
 .text.LCD_DrawFullCircle
                0x08002898      0x168 ./Utilities/STM32F4-Discovery/stm32f4_discovery_lcd.o
                0x08002898                LCD_DrawFullCircle
 .text.LCD_DrawUniLine
                0x08002a00      0x1a0 ./Utilities/STM32F4-Discovery/stm32f4_discovery_lcd.o
                0x08002a00                LCD_DrawUniLine
 .text.LCD_PolyLine
                0x08002ba0       0x60 ./Utilities/STM32F4-Discovery/stm32f4_discovery_lcd.o
                0x08002ba0                LCD_PolyLine
 .text.LCD_PolyLineRelativeClosed
                0x08002c00       0xac ./Utilities/STM32F4-Discovery/stm32f4_discovery_lcd.o
 .text.LCD_ClosedPolyLine
                0x08002cac       0x54 ./Utilities/STM32F4-Discovery/stm32f4_discovery_lcd.o
                0x08002cac                LCD_ClosedPolyLine
 .text.LCD_PolyLineRelative
                0x08002d00       0x24 ./Utilities/STM32F4-Discovery/stm32f4_discovery_lcd.o
                0x08002d00                LCD_PolyLineRelative
 .text.LCD_ClosedPolyLineRelative
                0x08002d24       0x24 ./Utilities/STM32F4-Discovery/stm32f4_discovery_lcd.o
                0x08002d24                LCD_ClosedPolyLineRelative
 .text.LCD_FillPolyLine
                0x08002d48      0x588 ./Utilities/STM32F4-Discovery/stm32f4_discovery_lcd.o
                0x08002d48                LCD_FillPolyLine
 .text.delay    0x080032d0       0x34 ./Utilities/STM32F4-Discovery/stm32f4_discovery_lcd.o
 .text.NVIC_PriorityGroupConfig
                0x08003304       0x28 ./Libraries/STM32F4xx_StdPeriph_Driver/src/misc.o
                0x08003304                NVIC_PriorityGroupConfig
 .text.NVIC_Init
                0x0800332c       0xe4 ./Libraries/STM32F4xx_StdPeriph_Driver/src/misc.o
                0x0800332c                NVIC_Init
 .text.NVIC_SetVectorTable
                0x08003410       0x2c ./Libraries/STM32F4xx_StdPeriph_Driver/src/misc.o
                0x08003410                NVIC_SetVectorTable
 .text.NVIC_SystemLPConfig
                0x0800343c       0x54 ./Libraries/STM32F4xx_StdPeriph_Driver/src/misc.o
                0x0800343c                NVIC_SystemLPConfig
 .text.SysTick_CLKSourceConfig
                0x08003490       0x4c ./Libraries/STM32F4xx_StdPeriph_Driver/src/misc.o
                0x08003490                SysTick_CLKSourceConfig
 .text.ADC_DeInit
                0x080034dc       0x20 ./Libraries/STM32F4xx_StdPeriph_Driver/src/stm32f4xx_adc.o
                0x080034dc                ADC_DeInit
 .text.ADC_Init
                0x080034fc       0xb8 ./Libraries/STM32F4xx_StdPeriph_Driver/src/stm32f4xx_adc.o
                0x080034fc                ADC_Init
 .text.ADC_StructInit
                0x080035b4       0x4c ./Libraries/STM32F4xx_StdPeriph_Driver/src/stm32f4xx_adc.o
                0x080035b4                ADC_StructInit
 .text.ADC_CommonInit
                0x08003600       0x5c ./Libraries/STM32F4xx_StdPeriph_Driver/src/stm32f4xx_adc.o
                0x08003600                ADC_CommonInit
 .text.ADC_CommonStructInit
                0x0800365c       0x34 ./Libraries/STM32F4xx_StdPeriph_Driver/src/stm32f4xx_adc.o
                0x0800365c                ADC_CommonStructInit
 .text.ADC_Cmd  0x08003690       0x38 ./Libraries/STM32F4xx_StdPeriph_Driver/src/stm32f4xx_adc.o
                0x08003690                ADC_Cmd
 .text.ADC_AnalogWatchdogCmd
                0x080036c8       0x3c ./Libraries/STM32F4xx_StdPeriph_Driver/src/stm32f4xx_adc.o
                0x080036c8                ADC_AnalogWatchdogCmd
 .text.ADC_AnalogWatchdogThresholdsConfig
                0x08003704       0x28 ./Libraries/STM32F4xx_StdPeriph_Driver/src/stm32f4xx_adc.o
                0x08003704                ADC_AnalogWatchdogThresholdsConfig
 .text.ADC_AnalogWatchdogSingleChannelConfig
                0x0800372c       0x38 ./Libraries/STM32F4xx_StdPeriph_Driver/src/stm32f4xx_adc.o
                0x0800372c                ADC_AnalogWatchdogSingleChannelConfig
 .text.ADC_TempSensorVrefintCmd
                0x08003764       0x4c ./Libraries/STM32F4xx_StdPeriph_Driver/src/stm32f4xx_adc.o
                0x08003764                ADC_TempSensorVrefintCmd
 .text.ADC_VBATCmd
                0x080037b0       0x4c ./Libraries/STM32F4xx_StdPeriph_Driver/src/stm32f4xx_adc.o
                0x080037b0                ADC_VBATCmd
 .text.ADC_RegularChannelConfig
                0x080037fc      0x1bc ./Libraries/STM32F4xx_StdPeriph_Driver/src/stm32f4xx_adc.o
                0x080037fc                ADC_RegularChannelConfig
 .text.ADC_SoftwareStartConv
                0x080039b8       0x20 ./Libraries/STM32F4xx_StdPeriph_Driver/src/stm32f4xx_adc.o
                0x080039b8                ADC_SoftwareStartConv
 .text.ADC_GetSoftwareStartConvStatus
                0x080039d8       0x38 ./Libraries/STM32F4xx_StdPeriph_Driver/src/stm32f4xx_adc.o
                0x080039d8                ADC_GetSoftwareStartConvStatus
 .text.ADC_EOCOnEachRegularChannelCmd
                0x08003a10       0x38 ./Libraries/STM32F4xx_StdPeriph_Driver/src/stm32f4xx_adc.o
                0x08003a10                ADC_EOCOnEachRegularChannelCmd
 .text.ADC_ContinuousModeCmd
                0x08003a48       0x38 ./Libraries/STM32F4xx_StdPeriph_Driver/src/stm32f4xx_adc.o
                0x08003a48                ADC_ContinuousModeCmd
 .text.ADC_DiscModeChannelCountConfig
                0x08003a80       0x4c ./Libraries/STM32F4xx_StdPeriph_Driver/src/stm32f4xx_adc.o
                0x08003a80                ADC_DiscModeChannelCountConfig
 .text.ADC_DiscModeCmd
                0x08003acc       0x38 ./Libraries/STM32F4xx_StdPeriph_Driver/src/stm32f4xx_adc.o
                0x08003acc                ADC_DiscModeCmd
 .text.ADC_GetConversionValue
                0x08003b04       0x1c ./Libraries/STM32F4xx_StdPeriph_Driver/src/stm32f4xx_adc.o
                0x08003b04                ADC_GetConversionValue
 .text.ADC_GetMultiModeConversionValue
                0x08003b20       0x18 ./Libraries/STM32F4xx_StdPeriph_Driver/src/stm32f4xx_adc.o
                0x08003b20                ADC_GetMultiModeConversionValue
 .text.ADC_DMACmd
                0x08003b38       0x38 ./Libraries/STM32F4xx_StdPeriph_Driver/src/stm32f4xx_adc.o
                0x08003b38                ADC_DMACmd
 .text.ADC_DMARequestAfterLastTransferCmd
                0x08003b70       0x38 ./Libraries/STM32F4xx_StdPeriph_Driver/src/stm32f4xx_adc.o
                0x08003b70                ADC_DMARequestAfterLastTransferCmd
 .text.ADC_MultiModeDMARequestAfterLastTransferCmd
                0x08003ba8       0x4c ./Libraries/STM32F4xx_StdPeriph_Driver/src/stm32f4xx_adc.o
                0x08003ba8                ADC_MultiModeDMARequestAfterLastTransferCmd
 .text.ADC_InjectedChannelConfig
                0x08003bf4      0x144 ./Libraries/STM32F4xx_StdPeriph_Driver/src/stm32f4xx_adc.o
                0x08003bf4                ADC_InjectedChannelConfig
 .text.ADC_InjectedSequencerLengthConfig
                0x08003d38       0x4c ./Libraries/STM32F4xx_StdPeriph_Driver/src/stm32f4xx_adc.o
                0x08003d38                ADC_InjectedSequencerLengthConfig
 .text.ADC_SetInjectedOffset
                0x08003d84       0x34 ./Libraries/STM32F4xx_StdPeriph_Driver/src/stm32f4xx_adc.o
                0x08003d84                ADC_SetInjectedOffset
 .text.ADC_ExternalTrigInjectedConvConfig
                0x08003db8       0x38 ./Libraries/STM32F4xx_StdPeriph_Driver/src/stm32f4xx_adc.o
                0x08003db8                ADC_ExternalTrigInjectedConvConfig
 .text.ADC_ExternalTrigInjectedConvEdgeConfig
                0x08003df0       0x38 ./Libraries/STM32F4xx_StdPeriph_Driver/src/stm32f4xx_adc.o
                0x08003df0                ADC_ExternalTrigInjectedConvEdgeConfig
 .text.ADC_SoftwareStartInjectedConv
                0x08003e28       0x20 ./Libraries/STM32F4xx_StdPeriph_Driver/src/stm32f4xx_adc.o
                0x08003e28                ADC_SoftwareStartInjectedConv
 .text.ADC_GetSoftwareStartInjectedConvCmdStatus
                0x08003e48       0x38 ./Libraries/STM32F4xx_StdPeriph_Driver/src/stm32f4xx_adc.o
                0x08003e48                ADC_GetSoftwareStartInjectedConvCmdStatus
 .text.ADC_AutoInjectedConvCmd
                0x08003e80       0x38 ./Libraries/STM32F4xx_StdPeriph_Driver/src/stm32f4xx_adc.o
                0x08003e80                ADC_AutoInjectedConvCmd
 .text.ADC_InjectedDiscModeCmd
                0x08003eb8       0x38 ./Libraries/STM32F4xx_StdPeriph_Driver/src/stm32f4xx_adc.o
                0x08003eb8                ADC_InjectedDiscModeCmd
 .text.ADC_GetInjectedConversionValue
                0x08003ef0       0x34 ./Libraries/STM32F4xx_StdPeriph_Driver/src/stm32f4xx_adc.o
                0x08003ef0                ADC_GetInjectedConversionValue
 .text.ADC_ITConfig
                0x08003f24       0x58 ./Libraries/STM32F4xx_StdPeriph_Driver/src/stm32f4xx_adc.o
                0x08003f24                ADC_ITConfig
 .text.ADC_GetFlagStatus
                0x08003f7c       0x3c ./Libraries/STM32F4xx_StdPeriph_Driver/src/stm32f4xx_adc.o
                0x08003f7c                ADC_GetFlagStatus
 .text.ADC_ClearFlag
                0x08003fb8       0x20 ./Libraries/STM32F4xx_StdPeriph_Driver/src/stm32f4xx_adc.o
                0x08003fb8                ADC_ClearFlag
 .text.ADC_GetITStatus
                0x08003fd8       0x6c ./Libraries/STM32F4xx_StdPeriph_Driver/src/stm32f4xx_adc.o
                0x08003fd8                ADC_GetITStatus
 .text.ADC_ClearITPendingBit
                0x08004044       0x30 ./Libraries/STM32F4xx_StdPeriph_Driver/src/stm32f4xx_adc.o
                0x08004044                ADC_ClearITPendingBit
 .text.CAN_DeInit
                0x08004074       0x50 ./Libraries/STM32F4xx_StdPeriph_Driver/src/stm32f4xx_can.o
                0x08004074                CAN_DeInit
 .text.CAN_Init
                0x080040c4      0x1c0 ./Libraries/STM32F4xx_StdPeriph_Driver/src/stm32f4xx_can.o
                0x080040c4                CAN_Init
 .text.CAN_FilterInit
                0x08004284      0x210 ./Libraries/STM32F4xx_StdPeriph_Driver/src/stm32f4xx_can.o
                0x08004284                CAN_FilterInit
 .text.CAN_StructInit
                0x08004494       0x6c ./Libraries/STM32F4xx_StdPeriph_Driver/src/stm32f4xx_can.o
                0x08004494                CAN_StructInit
 .text.CAN_SlaveStartBank
                0x08004500       0x8c ./Libraries/STM32F4xx_StdPeriph_Driver/src/stm32f4xx_can.o
                0x08004500                CAN_SlaveStartBank
 .text.CAN_DBGFreeze
                0x0800458c       0x38 ./Libraries/STM32F4xx_StdPeriph_Driver/src/stm32f4xx_can.o
                0x0800458c                CAN_DBGFreeze
 .text.CAN_TTComModeCmd
                0x080045c4       0x98 ./Libraries/STM32F4xx_StdPeriph_Driver/src/stm32f4xx_can.o
                0x080045c4                CAN_TTComModeCmd
 .text.CAN_Transmit
                0x0800465c      0x1dc ./Libraries/STM32F4xx_StdPeriph_Driver/src/stm32f4xx_can.o
                0x0800465c                CAN_Transmit
 .text.CAN_TransmitStatus
                0x08004838      0x10c ./Libraries/STM32F4xx_StdPeriph_Driver/src/stm32f4xx_can.o
                0x08004838                CAN_TransmitStatus
 .text.CAN_CancelTransmit
                0x08004944       0x50 ./Libraries/STM32F4xx_StdPeriph_Driver/src/stm32f4xx_can.o
                0x08004944                CAN_CancelTransmit
 .text.CAN_Receive
                0x08004994      0x1a8 ./Libraries/STM32F4xx_StdPeriph_Driver/src/stm32f4xx_can.o
                0x08004994                CAN_Receive
 .text.CAN_FIFORelease
                0x08004b3c       0x38 ./Libraries/STM32F4xx_StdPeriph_Driver/src/stm32f4xx_can.o
                0x08004b3c                CAN_FIFORelease
 .text.CAN_MessagePending
                0x08004b74       0x50 ./Libraries/STM32F4xx_StdPeriph_Driver/src/stm32f4xx_can.o
                0x08004b74                CAN_MessagePending
 .text.CAN_OperatingModeRequest
                0x08004bc4      0x114 ./Libraries/STM32F4xx_StdPeriph_Driver/src/stm32f4xx_can.o
                0x08004bc4                CAN_OperatingModeRequest
 .text.CAN_Sleep
                0x08004cd8       0x40 ./Libraries/STM32F4xx_StdPeriph_Driver/src/stm32f4xx_can.o
                0x08004cd8                CAN_Sleep
 .text.CAN_WakeUp
                0x08004d18       0x5c ./Libraries/STM32F4xx_StdPeriph_Driver/src/stm32f4xx_can.o
                0x08004d18                CAN_WakeUp
 .text.CAN_GetLastErrorCode
                0x08004d74       0x28 ./Libraries/STM32F4xx_StdPeriph_Driver/src/stm32f4xx_can.o
                0x08004d74                CAN_GetLastErrorCode
 .text.CAN_GetReceiveErrorCounter
                0x08004d9c       0x28 ./Libraries/STM32F4xx_StdPeriph_Driver/src/stm32f4xx_can.o
                0x08004d9c                CAN_GetReceiveErrorCounter
 .text.CAN_GetLSBTransmitErrorCounter
                0x08004dc4       0x2c ./Libraries/STM32F4xx_StdPeriph_Driver/src/stm32f4xx_can.o
                0x08004dc4                CAN_GetLSBTransmitErrorCounter
 .text.CAN_ITConfig
                0x08004df0       0x3c ./Libraries/STM32F4xx_StdPeriph_Driver/src/stm32f4xx_can.o
                0x08004df0                CAN_ITConfig
 .text.CAN_GetFlagStatus
                0x08004e2c       0xf8 ./Libraries/STM32F4xx_StdPeriph_Driver/src/stm32f4xx_can.o
                0x08004e2c                CAN_GetFlagStatus
 .text.CAN_ClearFlag
                0x08004f24       0x7c ./Libraries/STM32F4xx_StdPeriph_Driver/src/stm32f4xx_can.o
                0x08004f24                CAN_ClearFlag
 .text.CAN_GetITStatus
                0x08004fa0      0x1b8 ./Libraries/STM32F4xx_StdPeriph_Driver/src/stm32f4xx_can.o
                0x08004fa0                CAN_GetITStatus
 .text.CAN_ClearITPendingBit
                0x08005158       0xfc ./Libraries/STM32F4xx_StdPeriph_Driver/src/stm32f4xx_can.o
                0x08005158                CAN_ClearITPendingBit
 .text.CheckITStatus
                0x08005254       0x38 ./Libraries/STM32F4xx_StdPeriph_Driver/src/stm32f4xx_can.o
 .text.CRC_ResetDR
                0x0800528c       0x18 ./Libraries/STM32F4xx_StdPeriph_Driver/src/stm32f4xx_crc.o
                0x0800528c                CRC_ResetDR
 .text.CRC_CalcCRC
                0x080052a4       0x2c ./Libraries/STM32F4xx_StdPeriph_Driver/src/stm32f4xx_crc.o
                0x080052a4                CRC_CalcCRC
 .text.CRC_CalcBlockCRC
                0x080052d0       0x54 ./Libraries/STM32F4xx_StdPeriph_Driver/src/stm32f4xx_crc.o
                0x080052d0                CRC_CalcBlockCRC
 .text.CRC_GetCRC
                0x08005324       0x18 ./Libraries/STM32F4xx_StdPeriph_Driver/src/stm32f4xx_crc.o
                0x08005324                CRC_GetCRC
 .text.CRC_SetIDRegister
                0x0800533c       0x20 ./Libraries/STM32F4xx_StdPeriph_Driver/src/stm32f4xx_crc.o
                0x0800533c                CRC_SetIDRegister
 .text.CRC_GetIDRegister
                0x0800535c       0x18 ./Libraries/STM32F4xx_StdPeriph_Driver/src/stm32f4xx_crc.o
                0x0800535c                CRC_GetIDRegister
 .text.CRYP_DeInit
                0x08005374       0x20 ./Libraries/STM32F4xx_StdPeriph_Driver/src/stm32f4xx_cryp.o
                0x08005374                CRYP_DeInit
 .text.CRYP_Init
                0x08005394       0xfc ./Libraries/STM32F4xx_StdPeriph_Driver/src/stm32f4xx_cryp.o
                0x08005394                CRYP_Init
 .text.CRYP_StructInit
                0x08005490       0x34 ./Libraries/STM32F4xx_StdPeriph_Driver/src/stm32f4xx_cryp.o
                0x08005490                CRYP_StructInit
 .text.CRYP_KeyInit
                0x080054c4       0x84 ./Libraries/STM32F4xx_StdPeriph_Driver/src/stm32f4xx_cryp.o
                0x080054c4                CRYP_KeyInit
 .text.CRYP_KeyStructInit
                0x08005548       0x54 ./Libraries/STM32F4xx_StdPeriph_Driver/src/stm32f4xx_cryp.o
                0x08005548                CRYP_KeyStructInit
 .text.CRYP_IVInit
                0x0800559c       0x4c ./Libraries/STM32F4xx_StdPeriph_Driver/src/stm32f4xx_cryp.o
                0x0800559c                CRYP_IVInit
 .text.CRYP_IVStructInit
                0x080055e8       0x34 ./Libraries/STM32F4xx_StdPeriph_Driver/src/stm32f4xx_cryp.o
                0x080055e8                CRYP_IVStructInit
 .text.CRYP_FIFOFlush
                0x0800561c       0x24 ./Libraries/STM32F4xx_StdPeriph_Driver/src/stm32f4xx_cryp.o
                0x0800561c                CRYP_FIFOFlush
 .text.CRYP_Cmd
                0x08005640       0x4c ./Libraries/STM32F4xx_StdPeriph_Driver/src/stm32f4xx_cryp.o
                0x08005640                CRYP_Cmd
 .text.CRYP_DataIn
                0x0800568c       0x20 ./Libraries/STM32F4xx_StdPeriph_Driver/src/stm32f4xx_cryp.o
                0x0800568c                CRYP_DataIn
 .text.CRYP_DataOut
                0x080056ac       0x18 ./Libraries/STM32F4xx_StdPeriph_Driver/src/stm32f4xx_cryp.o
                0x080056ac                CRYP_DataOut
 .text.CRYP_SaveContext
                0x080056c4      0x164 ./Libraries/STM32F4xx_StdPeriph_Driver/src/stm32f4xx_cryp.o
                0x080056c4                CRYP_SaveContext
 .text.CRYP_RestoreContext
                0x08005828       0xe0 ./Libraries/STM32F4xx_StdPeriph_Driver/src/stm32f4xx_cryp.o
                0x08005828                CRYP_RestoreContext
 .text.CRYP_DMACmd
                0x08005908       0x58 ./Libraries/STM32F4xx_StdPeriph_Driver/src/stm32f4xx_cryp.o
                0x08005908                CRYP_DMACmd
 .text.CRYP_ITConfig
                0x08005960       0x58 ./Libraries/STM32F4xx_StdPeriph_Driver/src/stm32f4xx_cryp.o
                0x08005960                CRYP_ITConfig
 .text.CRYP_GetITStatus
                0x080059b8       0x40 ./Libraries/STM32F4xx_StdPeriph_Driver/src/stm32f4xx_cryp.o
                0x080059b8                CRYP_GetITStatus
 .text.CRYP_GetFlagStatus
                0x080059f8       0x60 ./Libraries/STM32F4xx_StdPeriph_Driver/src/stm32f4xx_cryp.o
                0x080059f8                CRYP_GetFlagStatus
 .text.CRYP_AES_ECB
                0x08005a58      0x4b0 ./Libraries/STM32F4xx_StdPeriph_Driver/src/stm32f4xx_cryp_aes.o
                0x08005a58                CRYP_AES_ECB
 .text.CRYP_AES_CBC
                0x08005f08      0x5cc ./Libraries/STM32F4xx_StdPeriph_Driver/src/stm32f4xx_cryp_aes.o
                0x08005f08                CRYP_AES_CBC
 .text.CRYP_AES_CTR
                0x080064d4      0x550 ./Libraries/STM32F4xx_StdPeriph_Driver/src/stm32f4xx_cryp_aes.o
                0x080064d4                CRYP_AES_CTR
 .text.CRYP_DES_ECB
                0x08006a24      0x160 ./Libraries/STM32F4xx_StdPeriph_Driver/src/stm32f4xx_cryp_des.o
                0x08006a24                CRYP_DES_ECB
 .text.CRYP_DES_CBC
                0x08006b84      0x1b0 ./Libraries/STM32F4xx_StdPeriph_Driver/src/stm32f4xx_cryp_des.o
                0x08006b84                CRYP_DES_CBC
 .text.CRYP_TDES_ECB
                0x08006d34      0x1d0 ./Libraries/STM32F4xx_StdPeriph_Driver/src/stm32f4xx_cryp_tdes.o
                0x08006d34                CRYP_TDES_ECB
 .text.CRYP_TDES_CBC
                0x08006f04      0x268 ./Libraries/STM32F4xx_StdPeriph_Driver/src/stm32f4xx_cryp_tdes.o
                0x08006f04                CRYP_TDES_CBC
 .text.DAC_DeInit
                0x0800716c       0x20 ./Libraries/STM32F4xx_StdPeriph_Driver/src/stm32f4xx_dac.o
                0x0800716c                DAC_DeInit
 .text.DAC_Init
                0x0800718c       0x74 ./Libraries/STM32F4xx_StdPeriph_Driver/src/stm32f4xx_dac.o
                0x0800718c                DAC_Init
 .text.DAC_StructInit
                0x08007200       0x34 ./Libraries/STM32F4xx_StdPeriph_Driver/src/stm32f4xx_dac.o
                0x08007200                DAC_StructInit
 .text.DAC_Cmd  0x08007234       0x64 ./Libraries/STM32F4xx_StdPeriph_Driver/src/stm32f4xx_dac.o
                0x08007234                DAC_Cmd
 .text.DAC_SoftwareTriggerCmd
                0x08007298       0x6c ./Libraries/STM32F4xx_StdPeriph_Driver/src/stm32f4xx_dac.o
                0x08007298                DAC_SoftwareTriggerCmd
 .text.DAC_DualSoftwareTriggerCmd
                0x08007304       0x4c ./Libraries/STM32F4xx_StdPeriph_Driver/src/stm32f4xx_dac.o
                0x08007304                DAC_DualSoftwareTriggerCmd
 .text.DAC_WaveGenerationCmd
                0x08007350       0x60 ./Libraries/STM32F4xx_StdPeriph_Driver/src/stm32f4xx_dac.o
                0x08007350                DAC_WaveGenerationCmd
 .text.DAC_SetChannel1Data
                0x080073b0       0x38 ./Libraries/STM32F4xx_StdPeriph_Driver/src/stm32f4xx_dac.o
                0x080073b0                DAC_SetChannel1Data
 .text.DAC_SetChannel2Data
                0x080073e8       0x38 ./Libraries/STM32F4xx_StdPeriph_Driver/src/stm32f4xx_dac.o
                0x080073e8                DAC_SetChannel2Data
 .text.DAC_SetDualChannelData
                0x08007420       0x64 ./Libraries/STM32F4xx_StdPeriph_Driver/src/stm32f4xx_dac.o
                0x08007420                DAC_SetDualChannelData
 .text.DAC_GetDataOutputValue
                0x08007484       0x3c ./Libraries/STM32F4xx_StdPeriph_Driver/src/stm32f4xx_dac.o
                0x08007484                DAC_GetDataOutputValue
 .text.DAC_DMACmd
                0x080074c0       0x64 ./Libraries/STM32F4xx_StdPeriph_Driver/src/stm32f4xx_dac.o
                0x080074c0                DAC_DMACmd
 .text.DAC_ITConfig
                0x08007524       0x60 ./Libraries/STM32F4xx_StdPeriph_Driver/src/stm32f4xx_dac.o
                0x08007524                DAC_ITConfig
 .text.DAC_GetFlagStatus
                0x08007584       0x44 ./Libraries/STM32F4xx_StdPeriph_Driver/src/stm32f4xx_dac.o
                0x08007584                DAC_GetFlagStatus
 .text.DAC_ClearFlag
                0x080075c8       0x28 ./Libraries/STM32F4xx_StdPeriph_Driver/src/stm32f4xx_dac.o
                0x080075c8                DAC_ClearFlag
 .text.DAC_GetITStatus
                0x080075f0       0x68 ./Libraries/STM32F4xx_StdPeriph_Driver/src/stm32f4xx_dac.o
                0x080075f0                DAC_GetITStatus
 .text.DAC_ClearITPendingBit
                0x08007658       0x28 ./Libraries/STM32F4xx_StdPeriph_Driver/src/stm32f4xx_dac.o
                0x08007658                DAC_ClearITPendingBit
 .text.DBGMCU_GetREVID
                0x08007680       0x1c ./Libraries/STM32F4xx_StdPeriph_Driver/src/stm32f4xx_dbgmcu.o
                0x08007680                DBGMCU_GetREVID
 .text.DBGMCU_GetDEVID
                0x0800769c       0x20 ./Libraries/STM32F4xx_StdPeriph_Driver/src/stm32f4xx_dbgmcu.o
                0x0800769c                DBGMCU_GetDEVID
 .text.DBGMCU_Config
                0x080076bc       0x54 ./Libraries/STM32F4xx_StdPeriph_Driver/src/stm32f4xx_dbgmcu.o
                0x080076bc                DBGMCU_Config
 .text.DBGMCU_APB1PeriphConfig
                0x08007710       0x54 ./Libraries/STM32F4xx_StdPeriph_Driver/src/stm32f4xx_dbgmcu.o
                0x08007710                DBGMCU_APB1PeriphConfig
 .text.DBGMCU_APB2PeriphConfig
                0x08007764       0x54 ./Libraries/STM32F4xx_StdPeriph_Driver/src/stm32f4xx_dbgmcu.o
                0x08007764                DBGMCU_APB2PeriphConfig
 .text.DCMI_DeInit
                0x080077b8       0x6c ./Libraries/STM32F4xx_StdPeriph_Driver/src/stm32f4xx_dcmi.o
                0x080077b8                DCMI_DeInit
 .text.DCMI_Init
                0x08007824       0x94 ./Libraries/STM32F4xx_StdPeriph_Driver/src/stm32f4xx_dcmi.o
                0x08007824                DCMI_Init
 .text.DCMI_StructInit
                0x080078b8       0x4c ./Libraries/STM32F4xx_StdPeriph_Driver/src/stm32f4xx_dcmi.o
                0x080078b8                DCMI_StructInit
 .text.DCMI_CROPConfig
                0x08007904       0x48 ./Libraries/STM32F4xx_StdPeriph_Driver/src/stm32f4xx_dcmi.o
                0x08007904                DCMI_CROPConfig
 .text.DCMI_CROPCmd
                0x0800794c       0x4c ./Libraries/STM32F4xx_StdPeriph_Driver/src/stm32f4xx_dcmi.o
                0x0800794c                DCMI_CROPCmd
 .text.DCMI_SetEmbeddedSynchroCodes
                0x08007998       0x40 ./Libraries/STM32F4xx_StdPeriph_Driver/src/stm32f4xx_dcmi.o
                0x08007998                DCMI_SetEmbeddedSynchroCodes
 .text.DCMI_JPEGCmd
                0x080079d8       0x4c ./Libraries/STM32F4xx_StdPeriph_Driver/src/stm32f4xx_dcmi.o
                0x080079d8                DCMI_JPEGCmd
 .text.DCMI_Cmd
                0x08007a24       0x4c ./Libraries/STM32F4xx_StdPeriph_Driver/src/stm32f4xx_dcmi.o
                0x08007a24                DCMI_Cmd
 .text.DCMI_CaptureCmd
                0x08007a70       0x4c ./Libraries/STM32F4xx_StdPeriph_Driver/src/stm32f4xx_dcmi.o
                0x08007a70                DCMI_CaptureCmd
 .text.DCMI_ReadData
                0x08007abc       0x18 ./Libraries/STM32F4xx_StdPeriph_Driver/src/stm32f4xx_dcmi.o
                0x08007abc                DCMI_ReadData
 .text.DCMI_ITConfig
                0x08007ad4       0x58 ./Libraries/STM32F4xx_StdPeriph_Driver/src/stm32f4xx_dcmi.o
                0x08007ad4                DCMI_ITConfig
 .text.DCMI_GetFlagStatus
                0x08007b2c       0x7c ./Libraries/STM32F4xx_StdPeriph_Driver/src/stm32f4xx_dcmi.o
                0x08007b2c                DCMI_GetFlagStatus
 .text.DCMI_ClearFlag
                0x08007ba8       0x20 ./Libraries/STM32F4xx_StdPeriph_Driver/src/stm32f4xx_dcmi.o
                0x08007ba8                DCMI_ClearFlag
 .text.DCMI_GetITStatus
                0x08007bc8       0x48 ./Libraries/STM32F4xx_StdPeriph_Driver/src/stm32f4xx_dcmi.o
                0x08007bc8                DCMI_GetITStatus
 .text.DCMI_ClearITPendingBit
                0x08007c10       0x20 ./Libraries/STM32F4xx_StdPeriph_Driver/src/stm32f4xx_dcmi.o
                0x08007c10                DCMI_ClearITPendingBit
 .text.DMA_DeInit
                0x08007c30      0x244 ./Libraries/STM32F4xx_StdPeriph_Driver/src/stm32f4xx_dma.o
                0x08007c30                DMA_DeInit
 .text.DMA_Init
                0x08007e74       0xb0 ./Libraries/STM32F4xx_StdPeriph_Driver/src/stm32f4xx_dma.o
                0x08007e74                DMA_Init
 .text.DMA_StructInit
                0x08007f24       0x8c ./Libraries/STM32F4xx_StdPeriph_Driver/src/stm32f4xx_dma.o
                0x08007f24                DMA_StructInit
 .text.DMA_Cmd  0x08007fb0       0x38 ./Libraries/STM32F4xx_StdPeriph_Driver/src/stm32f4xx_dma.o
                0x08007fb0                DMA_Cmd
 .text.DMA_PeriphIncOffsetSizeConfig
                0x08007fe8       0x34 ./Libraries/STM32F4xx_StdPeriph_Driver/src/stm32f4xx_dma.o
                0x08007fe8                DMA_PeriphIncOffsetSizeConfig
 .text.DMA_FlowControllerConfig
                0x0800801c       0x34 ./Libraries/STM32F4xx_StdPeriph_Driver/src/stm32f4xx_dma.o
                0x0800801c                DMA_FlowControllerConfig
 .text.DMA_SetCurrDataCounter
                0x08008050       0x1c ./Libraries/STM32F4xx_StdPeriph_Driver/src/stm32f4xx_dma.o
                0x08008050                DMA_SetCurrDataCounter
 .text.DMA_GetCurrDataCounter
                0x0800806c       0x1c ./Libraries/STM32F4xx_StdPeriph_Driver/src/stm32f4xx_dma.o
                0x0800806c                DMA_GetCurrDataCounter
 .text.DMA_DoubleBufferModeConfig
                0x08008088       0x3c ./Libraries/STM32F4xx_StdPeriph_Driver/src/stm32f4xx_dma.o
                0x08008088                DMA_DoubleBufferModeConfig
 .text.DMA_DoubleBufferModeCmd
                0x080080c4       0x38 ./Libraries/STM32F4xx_StdPeriph_Driver/src/stm32f4xx_dma.o
                0x080080c4                DMA_DoubleBufferModeCmd
 .text.DMA_MemoryTargetConfig
                0x080080fc       0x2c ./Libraries/STM32F4xx_StdPeriph_Driver/src/stm32f4xx_dma.o
                0x080080fc                DMA_MemoryTargetConfig
 .text.DMA_GetCurrentMemoryTarget
                0x08008128       0x38 ./Libraries/STM32F4xx_StdPeriph_Driver/src/stm32f4xx_dma.o
                0x08008128                DMA_GetCurrentMemoryTarget
 .text.DMA_GetCmdStatus
                0x08008160       0x38 ./Libraries/STM32F4xx_StdPeriph_Driver/src/stm32f4xx_dma.o
                0x08008160                DMA_GetCmdStatus
 .text.DMA_GetFIFOStatus
                0x08008198       0x28 ./Libraries/STM32F4xx_StdPeriph_Driver/src/stm32f4xx_dma.o
                0x08008198                DMA_GetFIFOStatus
 .text.DMA_GetFlagStatus
                0x080081c0       0x88 ./Libraries/STM32F4xx_StdPeriph_Driver/src/stm32f4xx_dma.o
                0x080081c0                DMA_GetFlagStatus
 .text.DMA_ClearFlag
                0x08008248       0x64 ./Libraries/STM32F4xx_StdPeriph_Driver/src/stm32f4xx_dma.o
                0x08008248                DMA_ClearFlag
 .text.DMA_ITConfig
                0x080082ac       0x74 ./Libraries/STM32F4xx_StdPeriph_Driver/src/stm32f4xx_dma.o
                0x080082ac                DMA_ITConfig
 .text.DMA_GetITStatus
                0x08008320       0xc4 ./Libraries/STM32F4xx_StdPeriph_Driver/src/stm32f4xx_dma.o
                0x08008320                DMA_GetITStatus
 .text.DMA_ClearITPendingBit
                0x080083e4       0x64 ./Libraries/STM32F4xx_StdPeriph_Driver/src/stm32f4xx_dma.o
                0x080083e4                DMA_ClearITPendingBit
 .text.EXTI_DeInit
                0x08008448       0x54 ./Libraries/STM32F4xx_StdPeriph_Driver/src/stm32f4xx_exti.o
                0x08008448                EXTI_DeInit
 .text.EXTI_Init
                0x0800849c      0x138 ./Libraries/STM32F4xx_StdPeriph_Driver/src/stm32f4xx_exti.o
                0x0800849c                EXTI_Init
 .text.EXTI_StructInit
                0x080085d4       0x34 ./Libraries/STM32F4xx_StdPeriph_Driver/src/stm32f4xx_exti.o
                0x080085d4                EXTI_StructInit
 .text.EXTI_GenerateSWInterrupt
                0x08008608       0x2c ./Libraries/STM32F4xx_StdPeriph_Driver/src/stm32f4xx_exti.o
                0x08008608                EXTI_GenerateSWInterrupt
 .text.EXTI_GetFlagStatus
                0x08008634       0x3c ./Libraries/STM32F4xx_StdPeriph_Driver/src/stm32f4xx_exti.o
                0x08008634                EXTI_GetFlagStatus
 .text.EXTI_ClearFlag
                0x08008670       0x20 ./Libraries/STM32F4xx_StdPeriph_Driver/src/stm32f4xx_exti.o
                0x08008670                EXTI_ClearFlag
 .text.EXTI_GetITStatus
                0x08008690       0x58 ./Libraries/STM32F4xx_StdPeriph_Driver/src/stm32f4xx_exti.o
                0x08008690                EXTI_GetITStatus
 .text.EXTI_ClearITPendingBit
                0x080086e8       0x20 ./Libraries/STM32F4xx_StdPeriph_Driver/src/stm32f4xx_exti.o
                0x080086e8                EXTI_ClearITPendingBit
 .text.FLASH_SetLatency
                0x08008708       0x20 ./Libraries/STM32F4xx_StdPeriph_Driver/src/stm32f4xx_flash.o
                0x08008708                FLASH_SetLatency
 .text.FLASH_PrefetchBufferCmd
                0x08008728       0x4c ./Libraries/STM32F4xx_StdPeriph_Driver/src/stm32f4xx_flash.o
                0x08008728                FLASH_PrefetchBufferCmd
 .text.FLASH_InstructionCacheCmd
                0x08008774       0x4c ./Libraries/STM32F4xx_StdPeriph_Driver/src/stm32f4xx_flash.o
                0x08008774                FLASH_InstructionCacheCmd
 .text.FLASH_DataCacheCmd
                0x080087c0       0x4c ./Libraries/STM32F4xx_StdPeriph_Driver/src/stm32f4xx_flash.o
                0x080087c0                FLASH_DataCacheCmd
 .text.FLASH_InstructionCacheReset
                0x0800880c       0x24 ./Libraries/STM32F4xx_StdPeriph_Driver/src/stm32f4xx_flash.o
                0x0800880c                FLASH_InstructionCacheReset
 .text.FLASH_DataCacheReset
                0x08008830       0x24 ./Libraries/STM32F4xx_StdPeriph_Driver/src/stm32f4xx_flash.o
                0x08008830                FLASH_DataCacheReset
 .text.FLASH_Unlock
                0x08008854       0x3c ./Libraries/STM32F4xx_StdPeriph_Driver/src/stm32f4xx_flash.o
                0x08008854                FLASH_Unlock
 .text.FLASH_Lock
                0x08008890       0x24 ./Libraries/STM32F4xx_StdPeriph_Driver/src/stm32f4xx_flash.o
                0x08008890                FLASH_Lock
 .text.FLASH_EraseSector
                0x080088b4      0x118 ./Libraries/STM32F4xx_StdPeriph_Driver/src/stm32f4xx_flash.o
                0x080088b4                FLASH_EraseSector
 .text.FLASH_EraseAllSectors
                0x080089cc       0xe0 ./Libraries/STM32F4xx_StdPeriph_Driver/src/stm32f4xx_flash.o
                0x080089cc                FLASH_EraseAllSectors
 .text.FLASH_ProgramDoubleWord
                0x08008aac       0xa0 ./Libraries/STM32F4xx_StdPeriph_Driver/src/stm32f4xx_flash.o
                0x08008aac                FLASH_ProgramDoubleWord
 .text.FLASH_ProgramWord
                0x08008b4c       0x98 ./Libraries/STM32F4xx_StdPeriph_Driver/src/stm32f4xx_flash.o
                0x08008b4c                FLASH_ProgramWord
 .text.FLASH_ProgramHalfWord
                0x08008be4       0x9c ./Libraries/STM32F4xx_StdPeriph_Driver/src/stm32f4xx_flash.o
                0x08008be4                FLASH_ProgramHalfWord
 .text.FLASH_ProgramByte
                0x08008c80       0x98 ./Libraries/STM32F4xx_StdPeriph_Driver/src/stm32f4xx_flash.o
                0x08008c80                FLASH_ProgramByte
 .text.FLASH_OB_Unlock
                0x08008d18       0x44 ./Libraries/STM32F4xx_StdPeriph_Driver/src/stm32f4xx_flash.o
                0x08008d18                FLASH_OB_Unlock
 .text.FLASH_OB_Lock
                0x08008d5c       0x24 ./Libraries/STM32F4xx_StdPeriph_Driver/src/stm32f4xx_flash.o
                0x08008d5c                FLASH_OB_Lock
 .text.FLASH_OB_WRPConfig
                0x08008d80       0x74 ./Libraries/STM32F4xx_StdPeriph_Driver/src/stm32f4xx_flash.o
                0x08008d80                FLASH_OB_WRPConfig
 .text.FLASH_OB_RDPConfig
                0x08008df4       0x34 ./Libraries/STM32F4xx_StdPeriph_Driver/src/stm32f4xx_flash.o
                0x08008df4                FLASH_OB_RDPConfig
 .text.FLASH_OB_UserConfig
                0x08008e28       0x64 ./Libraries/STM32F4xx_StdPeriph_Driver/src/stm32f4xx_flash.o
                0x08008e28                FLASH_OB_UserConfig
 .text.FLASH_OB_BORConfig
                0x08008e8c       0x4c ./Libraries/STM32F4xx_StdPeriph_Driver/src/stm32f4xx_flash.o
                0x08008e8c                FLASH_OB_BORConfig
 .text.FLASH_OB_Launch
                0x08008ed8       0x3c ./Libraries/STM32F4xx_StdPeriph_Driver/src/stm32f4xx_flash.o
                0x08008ed8                FLASH_OB_Launch
 .text.FLASH_OB_GetUser
                0x08008f14       0x1c ./Libraries/STM32F4xx_StdPeriph_Driver/src/stm32f4xx_flash.o
                0x08008f14                FLASH_OB_GetUser
 .text.FLASH_OB_GetWRP
                0x08008f30       0x18 ./Libraries/STM32F4xx_StdPeriph_Driver/src/stm32f4xx_flash.o
                0x08008f30                FLASH_OB_GetWRP
 .text.FLASH_OB_GetRDP
                0x08008f48       0x38 ./Libraries/STM32F4xx_StdPeriph_Driver/src/stm32f4xx_flash.o
                0x08008f48                FLASH_OB_GetRDP
 .text.FLASH_OB_GetBOR
                0x08008f80       0x20 ./Libraries/STM32F4xx_StdPeriph_Driver/src/stm32f4xx_flash.o
                0x08008f80                FLASH_OB_GetBOR
 .text.FLASH_ITConfig
                0x08008fa0       0x54 ./Libraries/STM32F4xx_StdPeriph_Driver/src/stm32f4xx_flash.o
                0x08008fa0                FLASH_ITConfig
 .text.FLASH_GetFlagStatus
                0x08008ff4       0x3c ./Libraries/STM32F4xx_StdPeriph_Driver/src/stm32f4xx_flash.o
                0x08008ff4                FLASH_GetFlagStatus
 .text.FLASH_ClearFlag
                0x08009030       0x20 ./Libraries/STM32F4xx_StdPeriph_Driver/src/stm32f4xx_flash.o
                0x08009030                FLASH_ClearFlag
 .text.FLASH_GetStatus
                0x08009050       0x88 ./Libraries/STM32F4xx_StdPeriph_Driver/src/stm32f4xx_flash.o
                0x08009050                FLASH_GetStatus
 .text.FLASH_WaitForLastOperation
                0x080090d8       0x34 ./Libraries/STM32F4xx_StdPeriph_Driver/src/stm32f4xx_flash.o
                0x080090d8                FLASH_WaitForLastOperation
 .text.FSMC_NORSRAMDeInit
                0x0800910c       0x5c ./Libraries/STM32F4xx_StdPeriph_Driver/src/stm32f4xx_fsmc.o
                0x0800910c                FSMC_NORSRAMDeInit
 .text.FSMC_NORSRAMInit
                0x08009168      0x158 ./Libraries/STM32F4xx_StdPeriph_Driver/src/stm32f4xx_fsmc.o
                0x08009168                FSMC_NORSRAMInit
 .text.FSMC_NORSRAMStructInit
                0x080092c0      0x108 ./Libraries/STM32F4xx_StdPeriph_Driver/src/stm32f4xx_fsmc.o
                0x080092c0                FSMC_NORSRAMStructInit
 .text.FSMC_NORSRAMCmd
                0x080093c8       0x58 ./Libraries/STM32F4xx_StdPeriph_Driver/src/stm32f4xx_fsmc.o
                0x080093c8                FSMC_NORSRAMCmd
 .text.FSMC_NANDDeInit
                0x08009420       0x8c ./Libraries/STM32F4xx_StdPeriph_Driver/src/stm32f4xx_fsmc.o
                0x08009420                FSMC_NANDDeInit
 .text.FSMC_NANDInit
                0x080094ac      0x100 ./Libraries/STM32F4xx_StdPeriph_Driver/src/stm32f4xx_fsmc.o
                0x080094ac                FSMC_NANDInit
 .text.FSMC_NANDStructInit
                0x080095ac       0x9c ./Libraries/STM32F4xx_StdPeriph_Driver/src/stm32f4xx_fsmc.o
                0x080095ac                FSMC_NANDStructInit
 .text.FSMC_NANDCmd
                0x08009648       0x9c ./Libraries/STM32F4xx_StdPeriph_Driver/src/stm32f4xx_fsmc.o
                0x08009648                FSMC_NANDCmd
 .text.FSMC_NANDECCCmd
                0x080096e4       0x9c ./Libraries/STM32F4xx_StdPeriph_Driver/src/stm32f4xx_fsmc.o
                0x080096e4                FSMC_NANDECCCmd
 .text.FSMC_GetECC
                0x08009780       0x3c ./Libraries/STM32F4xx_StdPeriph_Driver/src/stm32f4xx_fsmc.o
                0x08009780                FSMC_GetECC
 .text.FSMC_PCCARDDeInit
                0x080097bc       0x50 ./Libraries/STM32F4xx_StdPeriph_Driver/src/stm32f4xx_fsmc.o
                0x080097bc                FSMC_PCCARDDeInit
 .text.FSMC_PCCARDInit
                0x0800980c       0xd4 ./Libraries/STM32F4xx_StdPeriph_Driver/src/stm32f4xx_fsmc.o
                0x0800980c                FSMC_PCCARDInit
 .text.FSMC_PCCARDStructInit
                0x080098e0       0xa4 ./Libraries/STM32F4xx_StdPeriph_Driver/src/stm32f4xx_fsmc.o
                0x080098e0                FSMC_PCCARDStructInit
 .text.FSMC_PCCARDCmd
                0x08009984       0x54 ./Libraries/STM32F4xx_StdPeriph_Driver/src/stm32f4xx_fsmc.o
                0x08009984                FSMC_PCCARDCmd
 .text.FSMC_ITConfig
                0x080099d8       0xe0 ./Libraries/STM32F4xx_StdPeriph_Driver/src/stm32f4xx_fsmc.o
                0x080099d8                FSMC_ITConfig
 .text.FSMC_GetFlagStatus
                0x08009ab8       0x74 ./Libraries/STM32F4xx_StdPeriph_Driver/src/stm32f4xx_fsmc.o
                0x08009ab8                FSMC_GetFlagStatus
 .text.FSMC_ClearFlag
                0x08009b2c       0x7c ./Libraries/STM32F4xx_StdPeriph_Driver/src/stm32f4xx_fsmc.o
                0x08009b2c                FSMC_ClearFlag
 .text.FSMC_GetITStatus
                0x08009ba8       0x94 ./Libraries/STM32F4xx_StdPeriph_Driver/src/stm32f4xx_fsmc.o
                0x08009ba8                FSMC_GetITStatus
 .text.FSMC_ClearITPendingBit
                0x08009c3c       0x88 ./Libraries/STM32F4xx_StdPeriph_Driver/src/stm32f4xx_fsmc.o
                0x08009c3c                FSMC_ClearITPendingBit
 .text.GPIO_DeInit
                0x08009cc4      0x178 ./Libraries/STM32F4xx_StdPeriph_Driver/src/stm32f4xx_gpio.o
                0x08009cc4                GPIO_DeInit
 .text.GPIO_Init
                0x08009e3c      0x144 ./Libraries/STM32F4xx_StdPeriph_Driver/src/stm32f4xx_gpio.o
                0x08009e3c                GPIO_Init
 .text.GPIO_StructInit
                0x08009f80       0x3c ./Libraries/STM32F4xx_StdPeriph_Driver/src/stm32f4xx_gpio.o
                0x08009f80                GPIO_StructInit
 .text.GPIO_PinLockConfig
                0x08009fbc       0x44 ./Libraries/STM32F4xx_StdPeriph_Driver/src/stm32f4xx_gpio.o
                0x08009fbc                GPIO_PinLockConfig
 .text.GPIO_ReadInputDataBit
                0x0800a000       0x3c ./Libraries/STM32F4xx_StdPeriph_Driver/src/stm32f4xx_gpio.o
                0x0800a000                GPIO_ReadInputDataBit
 .text.GPIO_ReadInputData
                0x0800a03c       0x1c ./Libraries/STM32F4xx_StdPeriph_Driver/src/stm32f4xx_gpio.o
                0x0800a03c                GPIO_ReadInputData
 .text.GPIO_ReadOutputDataBit
                0x0800a058       0x3c ./Libraries/STM32F4xx_StdPeriph_Driver/src/stm32f4xx_gpio.o
                0x0800a058                GPIO_ReadOutputDataBit
 .text.GPIO_ReadOutputData
                0x0800a094       0x1c ./Libraries/STM32F4xx_StdPeriph_Driver/src/stm32f4xx_gpio.o
                0x0800a094                GPIO_ReadOutputData
 .text.GPIO_SetBits
                0x0800a0b0       0x1c ./Libraries/STM32F4xx_StdPeriph_Driver/src/stm32f4xx_gpio.o
                0x0800a0b0                GPIO_SetBits
 .text.GPIO_ResetBits
                0x0800a0cc       0x1c ./Libraries/STM32F4xx_StdPeriph_Driver/src/stm32f4xx_gpio.o
                0x0800a0cc                GPIO_ResetBits
 .text.GPIO_WriteBit
                0x0800a0e8       0x30 ./Libraries/STM32F4xx_StdPeriph_Driver/src/stm32f4xx_gpio.o
                0x0800a0e8                GPIO_WriteBit
 .text.GPIO_Write
                0x0800a118       0x1c ./Libraries/STM32F4xx_StdPeriph_Driver/src/stm32f4xx_gpio.o
                0x0800a118                GPIO_Write
 .text.GPIO_ToggleBits
                0x0800a134       0x24 ./Libraries/STM32F4xx_StdPeriph_Driver/src/stm32f4xx_gpio.o
                0x0800a134                GPIO_ToggleBits
 .text.GPIO_PinAFConfig
                0x0800a158       0xa8 ./Libraries/STM32F4xx_StdPeriph_Driver/src/stm32f4xx_gpio.o
                0x0800a158                GPIO_PinAFConfig
 .text.HASH_DeInit
                0x0800a200       0x20 ./Libraries/STM32F4xx_StdPeriph_Driver/src/stm32f4xx_hash.o
                0x0800a200                HASH_DeInit
 .text.HASH_Init
                0x0800a220       0xa4 ./Libraries/STM32F4xx_StdPeriph_Driver/src/stm32f4xx_hash.o
                0x0800a220                HASH_Init
 .text.HASH_StructInit
                0x0800a2c4       0x34 ./Libraries/STM32F4xx_StdPeriph_Driver/src/stm32f4xx_hash.o
                0x0800a2c4                HASH_StructInit
 .text.HASH_Reset
                0x0800a2f8       0x24 ./Libraries/STM32F4xx_StdPeriph_Driver/src/stm32f4xx_hash.o
                0x0800a2f8                HASH_Reset
 .text.HASH_SetLastWordValidBitsNbr
                0x0800a31c       0x44 ./Libraries/STM32F4xx_StdPeriph_Driver/src/stm32f4xx_hash.o
                0x0800a31c                HASH_SetLastWordValidBitsNbr
 .text.HASH_DataIn
                0x0800a360       0x20 ./Libraries/STM32F4xx_StdPeriph_Driver/src/stm32f4xx_hash.o
                0x0800a360                HASH_DataIn
 .text.HASH_GetInFIFOWordsNbr
                0x0800a380       0x20 ./Libraries/STM32F4xx_StdPeriph_Driver/src/stm32f4xx_hash.o
                0x0800a380                HASH_GetInFIFOWordsNbr
 .text.HASH_GetDigest
                0x0800a3a0       0x58 ./Libraries/STM32F4xx_StdPeriph_Driver/src/stm32f4xx_hash.o
                0x0800a3a0                HASH_GetDigest
 .text.HASH_StartDigest
                0x0800a3f8       0x24 ./Libraries/STM32F4xx_StdPeriph_Driver/src/stm32f4xx_hash.o
                0x0800a3f8                HASH_StartDigest
 .text.HASH_SaveContext
                0x0800a41c       0x7c ./Libraries/STM32F4xx_StdPeriph_Driver/src/stm32f4xx_hash.o
                0x0800a41c                HASH_SaveContext
 .text.HASH_RestoreContext
                0x0800a498       0x94 ./Libraries/STM32F4xx_StdPeriph_Driver/src/stm32f4xx_hash.o
                0x0800a498                HASH_RestoreContext
 .text.HASH_DMACmd
                0x0800a52c       0x4c ./Libraries/STM32F4xx_StdPeriph_Driver/src/stm32f4xx_hash.o
                0x0800a52c                HASH_DMACmd
 .text.HASH_ITConfig
                0x0800a578       0x58 ./Libraries/STM32F4xx_StdPeriph_Driver/src/stm32f4xx_hash.o
                0x0800a578                HASH_ITConfig
 .text.HASH_GetFlagStatus
                0x0800a5d0       0x60 ./Libraries/STM32F4xx_StdPeriph_Driver/src/stm32f4xx_hash.o
                0x0800a5d0                HASH_GetFlagStatus
 .text.HASH_ClearFlag
                0x0800a630       0x24 ./Libraries/STM32F4xx_StdPeriph_Driver/src/stm32f4xx_hash.o
                0x0800a630                HASH_ClearFlag
 .text.HASH_GetITStatus
                0x0800a654       0x54 ./Libraries/STM32F4xx_StdPeriph_Driver/src/stm32f4xx_hash.o
                0x0800a654                HASH_GetITStatus
 .text.HASH_ClearITPendingBit
                0x0800a6a8       0x28 ./Libraries/STM32F4xx_StdPeriph_Driver/src/stm32f4xx_hash.o
                0x0800a6a8                HASH_ClearITPendingBit
 .text.HASH_MD5
                0x0800a6d0      0x140 ./Libraries/STM32F4xx_StdPeriph_Driver/src/stm32f4xx_hash_md5.o
                0x0800a6d0                HASH_MD5
 .text.HMAC_MD5
                0x0800a810      0x258 ./Libraries/STM32F4xx_StdPeriph_Driver/src/stm32f4xx_hash_md5.o
                0x0800a810                HMAC_MD5
 .text.HASH_SHA1
                0x0800aa68      0x158 ./Libraries/STM32F4xx_StdPeriph_Driver/src/stm32f4xx_hash_sha1.o
                0x0800aa68                HASH_SHA1
 .text.HMAC_SHA1
                0x0800abc0      0x270 ./Libraries/STM32F4xx_StdPeriph_Driver/src/stm32f4xx_hash_sha1.o
                0x0800abc0                HMAC_SHA1
 .text.I2C_DeInit
                0x0800ae30       0x88 ./Libraries/STM32F4xx_StdPeriph_Driver/src/stm32f4xx_i2c.o
                0x0800ae30                I2C_DeInit
 .text.I2C_Init
                0x0800aeb8      0x1ac ./Libraries/STM32F4xx_StdPeriph_Driver/src/stm32f4xx_i2c.o
                0x0800aeb8                I2C_Init
 .text.I2C_StructInit
                0x0800b064       0x44 ./Libraries/STM32F4xx_StdPeriph_Driver/src/stm32f4xx_i2c.o
                0x0800b064                I2C_StructInit
 .text.I2C_Cmd  0x0800b0a8       0x40 ./Libraries/STM32F4xx_StdPeriph_Driver/src/stm32f4xx_i2c.o
                0x0800b0a8                I2C_Cmd
 .text.I2C_GenerateSTART
                0x0800b0e8       0x40 ./Libraries/STM32F4xx_StdPeriph_Driver/src/stm32f4xx_i2c.o
                0x0800b0e8                I2C_GenerateSTART
 .text.I2C_GenerateSTOP
                0x0800b128       0x40 ./Libraries/STM32F4xx_StdPeriph_Driver/src/stm32f4xx_i2c.o
                0x0800b128                I2C_GenerateSTOP
 .text.I2C_Send7bitAddress
                0x0800b168       0x3c ./Libraries/STM32F4xx_StdPeriph_Driver/src/stm32f4xx_i2c.o
                0x0800b168                I2C_Send7bitAddress
 .text.I2C_AcknowledgeConfig
                0x0800b1a4       0x40 ./Libraries/STM32F4xx_StdPeriph_Driver/src/stm32f4xx_i2c.o
                0x0800b1a4                I2C_AcknowledgeConfig
 .text.I2C_OwnAddress2Config
                0x0800b1e4       0x44 ./Libraries/STM32F4xx_StdPeriph_Driver/src/stm32f4xx_i2c.o
                0x0800b1e4                I2C_OwnAddress2Config
 .text.I2C_DualAddressCmd
                0x0800b228       0x40 ./Libraries/STM32F4xx_StdPeriph_Driver/src/stm32f4xx_i2c.o
                0x0800b228                I2C_DualAddressCmd
 .text.I2C_GeneralCallCmd
                0x0800b268       0x40 ./Libraries/STM32F4xx_StdPeriph_Driver/src/stm32f4xx_i2c.o
                0x0800b268                I2C_GeneralCallCmd
 .text.I2C_SoftwareResetCmd
                0x0800b2a8       0x48 ./Libraries/STM32F4xx_StdPeriph_Driver/src/stm32f4xx_i2c.o
                0x0800b2a8                I2C_SoftwareResetCmd
 .text.I2C_StretchClockCmd
                0x0800b2f0       0x40 ./Libraries/STM32F4xx_StdPeriph_Driver/src/stm32f4xx_i2c.o
                0x0800b2f0                I2C_StretchClockCmd
 .text.I2C_FastModeDutyCycleConfig
                0x0800b330       0x40 ./Libraries/STM32F4xx_StdPeriph_Driver/src/stm32f4xx_i2c.o
                0x0800b330                I2C_FastModeDutyCycleConfig
 .text.I2C_NACKPositionConfig
                0x0800b370       0x40 ./Libraries/STM32F4xx_StdPeriph_Driver/src/stm32f4xx_i2c.o
                0x0800b370                I2C_NACKPositionConfig
 .text.I2C_SMBusAlertConfig
                0x0800b3b0       0x40 ./Libraries/STM32F4xx_StdPeriph_Driver/src/stm32f4xx_i2c.o
                0x0800b3b0                I2C_SMBusAlertConfig
 .text.I2C_ARPCmd
                0x0800b3f0       0x40 ./Libraries/STM32F4xx_StdPeriph_Driver/src/stm32f4xx_i2c.o
                0x0800b3f0                I2C_ARPCmd
 .text.I2C_SendData
                0x0800b430       0x20 ./Libraries/STM32F4xx_StdPeriph_Driver/src/stm32f4xx_i2c.o
                0x0800b430                I2C_SendData
 .text.I2C_ReceiveData
                0x0800b450       0x1c ./Libraries/STM32F4xx_StdPeriph_Driver/src/stm32f4xx_i2c.o
                0x0800b450                I2C_ReceiveData
 .text.I2C_TransmitPEC
                0x0800b46c       0x40 ./Libraries/STM32F4xx_StdPeriph_Driver/src/stm32f4xx_i2c.o
                0x0800b46c                I2C_TransmitPEC
 .text.I2C_PECPositionConfig
                0x0800b4ac       0x40 ./Libraries/STM32F4xx_StdPeriph_Driver/src/stm32f4xx_i2c.o
                0x0800b4ac                I2C_PECPositionConfig
 .text.I2C_CalculatePEC
                0x0800b4ec       0x40 ./Libraries/STM32F4xx_StdPeriph_Driver/src/stm32f4xx_i2c.o
                0x0800b4ec                I2C_CalculatePEC
 .text.I2C_GetPEC
                0x0800b52c       0x24 ./Libraries/STM32F4xx_StdPeriph_Driver/src/stm32f4xx_i2c.o
                0x0800b52c                I2C_GetPEC
 .text.I2C_DMACmd
                0x0800b550       0x40 ./Libraries/STM32F4xx_StdPeriph_Driver/src/stm32f4xx_i2c.o
                0x0800b550                I2C_DMACmd
 .text.I2C_DMALastTransferCmd
                0x0800b590       0x40 ./Libraries/STM32F4xx_StdPeriph_Driver/src/stm32f4xx_i2c.o
                0x0800b590                I2C_DMALastTransferCmd
 .text.I2C_ReadRegister
                0x0800b5d0       0x30 ./Libraries/STM32F4xx_StdPeriph_Driver/src/stm32f4xx_i2c.o
                0x0800b5d0                I2C_ReadRegister
 .text.I2C_ITConfig
                0x0800b600       0x48 ./Libraries/STM32F4xx_StdPeriph_Driver/src/stm32f4xx_i2c.o
                0x0800b600                I2C_ITConfig
 .text.I2C_CheckEvent
                0x0800b648       0x70 ./Libraries/STM32F4xx_StdPeriph_Driver/src/stm32f4xx_i2c.o
                0x0800b648                I2C_CheckEvent
 .text.I2C_GetLastEvent
                0x0800b6b8       0x4c ./Libraries/STM32F4xx_StdPeriph_Driver/src/stm32f4xx_i2c.o
                0x0800b6b8                I2C_GetLastEvent
 .text.I2C_GetFlagStatus
                0x0800b704       0x78 ./Libraries/STM32F4xx_StdPeriph_Driver/src/stm32f4xx_i2c.o
                0x0800b704                I2C_GetFlagStatus
 .text.I2C_ClearFlag
                0x0800b77c       0x30 ./Libraries/STM32F4xx_StdPeriph_Driver/src/stm32f4xx_i2c.o
                0x0800b77c                I2C_ClearFlag
 .text.I2C_GetITStatus
                0x0800b7ac       0x64 ./Libraries/STM32F4xx_StdPeriph_Driver/src/stm32f4xx_i2c.o
[...]
 .debug_ranges  0x00000090       0x38 ./Utilities/STM32F4-Discovery/stm32f4_discovery.o
 .debug_ranges  0x000000c8      0x158 ./Utilities/STM32F4-Discovery/stm32f4_discovery_lcd.o
 .debug_ranges  0x00000220       0x30 ./Libraries/STM32F4xx_StdPeriph_Driver/src/misc.o
 .debug_ranges  0x00000250      0x138 ./Libraries/STM32F4xx_StdPeriph_Driver/src/stm32f4xx_adc.o
 .debug_ranges  0x00000388       0xd0 ./Libraries/STM32F4xx_StdPeriph_Driver/src/stm32f4xx_can.o
 .debug_ranges  0x00000458       0x38 ./Libraries/STM32F4xx_StdPeriph_Driver/src/stm32f4xx_crc.o
 .debug_ranges  0x00000490       0x90 ./Libraries/STM32F4xx_StdPeriph_Driver/src/stm32f4xx_cryp.o
 .debug_ranges  0x00000520       0x20 ./Libraries/STM32F4xx_StdPeriph_Driver/src/stm32f4xx_cryp_aes.o
 .debug_ranges  0x00000540       0x18 ./Libraries/STM32F4xx_StdPeriph_Driver/src/stm32f4xx_cryp_des.o
 .debug_ranges  0x00000558       0x18 ./Libraries/STM32F4xx_StdPeriph_Driver/src/stm32f4xx_cryp_tdes.o
 .debug_ranges  0x00000570       0x90 ./Libraries/STM32F4xx_StdPeriph_Driver/src/stm32f4xx_dac.o
 .debug_ranges  0x00000600       0x30 ./Libraries/STM32F4xx_StdPeriph_Driver/src/stm32f4xx_dbgmcu.o
 .debug_ranges  0x00000630       0x80 ./Libraries/STM32F4xx_StdPeriph_Driver/src/stm32f4xx_dcmi.o
 .debug_ranges  0x000006b0       0xa0 ./Libraries/STM32F4xx_StdPeriph_Driver/src/stm32f4xx_dma.o
 .debug_ranges  0x00000750       0x48 ./Libraries/STM32F4xx_StdPeriph_Driver/src/stm32f4xx_exti.o
 .debug_ranges  0x00000798       0xf8 ./Libraries/STM32F4xx_StdPeriph_Driver/src/stm32f4xx_flash.o
 .debug_ranges  0x00000890       0xa0 ./Libraries/STM32F4xx_StdPeriph_Driver/src/stm32f4xx_fsmc.o
 .debug_ranges  0x00000930       0x78 ./Libraries/STM32F4xx_StdPeriph_Driver/src/stm32f4xx_gpio.o
 .debug_ranges  0x000009a8       0x90 ./Libraries/STM32F4xx_StdPeriph_Driver/src/stm32f4xx_hash.o
 .debug_ranges  0x00000a38       0x18 ./Libraries/STM32F4xx_StdPeriph_Driver/src/stm32f4xx_hash_md5.o
 .debug_ranges  0x00000a50       0x18 ./Libraries/STM32F4xx_StdPeriph_Driver/src/stm32f4xx_hash_sha1.o
 .debug_ranges  0x00000a68      0x110 ./Libraries/STM32F4xx_StdPeriph_Driver/src/stm32f4xx_i2c.o
 .debug_ranges  0x00000b78       0x38 ./Libraries/STM32F4xx_StdPeriph_Driver/src/stm32f4xx_iwdg.o
 .debug_ranges  0x00000bb0       0x68 ./Libraries/STM32F4xx_StdPeriph_Driver/src/stm32f4xx_pwr.o
 .debug_ranges  0x00000c18      0x168 ./Libraries/STM32F4xx_StdPeriph_Driver/src/stm32f4xx_rcc.o
 .debug_ranges  0x00000d80       0x48 ./Libraries/STM32F4xx_StdPeriph_Driver/src/stm32f4xx_rng.o
 .debug_ranges  0x00000dc8      0x1d0 ./Libraries/STM32F4xx_StdPeriph_Driver/src/stm32f4xx_rtc.o
 .debug_ranges  0x00000f98       0xf8 ./Libraries/STM32F4xx_StdPeriph_Driver/src/stm32f4xx_sdio.o
 .debug_ranges  0x00001090       0xd0 ./Libraries/STM32F4xx_StdPeriph_Driver/src/stm32f4xx_spi.o
 .debug_ranges  0x00001160       0x38 ./Libraries/STM32F4xx_StdPeriph_Driver/src/stm32f4xx_syscfg.o
 .debug_ranges  0x00001198      0x2e8 ./Libraries/STM32F4xx_StdPeriph_Driver/src/stm32f4xx_tim.o
 .debug_ranges  0x00001480       0xf0 ./Libraries/STM32F4xx_StdPeriph_Driver/src/stm32f4xx_usart.o
 .debug_ranges  0x00001570       0x48 ./Libraries/STM32F4xx_StdPeriph_Driver/src/stm32f4xx_wwdg.o

.debug_loc      0x00000000     0x8c96
 .debug_loc     0x00000000       0x38 ./src/main.o
 .debug_loc     0x00000038       0x9c ./src/system_stm32f4xx.o
 .debug_loc     0x000000d4      0x174 ./Utilities/STM32F4-Discovery/lcd_log.o
 .debug_loc     0x00000248      0x150 ./Utilities/STM32F4-Discovery/stm32f4_discovery.o
 .debug_loc     0x00000398      0x8ec ./Utilities/STM32F4-Discovery/stm32f4_discovery_lcd.o
 .debug_loc     0x00000c84      0x118 ./Libraries/STM32F4xx_StdPeriph_Driver/src/misc.o
 .debug_loc     0x00000d9c      0x838 ./Libraries/STM32F4xx_StdPeriph_Driver/src/stm32f4xx_adc.o
 .debug_loc     0x000015d4      0x578 ./Libraries/STM32F4xx_StdPeriph_Driver/src/stm32f4xx_can.o
 .debug_loc     0x00001b4c      0x12c ./Libraries/STM32F4xx_StdPeriph_Driver/src/stm32f4xx_crc.o
 .debug_loc     0x00001c78      0x394 ./Libraries/STM32F4xx_StdPeriph_Driver/src/stm32f4xx_cryp.o
 .debug_loc     0x0000200c       0xae ./Libraries/STM32F4xx_StdPeriph_Driver/src/stm32f4xx_cryp_aes.o
 .debug_loc     0x000020ba       0x74 ./Libraries/STM32F4xx_StdPeriph_Driver/src/stm32f4xx_cryp_des.o
 .debug_loc     0x0000212e       0x74 ./Libraries/STM32F4xx_StdPeriph_Driver/src/stm32f4xx_cryp_tdes.o
 .debug_loc     0x000021a2      0x3ac ./Libraries/STM32F4xx_StdPeriph_Driver/src/stm32f4xx_dac.o
 .debug_loc     0x0000254e      0x100 ./Libraries/STM32F4xx_StdPeriph_Driver/src/stm32f4xx_dbgmcu.o
 .debug_loc     0x0000264e      0x330 ./Libraries/STM32F4xx_StdPeriph_Driver/src/stm32f4xx_dcmi.o
 .debug_loc     0x0000297e      0x428 ./Libraries/STM32F4xx_StdPeriph_Driver/src/stm32f4xx_dma.o
 .debug_loc     0x00002da6      0x1b4 ./Libraries/STM32F4xx_StdPeriph_Driver/src/stm32f4xx_exti.o
 .debug_loc     0x00002f5a      0x624 ./Libraries/STM32F4xx_StdPeriph_Driver/src/stm32f4xx_flash.o
 .debug_loc     0x0000357e      0x41c ./Libraries/STM32F4xx_StdPeriph_Driver/src/stm32f4xx_fsmc.o
 .debug_loc     0x0000399a      0x310 ./Libraries/STM32F4xx_StdPeriph_Driver/src/stm32f4xx_gpio.o
 .debug_loc     0x00003caa      0x388 ./Libraries/STM32F4xx_StdPeriph_Driver/src/stm32f4xx_hash.o
 .debug_loc     0x00004032       0x74 ./Libraries/STM32F4xx_StdPeriph_Driver/src/stm32f4xx_hash_md5.o
 .debug_loc     0x000040a6       0x74 ./Libraries/STM32F4xx_StdPeriph_Driver/src/stm32f4xx_hash_sha1.o
 .debug_loc     0x0000411a      0x738 ./Libraries/STM32F4xx_StdPeriph_Driver/src/stm32f4xx_i2c.o
 .debug_loc     0x00004852      0x138 ./Libraries/STM32F4xx_StdPeriph_Driver/src/stm32f4xx_iwdg.o
 .debug_loc     0x0000498a      0x288 ./Libraries/STM32F4xx_StdPeriph_Driver/src/stm32f4xx_pwr.o
 .debug_loc     0x00004c12      0x97c ./Libraries/STM32F4xx_StdPeriph_Driver/src/stm32f4xx_rcc.o
 .debug_loc     0x0000558e      0x1a8 ./Libraries/STM32F4xx_StdPeriph_Driver/src/stm32f4xx_rng.o
 .debug_loc     0x00005736      0xc48 ./Libraries/STM32F4xx_StdPeriph_Driver/src/stm32f4xx_rtc.o
 .debug_loc     0x0000637e      0x648 ./Libraries/STM32F4xx_StdPeriph_Driver/src/stm32f4xx_sdio.o
 .debug_loc     0x000069c6      0x578 ./Libraries/STM32F4xx_StdPeriph_Driver/src/stm32f4xx_spi.o
 .debug_loc     0x00006f3e      0x144 ./Libraries/STM32F4xx_StdPeriph_Driver/src/stm32f4xx_syscfg.o
 .debug_loc     0x00007082     0x1420 ./Libraries/STM32F4xx_StdPeriph_Driver/src/stm32f4xx_tim.o
 .debug_loc     0x000084a2      0x658 ./Libraries/STM32F4xx_StdPeriph_Driver/src/stm32f4xx_usart.o
 .debug_loc     0x00008afa      0x19c ./Libraries/STM32F4xx_StdPeriph_Driver/src/stm32f4xx_wwdg.o

.debug_str      0x00000000     0x6ea9
 .debug_str     0x00000000       0xc6 ./src/main.o
                                0x107 (size before relaxing)
 .debug_str     0x000000c6      0x210 ./src/system_stm32f4xx.o
                                0x31d (size before relaxing)
 .debug_str     0x000002d6       0xa7 ./Utilities/STM32F4-Discovery/fonts.o
                                0x188 (size before relaxing)
 .debug_str     0x0000037d      0x1e2 ./Utilities/STM32F4-Discovery/lcd_log.o
                                0x340 (size before relaxing)
 .debug_str     0x0000055f      0x996 ./Utilities/STM32F4-Discovery/stm32f4_discovery.o
                                0xabb (size before relaxing)
 .debug_str     0x00000ef5      0x625 ./Utilities/STM32F4-Discovery/stm32f4_discovery_lcd.o
                                0x947 (size before relaxing)
 .debug_str     0x0000151a      0x151 ./Libraries/STM32F4xx_StdPeriph_Driver/src/misc.o
                                0x36b (size before relaxing)
 .debug_str     0x0000166b      0x634 ./Libraries/STM32F4xx_StdPeriph_Driver/src/stm32f4xx_adc.o
                                0x796 (size before relaxing)
 .debug_str     0x00001c9f      0x51d ./Libraries/STM32F4xx_StdPeriph_Driver/src/stm32f4xx_can.o
                                0x6d0 (size before relaxing)
 .debug_str     0x000021bc       0xbd ./Libraries/STM32F4xx_StdPeriph_Driver/src/stm32f4xx_crc.o
                                0x1dd (size before relaxing)
 .debug_str     0x00002279      0x3ae ./Libraries/STM32F4xx_StdPeriph_Driver/src/stm32f4xx_cryp.o
                                0x54f (size before relaxing)
 .debug_str     0x00002627      0x110 ./Libraries/STM32F4xx_StdPeriph_Driver/src/stm32f4xx_cryp_aes.o
                                0x379 (size before relaxing)
 .debug_str     0x00002737       0x5b ./Libraries/STM32F4xx_StdPeriph_Driver/src/stm32f4xx_cryp_des.o
                                0x364 (size before relaxing)
 .debug_str     0x00002792       0xab ./Libraries/STM32F4xx_StdPeriph_Driver/src/stm32f4xx_cryp_tdes.o
                                0x36a (size before relaxing)
 .debug_str     0x0000283d      0x271 ./Libraries/STM32F4xx_StdPeriph_Driver/src/stm32f4xx_dac.o
                                0x3e5 (size before relaxing)
 .debug_str     0x00002aae       0xcf ./Libraries/STM32F4xx_StdPeriph_Driver/src/stm32f4xx_dbgmcu.o
                                0x1e7 (size before relaxing)
 .debug_str     0x00002b7d      0x303 ./Libraries/STM32F4xx_StdPeriph_Driver/src/stm32f4xx_dcmi.o
                                0x46b (size before relaxing)
 .debug_str     0x00002e80      0x377 ./Libraries/STM32F4xx_StdPeriph_Driver/src/stm32f4xx_dma.o
                                0x4de (size before relaxing)
 .debug_str     0x000031f7       0xf3 ./Libraries/STM32F4xx_StdPeriph_Driver/src/stm32f4xx_exti.o
                                0x300 (size before relaxing)
 .debug_str     0x000032ea      0x3a0 ./Libraries/STM32F4xx_StdPeriph_Driver/src/stm32f4xx_flash.o
                                0x519 (size before relaxing)
 .debug_str     0x0000368a      0x3eb ./Libraries/STM32F4xx_StdPeriph_Driver/src/stm32f4xx_fsmc.o
                                0x726 (size before relaxing)
 .debug_str     0x00003a75      0x18b ./Libraries/STM32F4xx_StdPeriph_Driver/src/stm32f4xx_gpio.o
                                0x435 (size before relaxing)
 .debug_str     0x00003c00      0x263 ./Libraries/STM32F4xx_StdPeriph_Driver/src/stm32f4xx_hash.o
                                0x3c4 (size before relaxing)
 .debug_str     0x00003e63       0xa7 ./Libraries/STM32F4xx_StdPeriph_Driver/src/stm32f4xx_hash_md5.o
                                0x284 (size before relaxing)
 .debug_str     0x00003f0a       0x81 ./Libraries/STM32F4xx_StdPeriph_Driver/src/stm32f4xx_hash_sha1.o
                                0x289 (size before relaxing)
 .debug_str     0x00003f8b      0x41b ./Libraries/STM32F4xx_StdPeriph_Driver/src/stm32f4xx_i2c.o
                                0x5f7 (size before relaxing)
 .debug_str     0x000043a6       0xdb ./Libraries/STM32F4xx_StdPeriph_Driver/src/stm32f4xx_iwdg.o
                                0x1fe (size before relaxing)
 .debug_str     0x00004481      0x16e ./Libraries/STM32F4xx_StdPeriph_Driver/src/stm32f4xx_pwr.o
                                0x323 (size before relaxing)
 .debug_str     0x000045ef      0x4f0 ./Libraries/STM32F4xx_StdPeriph_Driver/src/stm32f4xx_rcc.o
                                0x7e2 (size before relaxing)
 .debug_str     0x00004adf       0xd2 ./Libraries/STM32F4xx_StdPeriph_Driver/src/stm32f4xx_rng.o
                                0x216 (size before relaxing)
 .debug_str     0x00004bb1      0x957 ./Libraries/STM32F4xx_StdPeriph_Driver/src/stm32f4xx_rtc.o
                                0xae5 (size before relaxing)
 .debug_str     0x00005508      0x479 ./Libraries/STM32F4xx_StdPeriph_Driver/src/stm32f4xx_sdio.o
                                0x5dd (size before relaxing)
 .debug_str     0x00005981      0x38c ./Libraries/STM32F4xx_StdPeriph_Driver/src/stm32f4xx_spi.o
                                0x61c (size before relaxing)
 .debug_str     0x00005d0d      0x14d ./Libraries/STM32F4xx_StdPeriph_Driver/src/stm32f4xx_syscfg.o
                                0x291 (size before relaxing)
 .debug_str     0x00005e5a      0xb55 ./Libraries/STM32F4xx_StdPeriph_Driver/src/stm32f4xx_tim.o
                                0xd62 (size before relaxing)
 .debug_str     0x000069af      0x423 ./Libraries/STM32F4xx_StdPeriph_Driver/src/stm32f4xx_usart.o
                                0x621 (size before relaxing)
 .debug_str     0x00006dd2       0xd7 ./Libraries/STM32F4xx_StdPeriph_Driver/src/stm32f4xx_wwdg.o
                                0x214 (size before relaxing)

.comment        0x00000000       0x30
 .comment       0x00000000       0x30 ./src/main.o
                                 0x31 (size before relaxing)
 .comment       0x00000000       0x31 ./src/system_stm32f4xx.o
 .comment       0x00000000       0x31 ./Utilities/STM32F4-Discovery/fonts.o
 .comment       0x00000000       0x31 ./Utilities/STM32F4-Discovery/lcd_log.o
 .comment       0x00000000       0x31 ./Utilities/STM32F4-Discovery/stm32f4_discovery.o
 .comment       0x00000000       0x31 ./Utilities/STM32F4-Discovery/stm32f4_discovery_lcd.o
 .comment       0x00000000       0x31 ./Libraries/STM32F4xx_StdPeriph_Driver/src/misc.o
 .comment       0x00000000       0x31 ./Libraries/STM32F4xx_StdPeriph_Driver/src/stm32f4xx_adc.o
 .comment       0x00000000       0x31 ./Libraries/STM32F4xx_StdPeriph_Driver/src/stm32f4xx_can.o
 .comment       0x00000000       0x31 ./Libraries/STM32F4xx_StdPeriph_Driver/src/stm32f4xx_crc.o
 .comment       0x00000000       0x31 ./Libraries/STM32F4xx_StdPeriph_Driver/src/stm32f4xx_cryp.o
 .comment       0x00000000       0x31 ./Libraries/STM32F4xx_StdPeriph_Driver/src/stm32f4xx_cryp_aes.o
 .comment       0x00000000       0x31 ./Libraries/STM32F4xx_StdPeriph_Driver/src/stm32f4xx_cryp_des.o
 .comment       0x00000000       0x31 ./Libraries/STM32F4xx_StdPeriph_Driver/src/stm32f4xx_cryp_tdes.o
 .comment       0x00000000       0x31 ./Libraries/STM32F4xx_StdPeriph_Driver/src/stm32f4xx_dac.o
 .comment       0x00000000       0x31 ./Libraries/STM32F4xx_StdPeriph_Driver/src/stm32f4xx_dbgmcu.o
 .comment       0x00000000       0x31 ./Libraries/STM32F4xx_StdPeriph_Driver/src/stm32f4xx_dcmi.o
 .comment       0x00000000       0x31 ./Libraries/STM32F4xx_StdPeriph_Driver/src/stm32f4xx_dma.o
 .comment       0x00000000       0x31 ./Libraries/STM32F4xx_StdPeriph_Driver/src/stm32f4xx_exti.o
 .comment       0x00000000       0x31 ./Libraries/STM32F4xx_StdPeriph_Driver/src/stm32f4xx_flash.o
 .comment       0x00000000       0x31 ./Libraries/STM32F4xx_StdPeriph_Driver/src/stm32f4xx_fsmc.o
 .comment       0x00000000       0x31 ./Libraries/STM32F4xx_StdPeriph_Driver/src/stm32f4xx_gpio.o
 .comment       0x00000000       0x31 ./Libraries/STM32F4xx_StdPeriph_Driver/src/stm32f4xx_hash.o
 .comment       0x00000000       0x31 ./Libraries/STM32F4xx_StdPeriph_Driver/src/stm32f4xx_hash_md5.o
 .comment       0x00000000       0x31 ./Libraries/STM32F4xx_StdPeriph_Driver/src/stm32f4xx_hash_sha1.o
 .comment       0x00000000       0x31 ./Libraries/STM32F4xx_StdPeriph_Driver/src/stm32f4xx_i2c.o
 .comment       0x00000000       0x31 ./Libraries/STM32F4xx_StdPeriph_Driver/src/stm32f4xx_iwdg.o
 .comment       0x00000000       0x31 ./Libraries/STM32F4xx_StdPeriph_Driver/src/stm32f4xx_pwr.o
 .comment       0x00000000       0x31 ./Libraries/STM32F4xx_StdPeriph_Driver/src/stm32f4xx_rcc.o
 .comment       0x00000000       0x31 ./Libraries/STM32F4xx_StdPeriph_Driver/src/stm32f4xx_rng.o
 .comment       0x00000000       0x31 ./Libraries/STM32F4xx_StdPeriph_Driver/src/stm32f4xx_rtc.o
 .comment       0x00000000       0x31 ./Libraries/STM32F4xx_StdPeriph_Driver/src/stm32f4xx_sdio.o
 .comment       0x00000000       0x31 ./Libraries/STM32F4xx_StdPeriph_Driver/src/stm32f4xx_spi.o
 .comment       0x00000000       0x31 ./Libraries/STM32F4xx_StdPeriph_Driver/src/stm32f4xx_syscfg.o
 .comment       0x00000000       0x31 ./Libraries/STM32F4xx_StdPeriph_Driver/src/stm32f4xx_tim.o
 .comment       0x00000000       0x31 ./Libraries/STM32F4xx_StdPeriph_Driver/src/stm32f4xx_usart.o
 .comment       0x00000000       0x31 ./Libraries/STM32F4xx_StdPeriph_Driver/src/stm32f4xx_wwdg.o

.debug_frame    0x00000000     0x4bc4
 .debug_frame   0x00000000       0x30 ./src/main.o
 .debug_frame   0x00000030       0x64 ./src/system_stm32f4xx.o
 .debug_frame   0x00000094       0xf0 ./Utilities/STM32F4-Discovery/lcd_log.o
 .debug_frame   0x00000184       0xc4 ./Utilities/STM32F4-Discovery/stm32f4_discovery.o
 .debug_frame   0x00000248      0x524 ./Utilities/STM32F4-Discovery/stm32f4_discovery_lcd.o
 .debug_frame   0x0000076c       0x9c ./Libraries/STM32F4xx_StdPeriph_Driver/src/misc.o
 .debug_frame   0x00000808      0x438 ./Libraries/STM32F4xx_StdPeriph_Driver/src/stm32f4xx_adc.o
 .debug_frame   0x00000c40      0x2d4 ./Libraries/STM32F4xx_StdPeriph_Driver/src/stm32f4xx_can.o
 .debug_frame   0x00000f14       0xb8 ./Libraries/STM32F4xx_StdPeriph_Driver/src/stm32f4xx_crc.o
 .debug_frame   0x00000fcc      0x1ec ./Libraries/STM32F4xx_StdPeriph_Driver/src/stm32f4xx_cryp.o
 .debug_frame   0x000011b8       0x7c ./Libraries/STM32F4xx_StdPeriph_Driver/src/stm32f4xx_cryp_aes.o
 .debug_frame   0x00001234       0x58 ./Libraries/STM32F4xx_StdPeriph_Driver/src/stm32f4xx_cryp_des.o
 .debug_frame   0x0000128c       0x58 ./Libraries/STM32F4xx_StdPeriph_Driver/src/stm32f4xx_cryp_tdes.o
 .debug_frame   0x000012e4      0x1ec ./Libraries/STM32F4xx_StdPeriph_Driver/src/stm32f4xx_dac.o
 .debug_frame   0x000014d0       0x9c ./Libraries/STM32F4xx_StdPeriph_Driver/src/stm32f4xx_dbgmcu.o
 .debug_frame   0x0000156c      0x1b4 ./Libraries/STM32F4xx_StdPeriph_Driver/src/stm32f4xx_dcmi.o
 .debug_frame   0x00001720      0x224 ./Libraries/STM32F4xx_StdPeriph_Driver/src/stm32f4xx_dma.o
 .debug_frame   0x00001944       0xf0 ./Libraries/STM32F4xx_StdPeriph_Driver/src/stm32f4xx_exti.o
 .debug_frame   0x00001a34      0x384 ./Libraries/STM32F4xx_StdPeriph_Driver/src/stm32f4xx_flash.o
 .debug_frame   0x00001db8      0x228 ./Libraries/STM32F4xx_StdPeriph_Driver/src/stm32f4xx_fsmc.o
 .debug_frame   0x00001fe0      0x19c ./Libraries/STM32F4xx_StdPeriph_Driver/src/stm32f4xx_gpio.o
 .debug_frame   0x0000217c      0x1ec ./Libraries/STM32F4xx_StdPeriph_Driver/src/stm32f4xx_hash.o
 .debug_frame   0x00002368       0x58 ./Libraries/STM32F4xx_StdPeriph_Driver/src/stm32f4xx_hash_md5.o
 .debug_frame   0x000023c0       0x58 ./Libraries/STM32F4xx_StdPeriph_Driver/src/stm32f4xx_hash_sha1.o
 .debug_frame   0x00002418      0x3b4 ./Libraries/STM32F4xx_StdPeriph_Driver/src/stm32f4xx_i2c.o
 .debug_frame   0x000027cc       0xb8 ./Libraries/STM32F4xx_StdPeriph_Driver/src/stm32f4xx_iwdg.o
 .debug_frame   0x00002884      0x160 ./Libraries/STM32F4xx_StdPeriph_Driver/src/stm32f4xx_pwr.o
 .debug_frame   0x000029e4      0x4e4 ./Libraries/STM32F4xx_StdPeriph_Driver/src/stm32f4xx_rcc.o
 .debug_frame   0x00002ec8       0xf0 ./Libraries/STM32F4xx_StdPeriph_Driver/src/stm32f4xx_rng.o
 .debug_frame   0x00002fb8      0x68c ./Libraries/STM32F4xx_StdPeriph_Driver/src/stm32f4xx_rtc.o
 .debug_frame   0x00003644      0x358 ./Libraries/STM32F4xx_StdPeriph_Driver/src/stm32f4xx_sdio.o
 .debug_frame   0x0000399c      0x2d0 ./Libraries/STM32F4xx_StdPeriph_Driver/src/stm32f4xx_spi.o
 .debug_frame   0x00003c6c       0xbc ./Libraries/STM32F4xx_StdPeriph_Driver/src/stm32f4xx_syscfg.o
 .debug_frame   0x00003d28      0xa3c ./Libraries/STM32F4xx_StdPeriph_Driver/src/stm32f4xx_tim.o
 .debug_frame   0x00004764      0x344 ./Libraries/STM32F4xx_StdPeriph_Driver/src/stm32f4xx_usart.o
 .debug_frame   0x00004aa8       0xf0 ./Libraries/STM32F4xx_StdPeriph_Driver/src/stm32f4xx_wwdg.o
 .debug_frame   0x00004b98       0x2c c:/program files (x86)/codesourcery/sourcery_codebench_lite_for_arm_eabi/bin/../lib/gcc/arm-none-eabi/4.6.3/../../../../arm-none-eabi/lib/thumb2\libc.a(lib_a-init.o)
