   1              		.syntax unified
   2              		.cpu cortex-m4
   3              		.fpu softvfp
   4              		.eabi_attribute 20, 1
   5              		.eabi_attribute 21, 1
   6              		.eabi_attribute 23, 3
   7              		.eabi_attribute 24, 1
   8              		.eabi_attribute 25, 1
   9              		.eabi_attribute 26, 1
  10              		.eabi_attribute 30, 6
  11              		.eabi_attribute 34, 1
  12              		.eabi_attribute 18, 4
  13              		.thumb
  14              		.file	"main.c"
  15              		.text
  16              	.Ltext0:
  17              		.cfi_sections	.debug_frame
  18              		.section	.text.main,"ax",%progbits
  19              		.align	2
  20              		.global	main
  21              		.thumb
  22              		.thumb_func
  24              	main:
  25              	.LFB110:
  26              		.file 1 "../src/main.c"
   1:../src/main.c **** /**
   2:../src/main.c ****   ******************************************************************************
   3:../src/main.c ****   * @file    main.c 
   4:../src/main.c ****   * @author  MCD Application Team
   5:../src/main.c ****   * @version V1.0.0
   6:../src/main.c ****   * @date    19-September-2011
   7:../src/main.c ****   * @brief   Main program body
   8:../src/main.c ****   ******************************************************************************
   9:../src/main.c ****   * @attention
  10:../src/main.c ****   *
  11:../src/main.c ****   * THE PRESENT FIRMWARE WHICH IS FOR GUIDANCE ONLY AIMS AT PROVIDING CUSTOMERS
  12:../src/main.c ****   * WITH CODING INFORMATION REGARDING THEIR PRODUCTS IN ORDER FOR THEM TO SAVE
  13:../src/main.c ****   * TIME. AS A RESULT, STMICROELECTRONICS SHALL NOT BE HELD LIABLE FOR ANY
  14:../src/main.c ****   * DIRECT, INDIRECT OR CONSEQUENTIAL DAMAGES WITH RESPECT TO ANY CLAIMS ARISING
  15:../src/main.c ****   * FROM THE CONTENT OF SUCH FIRMWARE AND/OR THE USE MADE BY CUSTOMERS OF THE
  16:../src/main.c ****   * CODING INFORMATION CONTAINED HEREIN IN CONNECTION WITH THEIR PRODUCTS.
  17:../src/main.c ****   *
  18:../src/main.c ****   * <h2><center>&copy; COPYRIGHT 2011 STMicroelectronics</center></h2>
  19:../src/main.c ****   ******************************************************************************
  20:../src/main.c ****   */ 
  21:../src/main.c **** 
  22:../src/main.c **** /* Includes ------------------------------------------------------------------*/
  23:../src/main.c **** #include "main.h"
  24:../src/main.c **** 
  25:../src/main.c **** /** @addtogroup STM32F4-Discovery_Demo
  26:../src/main.c ****   * @{
  27:../src/main.c ****   */
  28:../src/main.c **** 
  29:../src/main.c **** /* Private typedef -----------------------------------------------------------*/
  30:../src/main.c **** /* Private define ------------------------------------------------------------*/
  31:../src/main.c **** 
  32:../src/main.c **** /* Private macro -------------------------------------------------------------*/
  33:../src/main.c **** /* Private variables ---------------------------------------------------------*/
  34:../src/main.c **** /* Private function prototypes -----------------------------------------------*/
  35:../src/main.c **** 
  36:../src/main.c **** /* Private functions ---------------------------------------------------------*/
  37:../src/main.c **** 
  38:../src/main.c **** /**
  39:../src/main.c ****   * @brief  Main program.
  40:../src/main.c ****   * @param
  41:../src/main.c ****   * @retval
  42:../src/main.c ****   */
  43:../src/main.c **** int main(void){
  27              		.loc 1 43 0
  28              		.cfi_startproc
  29              		@ args = 0, pretend = 0, frame = 0
  30              		@ frame_needed = 1, uses_anonymous_args = 0
  31 0000 80B5     		push	{r7, lr}
  32              	.LCFI0:
  33              		.cfi_def_cfa_offset 8
  34              		.cfi_offset 14, -4
  35              		.cfi_offset 7, -8
  36 0002 00AF     		add	r7, sp, #0
  37              	.LCFI1:
  38              		.cfi_def_cfa_register 7
  44:../src/main.c **** 	STM32f4_Discovery_LCD_Init();
  39              		.loc 1 44 0
  40 0004 FFF7FEFF 		bl	STM32f4_Discovery_LCD_Init
  45:../src/main.c **** 	LCD_RGB_Test();
  41              		.loc 1 45 0
  42 0008 FFF7FEFF 		bl	LCD_RGB_Test
  46:../src/main.c **** 	LCD_DrawCircle(50,50,10);
  43              		.loc 1 46 0
  44 000c 4FF03200 		mov	r0, #50
  45 0010 4FF03201 		mov	r1, #50
  46 0014 4FF00A02 		mov	r2, #10
  47 0018 FFF7FEFF 		bl	LCD_DrawCircle
  48              	.L2:
  47:../src/main.c **** 	while(1){
  48:../src/main.c **** 
  49:../src/main.c **** 	}
  49              		.loc 1 49 0 discriminator 1
  50 001c FEE7     		b	.L2
  51              		.cfi_endproc
  52              	.LFE110:
  54 001e 00BF     		.text
  55              	.Letext0:
  56              		.file 2 "c:\\program files (x86)\\codesourcery\\sourcery_codebench_lite_for_arm_eabi\\bin\\../lib/
  57              		.file 3 "C:\\Users\\Anthony.Paterson@opus.co\\Documents\\git\\blink\\blink\\Libraries\\CMSIS\\Incl
DEFINED SYMBOLS
                            *ABS*:00000000 main.c
C:\Users\ANTHON~1.CO\AppData\Local\Temp\ccRCZ4ZU.s:19     .text.main:00000000 $t
C:\Users\ANTHON~1.CO\AppData\Local\Temp\ccRCZ4ZU.s:24     .text.main:00000000 main
                     .debug_frame:00000010 $d

UNDEFINED SYMBOLS
STM32f4_Discovery_LCD_Init
LCD_RGB_Test
LCD_DrawCircle
