   1              		.syntax unified
   2              		.cpu cortex-m4
   3              		.fpu softvfp
   4              		.eabi_attribute 20, 1
   5              		.eabi_attribute 21, 1
   6              		.eabi_attribute 23, 3
   7              		.eabi_attribute 24, 1
   8              		.eabi_attribute 25, 1
   9              		.eabi_attribute 26, 1
  10              		.eabi_attribute 30, 6
  11              		.eabi_attribute 34, 1
  12              		.eabi_attribute 18, 4
  13              		.thumb
  14              		.file	"main.c"
  15              		.text
  16              	.Ltext0:
  17              		.cfi_sections	.debug_frame
  18              		.section	.rodata
  19              		.align	2
  20              	.LC0:
  21 0000 0A0D5553 		.ascii	"\012\015USART Printf Example: retarget the C librar"
  21      41525420 
  21      5072696E 
  21      74662045 
  21      78616D70 
  22 002d 79207072 		.ascii	"y printf function to the USART\012\015\000"
  22      696E7466 
  22      2066756E 
  22      6374696F 
  22      6E20746F 
  23 004e 0000     		.align	2
  24              	.LC1:
  25 0050 7072696E 		.ascii	"printf\000"
  25      746600
  26 0057 00       		.section	.text.main,"ax",%progbits
  27              		.align	2
  28              		.global	main
  29              		.thumb
  30              		.thumb_func
  32              	main:
  33              	.LFB110:
  34              		.file 1 "../src/main.c"
   1:../src/main.c **** /**
   2:../src/main.c ****   ******************************************************************************
   3:../src/main.c ****   * @file    main.c 
   4:../src/main.c ****   * @author  MCD Application Team
   5:../src/main.c ****   * @version V1.0.0
   6:../src/main.c ****   * @date    19-September-2011
   7:../src/main.c ****   * @brief   Main program body
   8:../src/main.c ****   ******************************************************************************
   9:../src/main.c ****   * @attention
  10:../src/main.c ****   *
  11:../src/main.c ****   * THE PRESENT FIRMWARE WHICH IS FOR GUIDANCE ONLY AIMS AT PROVIDING CUSTOMERS
  12:../src/main.c ****   * WITH CODING INFORMATION REGARDING THEIR PRODUCTS IN ORDER FOR THEM TO SAVE
  13:../src/main.c ****   * TIME. AS A RESULT, STMICROELECTRONICS SHALL NOT BE HELD LIABLE FOR ANY
  14:../src/main.c ****   * DIRECT, INDIRECT OR CONSEQUENTIAL DAMAGES WITH RESPECT TO ANY CLAIMS ARISING
  15:../src/main.c ****   * FROM THE CONTENT OF SUCH FIRMWARE AND/OR THE USE MADE BY CUSTOMERS OF THE
  16:../src/main.c ****   * CODING INFORMATION CONTAINED HEREIN IN CONNECTION WITH THEIR PRODUCTS.
  17:../src/main.c ****   *
  18:../src/main.c ****   * <h2><center>&copy; COPYRIGHT 2011 STMicroelectronics</center></h2>
  19:../src/main.c ****   ******************************************************************************
  20:../src/main.c ****   */ 
  21:../src/main.c **** 
  22:../src/main.c **** /* Includes ------------------------------------------------------------------*/
  23:../src/main.c **** #include "main.h"
  24:../src/main.c **** 
  25:../src/main.c **** /** @addtogroup STM32F4-Discovery_Demo
  26:../src/main.c ****   * @{
  27:../src/main.c ****   */
  28:../src/main.c **** 
  29:../src/main.c **** /* Private typedef -----------------------------------------------------------*/
  30:../src/main.c **** /* Private define ------------------------------------------------------------*/
  31:../src/main.c **** 
  32:../src/main.c **** /* Private macro -------------------------------------------------------------*/
  33:../src/main.c **** 
  34:../src/main.c **** /* Private variables ---------------------------------------------------------*/
  35:../src/main.c **** 
  36:../src/main.c **** /* Private function prototypes -----------------------------------------------*/
  37:../src/main.c **** 
  38:../src/main.c **** /* Private functions ---------------------------------------------------------*/
  39:../src/main.c **** 
  40:../src/main.c **** 
  41:../src/main.c **** 
  42:../src/main.c **** /**
  43:../src/main.c ****   * @brief  Main program.
  44:../src/main.c ****   * @param
  45:../src/main.c ****   * @retval
  46:../src/main.c ****   */
  47:../src/main.c **** int main(void){
  35              		.loc 1 47 0
  36              		.cfi_startproc
  37              		@ args = 0, pretend = 0, frame = 0
  38              		@ frame_needed = 1, uses_anonymous_args = 0
  39 0000 80B5     		push	{r7, lr}
  40              	.LCFI0:
  41              		.cfi_def_cfa_offset 8
  42              		.cfi_offset 14, -4
  43              		.cfi_offset 7, -8
  44 0002 00AF     		add	r7, sp, #0
  45              	.LCFI1:
  46              		.cfi_def_cfa_register 7
  48:../src/main.c **** 
  49:../src/main.c ****   /*!< At this stage the microcontroller clock setting is already configured,
  50:../src/main.c **** 	   this is done through SystemInit() function which is called from startup
  51:../src/main.c **** 	   file (startup_stm32f4xx.s) before to branch to application main.
  52:../src/main.c **** 	   To reconfigure the default setting of SystemInit() function, refer to
  53:../src/main.c **** 	   system_stm32f4xx.c file
  54:../src/main.c **** 	 */
  55:../src/main.c **** 
  56:../src/main.c **** 
  57:../src/main.c **** 	STM32f4_Discovery_LCD_Init();
  47              		.loc 1 57 0
  48 0004 FFF7FEFF 		bl	STM32f4_Discovery_LCD_Init
  58:../src/main.c **** 	LCD_RGB_Test();
  49              		.loc 1 58 0
  50 0008 FFF7FEFF 		bl	LCD_RGB_Test
  59:../src/main.c **** 
  60:../src/main.c **** 	STM32f4_Discovery_Debug_Init();
  51              		.loc 1 60 0
  52 000c FFF7FEFF 		bl	STM32f4_Discovery_Debug_Init
  61:../src/main.c **** 	/* Output a message on Hyperterminal using printf function */
  62:../src/main.c **** 	printf("\n\rUSART Printf Example: retarget the C library printf function to the USART\n\r");
  53              		.loc 1 62 0
  54 0010 40F20000 		movw	r0, #:lower16:.LC0
  55 0014 C0F20000 		movt	r0, #:upper16:.LC0
  56 0018 FFF7FEFF 		bl	printf
  57              	.L2:
  63:../src/main.c **** 
  64:../src/main.c **** 
  65:../src/main.c **** 
  66:../src/main.c **** 	while (1)
  67:../src/main.c **** 	{
  68:../src/main.c **** 	printf("printf");
  58              		.loc 1 68 0 discriminator 1
  59 001c 40F20000 		movw	r0, #:lower16:.LC1
  60 0020 C0F20000 		movt	r0, #:upper16:.LC1
  61 0024 FFF7FEFF 		bl	printf
  69:../src/main.c **** 	}
  62              		.loc 1 69 0 discriminator 1
  63 0028 F8E7     		b	.L2
  64              		.cfi_endproc
  65              	.LFE110:
  67 002a 00BF     		.text
  68              	.Letext0:
  69              		.file 2 "c:\\program files (x86)\\codesourcery\\sourcery_codebench_lite_for_arm_eabi\\bin\\../lib/
  70              		.file 3 "C:\\Users\\Anthony.Paterson@opus.co\\Documents\\git\\blink\\blink\\Libraries\\CMSIS\\Incl
DEFINED SYMBOLS
                            *ABS*:00000000 main.c
C:\Users\ANTHON~1.CO\AppData\Local\Temp\cccBtDnX.s:19     .rodata:00000000 $d
C:\Users\ANTHON~1.CO\AppData\Local\Temp\cccBtDnX.s:20     .rodata:00000000 .LC0
C:\Users\ANTHON~1.CO\AppData\Local\Temp\cccBtDnX.s:24     .rodata:00000050 .LC1
C:\Users\ANTHON~1.CO\AppData\Local\Temp\cccBtDnX.s:27     .text.main:00000000 $t
C:\Users\ANTHON~1.CO\AppData\Local\Temp\cccBtDnX.s:32     .text.main:00000000 main
                     .debug_frame:00000010 $d

UNDEFINED SYMBOLS
STM32f4_Discovery_LCD_Init
LCD_RGB_Test
STM32f4_Discovery_Debug_Init
printf
